Component: ARM Compiler 5.06 update 6 (build 750) Tool: armlink [4d35ed]

==============================================================================

Section Cross References

    main.o(i.HC05_Role_Show) refers to hc05.o(i.HC05_Get_Role) for HC05_Get_Role
    main.o(i.HC05_Role_Show) refers to tftlcd.o(i.LCD_ShowString) for LCD_ShowString
    main.o(i.HC05_Sta_Show) refers to tftlcd.o(i.LCD_ShowString) for LCD_ShowString
    main.o(i.Show_BT_Info) refers to tftlcd.o(i.LCD_Clear) for LCD_Clear
    main.o(i.Show_BT_Info) refers to tftlcd.o(i.LCD_ShowString) for LCD_ShowString
    main.o(i.Show_BT_Info) refers to main.o(i.HC05_Role_Show) for HC05_Role_Show
    main.o(i.Show_BT_Info) refers to main.o(i.HC05_Sta_Show) for HC05_Sta_Show
    main.o(i.Show_BT_Info) refers to tftlcd.o(.data) for FRONT_COLOR
    main.o(i.Show_Sensor_Info) refers to tftlcd.o(i.LCD_Fill) for LCD_Fill
    main.o(i.Show_Sensor_Info) refers to tftlcd.o(i.LCD_ShowString) for LCD_ShowString
    main.o(i.Show_Sensor_Info) refers to printf8.o(i.__0sprintf$8) for __2sprintf
    main.o(i.Show_Sensor_Info) refers to rtc.o(.bss) for calendar
    main.o(i.Show_Sensor_Info) refers to beep.o(.data) for beep_status
    main.o(i.main) refers to systick.o(i.SysTick_Init) for SysTick_Init
    main.o(i.main) refers to misc.o(i.NVIC_PriorityGroupConfig) for NVIC_PriorityGroupConfig
    main.o(i.main) refers to usart.o(i.USART1_Init) for USART1_Init
    main.o(i.main) refers to usart3.o(i.USART3_Init) for USART3_Init
    main.o(i.main) refers to tftlcd.o(i.TFTLCD_Init) for TFTLCD_Init
    main.o(i.main) refers to tftlcd.o(i.LCD_Clear) for LCD_Clear
    main.o(i.main) refers to dht11.o(i.DHT11_Init) for DHT11_Init
    main.o(i.main) refers to lsens.o(i.Lsens_Init) for Lsens_Init
    main.o(i.main) refers to rtc.o(i.RTC_Init) for RTC_Init
    main.o(i.main) refers to rtc.o(i.RTC_Get) for RTC_Get
    main.o(i.main) refers to key.o(i.KEY_Init) for KEY_Init
    main.o(i.main) refers to led.o(i.LED_Init) for LED_Init
    main.o(i.main) refers to beep.o(i.BEEP_Init) for BEEP_Init
    main.o(i.main) refers to tftlcd.o(i.LCD_ShowString) for LCD_ShowString
    main.o(i.main) refers to systick.o(i.delay_ms) for delay_ms
    main.o(i.main) refers to printf8.o(i.__0printf$8) for __2printf
    main.o(i.main) refers to hc05.o(i.HC05_Init) for HC05_Init
    main.o(i.main) refers to dht11.o(i.DHT11_Read_Data) for DHT11_Read_Data
    main.o(i.main) refers to lsens.o(i.Lsens_Get_Val) for Lsens_Get_Val
    main.o(i.main) refers to main.o(i.Show_Sensor_Info) for Show_Sensor_Info
    main.o(i.main) refers to key.o(i.KEY_Scan) for KEY_Scan
    main.o(i.main) refers to main.o(i.Show_BT_Info) for Show_BT_Info
    main.o(i.main) refers to beep.o(i.BEEP_Toggle) for BEEP_Toggle
    main.o(i.main) refers to beep.o(i.BEEP_Volume_Increase) for BEEP_Volume_Increase
    main.o(i.main) refers to hc05.o(i.HC05_Get_Role) for HC05_Get_Role
    main.o(i.main) refers to hc05.o(i.HC05_Set_Cmd) for HC05_Set_Cmd
    main.o(i.main) refers to main.o(i.HC05_Role_Show) for HC05_Role_Show
    main.o(i.main) refers to tftlcd.o(i.LCD_Fill) for LCD_Fill
    main.o(i.main) refers to printf8.o(i.__0sprintf$8) for __2sprintf
    main.o(i.main) refers to usart3.o(i.u3_printf) for u3_printf
    main.o(i.main) refers to main.o(i.HC05_Sta_Show) for HC05_Sta_Show
    main.o(i.main) refers to strcmp.o(.text) for strcmp
    main.o(i.main) refers to beep.o(i.BEEP_On) for BEEP_On
    main.o(i.main) refers to beep.o(i.BEEP_Off) for BEEP_Off
    main.o(i.main) refers to tftlcd.o(.data) for FRONT_COLOR
    main.o(i.main) refers to main.o(.data) for current_mode
    main.o(i.main) refers to main.o(.bss) for sendbuf
    main.o(i.main) refers to usart3.o(.data) for USART3_RX_STA
    main.o(i.main) refers to usart3.o(.bss) for USART3_RX_BUF
    startup_stm32f10x_hd.o(RESET) refers to startup_stm32f10x_hd.o(STACK) for __initial_sp
    startup_stm32f10x_hd.o(RESET) refers to startup_stm32f10x_hd.o(.text) for Reset_Handler
    startup_stm32f10x_hd.o(RESET) refers to stm32f10x_it.o(i.NMI_Handler) for NMI_Handler
    startup_stm32f10x_hd.o(RESET) refers to stm32f10x_it.o(i.HardFault_Handler) for HardFault_Handler
    startup_stm32f10x_hd.o(RESET) refers to stm32f10x_it.o(i.MemManage_Handler) for MemManage_Handler
    startup_stm32f10x_hd.o(RESET) refers to stm32f10x_it.o(i.BusFault_Handler) for BusFault_Handler
    startup_stm32f10x_hd.o(RESET) refers to stm32f10x_it.o(i.UsageFault_Handler) for UsageFault_Handler
    startup_stm32f10x_hd.o(RESET) refers to stm32f10x_it.o(i.SVC_Handler) for SVC_Handler
    startup_stm32f10x_hd.o(RESET) refers to stm32f10x_it.o(i.DebugMon_Handler) for DebugMon_Handler
    startup_stm32f10x_hd.o(RESET) refers to stm32f10x_it.o(i.PendSV_Handler) for PendSV_Handler
    startup_stm32f10x_hd.o(RESET) refers to stm32f10x_it.o(i.SysTick_Handler) for SysTick_Handler
    startup_stm32f10x_hd.o(RESET) refers to rtc.o(i.RTC_IRQHandler) for RTC_IRQHandler
[...]
    Removing hwjs.o(i.Hwjs_Init), (112 bytes).
    Removing pwm.o(i.Motor_Off), (10 bytes).
    Removing pwm.o(i.Motor_On), (28 bytes).
    Removing pwm.o(i.Motor_PWM_Init), (172 bytes).
    Removing pwm.o(i.Motor_SetSpeed), (44 bytes).
    Removing pwm.o(i.TIM3_CH2_PWM_Init), (160 bytes).
    Removing pwm.o(.data), (4 bytes).
    Removing rtc.o(i.RTC_Alarm_Set), (200 bytes).
    Removing ws2812.o(i.RGB_DrawDotColor), (184 bytes).
    Removing ws2812.o(i.RGB_DrawLine_Color), (174 bytes).
    Removing ws2812.o(i.RGB_DrawRectangle), (74 bytes).
    Removing ws2812.o(i.RGB_Draw_Circle), (186 bytes).
    Removing ws2812.o(i.RGB_LED_Blue), (26 bytes).
    Removing ws2812.o(i.RGB_LED_Clear), (36 bytes).
    Removing ws2812.o(i.RGB_LED_Green), (26 bytes).
    Removing ws2812.o(i.RGB_LED_Init), (56 bytes).
    Removing ws2812.o(i.RGB_LED_Red), (26 bytes).
    Removing ws2812.o(i.RGB_LED_Reset), (24 bytes).
    Removing ws2812.o(i.RGB_LED_Write0), (112 bytes).
    Removing ws2812.o(i.RGB_LED_Write1), (112 bytes).
    Removing ws2812.o(i.RGB_LED_Write_24Bits), (28 bytes).
    Removing ws2812.o(i.RGB_LED_Write_Byte), (38 bytes).
    Removing ws2812.o(i.RGB_ShowCharNum), (136 bytes).
    Removing ws2812.o(i.delay), (12 bytes).
    Removing ws2812.o(.bss), (75 bytes).
    Removing ws2812.o(.constdata), (80 bytes).
    Removing hc05.o(i.HC05_CFG_CMD), (124 bytes).
    Removing time.o(i.TIM4_Init), (104 bytes).
    Removing dfltui.o(.text), (26 bytes).
    Removing dfixui.o(.text), (50 bytes).

475 unused section(s) (total 29787 bytes) removed from the image.

==============================================================================

Image Symbol Table

    Local Symbols

    Symbol Name                              Value     Ov Type        Size  Object(Section)

    ../clib/microlib/division.c              0x00000000   Number         0  uidiv.o ABSOLUTE
    ../clib/microlib/division.c              0x00000000   Number         0  uldiv.o ABSOLUTE
    ../clib/microlib/init/entry.s            0x00000000   Number         0  entry7a.o ABSOLUTE
    ../clib/microlib/init/entry.s            0x00000000   Number         0  entry7b.o ABSOLUTE
    ../clib/microlib/init/entry.s            0x00000000   Number         0  entry9b.o ABSOLUTE
    ../clib/microlib/init/entry.s            0x00000000   Number         0  entry10a.o ABSOLUTE
    ../clib/microlib/init/entry.s            0x00000000   Number         0  entry5.o ABSOLUTE
    ../clib/microlib/init/entry.s            0x00000000   Number         0  entry2.o ABSOLUTE
    ../clib/microlib/init/entry.s            0x00000000   Number         0  entry11b.o ABSOLUTE
    ../clib/microlib/init/entry.s            0x00000000   Number         0  entry10b.o ABSOLUTE
    ../clib/microlib/init/entry.s            0x00000000   Number         0  entry.o ABSOLUTE
    ../clib/microlib/init/entry.s            0x00000000   Number         0  entry11a.o ABSOLUTE
    ../clib/microlib/init/entry.s            0x00000000   Number         0  entry9a.o ABSOLUTE
    ../clib/microlib/init/entry.s            0x00000000   Number         0  entry8b.o ABSOLUTE
    ../clib/microlib/init/entry.s            0x00000000   Number         0  entry8a.o ABSOLUTE
    ../clib/microlib/longlong.c              0x00000000   Number         0  llsshr.o ABSOLUTE
    ../clib/microlib/longlong.c              0x00000000   Number         0  llshl.o ABSOLUTE
    ../clib/microlib/longlong.c              0x00000000   Number         0  llushr.o ABSOLUTE
    ../clib/microlib/printf/printf.c         0x00000000   Number         0  printf4.o ABSOLUTE
    ../clib/microlib/printf/printf.c         0x00000000   Number         0  printfa.o ABSOLUTE
    ../clib/microlib/printf/printf.c         0x00000000   Number         0  printf8.o ABSOLUTE
    ../clib/microlib/printf/printf.c         0x00000000   Number         0  printfb.o ABSOLUTE
    ../clib/microlib/printf/printf.c         0x00000000   Number         0  printf2.o ABSOLUTE
    ../clib/microlib/printf/printf.c         0x00000000   Number         0  printf0.o ABSOLUTE
    ../clib/microlib/printf/printf.c         0x00000000   Number         0  printf1.o ABSOLUTE
    ../clib/microlib/printf/printf.c         0x00000000   Number         0  printf7.o ABSOLUTE
    ../clib/microlib/printf/printf.c         0x00000000   Number         0  printf3.o ABSOLUTE
    ../clib/microlib/printf/printf.c         0x00000000   Number         0  printf5.o ABSOLUTE
    ../clib/microlib/printf/printf.c         0x00000000   Number         0  printf6.o ABSOLUTE
    ../clib/microlib/printf/stubs.s          0x00000000   Number         0  stubs.o ABSOLUTE
    ../clib/microlib/stdio/streams.c         0x00000000   Number         0  stdout.o ABSOLUTE
    ../clib/microlib/string/strcmp.c         0x00000000   Number         0  strcmp.o ABSOLUTE
    ../clib/microlib/string/strlen.c         0x00000000   Number         0  strlen.o ABSOLUTE
    ../clib/microlib/stubs.s                 0x00000000   Number         0  iusefp.o ABSOLUTE
    ../fplib/microlib/fpadd.c                0x00000000   Number         0  dadd.o ABSOLUTE
    ../fplib/microlib/fpdiv.c                0x00000000   Number         0  ddiv.o ABSOLUTE
    ../fplib/microlib/fpepilogue.c           0x00000000   Number         0  depilogue.o ABSOLUTE
    ../fplib/microlib/fpfix.c                0x00000000   Number         0  dfixul.o ABSOLUTE
    ../fplib/microlib/fpfix.c                0x00000000   Number         0  dfixui.o ABSOLUTE
    ../fplib/microlib/fpflt.c                0x00000000   Number         0  dfltui.o ABSOLUTE
    ../fplib/microlib/fpmul.c                0x00000000   Number         0  dmul.o ABSOLUTE
    APP\beep\beep.c                          0x00000000   Number         0  beep.o ABSOLUTE
    APP\dht11\dht11.c                        0x00000000   Number         0  dht11.o ABSOLUTE
    APP\hc05\hc05.c                          0x00000000   Number         0  hc05.o ABSOLUTE
    APP\hwjs\hwjs.c                          0x00000000   Number         0  hwjs.o ABSOLUTE
    APP\key\key.c                            0x00000000   Number         0  key.o ABSOLUTE
    APP\led\led.c                            0x00000000   Number         0  led.o ABSOLUTE
    APP\lsens\lsens.c                        0x00000000   Number         0  lsens.o ABSOLUTE
    APP\oled\oled.c                          0x00000000   Number         0  oled.o ABSOLUTE
    APP\pwm\pwm.c                            0x00000000   Number         0  pwm.o ABSOLUTE
    APP\rtc\rtc.c                            0x00000000   Number         0  rtc.o ABSOLUTE
    APP\tftlcd\tftlcd.c                      0x00000000   Number         0  tftlcd.o ABSOLUTE
    APP\time\time.c                          0x00000000   Number         0  time.o ABSOLUTE
    APP\usart3\usart3.c                      0x00000000   Number         0  usart3.o ABSOLUTE
    APP\ws2812\ws2812.c                      0x00000000   Number         0  ws2812.o ABSOLUTE
    Libraries\CMSIS\core_cm3.c               0x00000000   Number         0  core_cm3.o ABSOLUTE
    Libraries\CMSIS\startup_stm32f10x_hd.s   0x00000000   Number         0  startup_stm32f10x_hd.o ABSOLUTE
    Libraries\CMSIS\system_stm32f10x.c       0x00000000   Number         0  system_stm32f10x.o ABSOLUTE
    Libraries\STM32F10x_StdPeriph_Driver\src\misc.c 0x00000000   Number         0  misc.o ABSOLUTE
    Libraries\STM32F10x_StdPeriph_Driver\src\stm32f10x_adc.c 0x00000000   Number         0  stm32f10x_adc.o ABSOLUTE
    Libraries\STM32F10x_StdPeriph_Driver\src\stm32f10x_bkp.c 0x00000000   Number         0  stm32f10x_bkp.o ABSOLUTE
    Libraries\STM32F10x_StdPeriph_Driver\src\stm32f10x_can.c 0x00000000   Number         0  stm32f10x_can.o ABSOLUTE
    Libraries\STM32F10x_StdPeriph_Driver\src\stm32f10x_cec.c 0x00000000   Number         0  stm32f10x_cec.o ABSOLUTE
    Libraries\STM32F10x_StdPeriph_Driver\src\stm32f10x_crc.c 0x00000000   Number         0  stm32f10x_crc.o ABSOLUTE
    Libraries\STM32F10x_StdPeriph_Driver\src\stm32f10x_dac.c 0x00000000   Number         0  stm32f10x_dac.o ABSOLUTE
    Libraries\STM32F10x_StdPeriph_Driver\src\stm32f10x_dbgmcu.c 0x00000000   Number         0  stm32f10x_dbgmcu.o ABSOLUTE
    Libraries\STM32F10x_StdPeriph_Driver\src\stm32f10x_dma.c 0x00000000   Number         0  stm32f10x_dma.o ABSOLUTE
    Libraries\STM32F10x_StdPeriph_Driver\src\stm32f10x_exti.c 0x00000000   Number         0  stm32f10x_exti.o ABSOLUTE
    Libraries\STM32F10x_StdPeriph_Driver\src\stm32f10x_flash.c 0x00000000   Number         0  stm32f10x_flash.o ABSOLUTE
    Libraries\STM32F10x_StdPeriph_Driver\src\stm32f10x_fsmc.c 0x00000000   Number         0  stm32f10x_fsmc.o ABSOLUTE
    Libraries\STM32F10x_StdPeriph_Driver\src\stm32f10x_gpio.c 0x00000000   Number         0  stm32f10x_gpio.o ABSOLUTE
    Libraries\STM32F10x_StdPeriph_Driver\src\stm32f10x_i2c.c 0x00000000   Number         0  stm32f10x_i2c.o ABSOLUTE
    Libraries\STM32F10x_StdPeriph_Driver\src\stm32f10x_iwdg.c 0x00000000   Number         0  stm32f10x_iwdg.o ABSOLUTE
    Libraries\STM32F10x_StdPeriph_Driver\src\stm32f10x_pwr.c 0x00000000   Number         0  stm32f10x_pwr.o ABSOLUTE
    Libraries\STM32F10x_StdPeriph_Driver\src\stm32f10x_rcc.c 0x00000000   Number         0  stm32f10x_rcc.o ABSOLUTE
    Libraries\STM32F10x_StdPeriph_Driver\src\stm32f10x_rtc.c 0x00000000   Number         0  stm32f10x_rtc.o ABSOLUTE
    Libraries\STM32F10x_StdPeriph_Driver\src\stm32f10x_sdio.c 0x00000000   Number         0  stm32f10x_sdio.o ABSOLUTE
    Libraries\STM32F10x_StdPeriph_Driver\src\stm32f10x_spi.c 0x00000000   Number         0  stm32f10x_spi.o ABSOLUTE
    Libraries\STM32F10x_StdPeriph_Driver\src\stm32f10x_tim.c 0x00000000   Number         0  stm32f10x_tim.o ABSOLUTE
    Libraries\STM32F10x_StdPeriph_Driver\src\stm32f10x_usart.c 0x00000000   Number         0  stm32f10x_usart.o ABSOLUTE
    Libraries\STM32F10x_StdPeriph_Driver\src\stm32f10x_wwdg.c 0x00000000   Number         0  stm32f10x_wwdg.o ABSOLUTE
    Libraries\\CMSIS\\core_cm3.c             0x00000000   Number         0  core_cm3.o ABSOLUTE
    Public\SysTick.c                         0x00000000   Number         0  systick.o ABSOLUTE
    Public\system.c                          0x00000000   Number         0  system.o ABSOLUTE
    Public\usart.c                           0x00000000   Number         0  usart.o ABSOLUTE
    User\main.c                              0x00000000   Number         0  main.o ABSOLUTE
    User\stm32f10x_it.c                      0x00000000   Number         0  stm32f10x_it.o ABSOLUTE
    cdrcmple.s                               0x00000000   Number         0  cdrcmple.o ABSOLUTE
    dc.s                                     0x00000000   Number         0  dc.o ABSOLUTE
    handlers.s                               0x00000000   Number         0  handlers.o ABSOLUTE
    init.s                                   0x00000000   Number         0  init.o ABSOLUTE
    RESET                                    0x08000000   Section      304  startup_stm32f10x_hd.o(RESET)
    .ARM.Collect$$$$00000000                 0x08000130   Section        0  entry.o(.ARM.Collect$$$$00000000)
    .ARM.Collect$$$$00000001                 0x08000130   Section        4  entry2.o(.ARM.Collect$$$$00000001)
    .ARM.Collect$$$$00000004                 0x08000134   Section        4  entry5.o(.ARM.Collect$$$$00000004)
    .ARM.Collect$$$$00000008                 0x08000138   Section        0  entry7b.o(.ARM.Collect$$$$00000008)
    .ARM.Collect$$$$0000000A                 0x08000138   Section        0  entry8b.o(.ARM.Collect$$$$0000000A)
    .ARM.Collect$$$$0000000B                 0x08000138   Section        8  entry9a.o(.ARM.Collect$$$$0000000B)
    .ARM.Collect$$$$0000000D                 0x08000140   Section        0  entry10a.o(.ARM.Collect$$$$0000000D)
    .ARM.Collect$$$$0000000F                 0x08000140   Section        0  entry11a.o(.ARM.Collect$$$$0000000F)
    .ARM.Collect$$$$00002712                 0x08000140   Section        4  entry2.o(.ARM.Collect$$$$00002712)
    __lit__00000000                          0x08000140   Data           4  entry2.o(.ARM.Collect$$$$00002712)
    .text                                    0x08000144   Section       36  startup_stm32f10x_hd.o(.text)
    .text                                    0x08000168   Section        0  strlen.o(.text)
    .text                                    0x08000176   Section        0  strcmp.o(.text)
    .text                                    0x08000192   Section        0  dmul.o(.text)
    .text                                    0x08000276   Section        0  uidiv.o(.text)
    .text                                    0x080002a2   Section        0  uldiv.o(.text)
    .text                                    0x08000304   Section        0  llushr.o(.text)
    .text                                    0x08000324   Section        0  iusefp.o(.text)
    .text                                    0x08000324   Section        0  depilogue.o(.text)
    .text                                    0x080003de   Section        0  dadd.o(.text)
    .text                                    0x0800052c   Section        0  ddiv.o(.text)
    .text                                    0x0800060a   Section        0  dfixul.o(.text)
    .text                                    0x0800063c   Section       48  cdrcmple.o(.text)
    .text                                    0x0800066c   Section       36  init.o(.text)
    .text                                    0x08000690   Section        0  llshl.o(.text)
    .text                                    0x080006ae   Section        0  llsshr.o(.text)
    i.ADC_Cmd                                0x080006d2   Section        0  stm32f10x_adc.o(i.ADC_Cmd)
    i.ADC_DeInit                             0x080006e8   Section        0  stm32f10x_adc.o(i.ADC_DeInit)
    i.ADC_GetCalibrationStatus               0x08000744   Section        0  stm32f10x_adc.o(i.ADC_GetCalibrationStatus)
    i.ADC_GetConversionValue                 0x08000758   Section        0  stm32f10x_adc.o(i.ADC_GetConversionValue)
    i.ADC_GetFlagStatus                      0x08000760   Section        0  stm32f10x_adc.o(i.ADC_GetFlagStatus)
    i.ADC_GetResetCalibrationStatus          0x08000772   Section        0  stm32f10x_adc.o(i.ADC_GetResetCalibrationStatus)
    i.ADC_Init                               0x08000788   Section        0  stm32f10x_adc.o(i.ADC_Init)
    i.ADC_RegularChannelConfig               0x080007d8   Section        0  stm32f10x_adc.o(i.ADC_RegularChannelConfig)
    i.ADC_ResetCalibration                   0x08000890   Section        0  stm32f10x_adc.o(i.ADC_ResetCalibration)
    i.ADC_SoftwareStartConvCmd               0x0800089a   Section        0  stm32f10x_adc.o(i.ADC_SoftwareStartConvCmd)
    i.ADC_StartCalibration                   0x080008b0   Section        0  stm32f10x_adc.o(i.ADC_StartCalibration)
    i.BEEP_Init                              0x080008bc   Section        0  beep.o(i.BEEP_Init)
    i.BEEP_Off                               0x08000960   Section        0  beep.o(i.BEEP_Off)
    i.BEEP_On                                0x0800097c   Section        0  beep.o(i.BEEP_On)
    i.BEEP_Toggle                            0x080009a4   Section        0  beep.o(i.BEEP_Toggle)
    i.BEEP_Volume_Increase                   0x080009bc   Section        0  beep.o(i.BEEP_Volume_Increase)
    i.BKP_DeInit                             0x080009fc   Section        0  stm32f10x_bkp.o(i.BKP_DeInit)
    i.BKP_ReadBackupRegister                 0x08000a0c   Section        0  stm32f10x_bkp.o(i.BKP_ReadBackupRegister)
    i.BKP_WriteBackupRegister                0x08000a28   Section        0  stm32f10x_bkp.o(i.BKP_WriteBackupRegister)
    i.BusFault_Handler                       0x08000a44   Section        0  stm32f10x_it.o(i.BusFault_Handler)
    i.DHT11_Check                            0x08000a48   Section        0  dht11.o(i.DHT11_Check)
    i.DHT11_IO_IN                            0x08000a98   Section        0  dht11.o(i.DHT11_IO_IN)
    i.DHT11_IO_OUT                           0x08000ab8   Section        0  dht11.o(i.DHT11_IO_OUT)
    i.DHT11_Init                             0x08000adc   Section        0  dht11.o(i.DHT11_Init)
    i.DHT11_Read_Bit                         0x08000b1c   Section        0  dht11.o(i.DHT11_Read_Bit)
    i.DHT11_Read_Byte                        0x08000b68   Section        0  dht11.o(i.DHT11_Read_Byte)
    i.DHT11_Read_Data                        0x08000b86   Section        0  dht11.o(i.DHT11_Read_Data)
    i.DHT11_Rst                              0x08000be0   Section        0  dht11.o(i.DHT11_Rst)
    i.DebugMon_Handler                       0x08000c0c   Section        0  stm32f10x_it.o(i.DebugMon_Handler)
    i.EXTI9_5_IRQHandler                     0x08000c10   Section        0  hwjs.o(i.EXTI9_5_IRQHandler)
    i.EXTI_ClearITPendingBit                 0x08000c9c   Section        0  stm32f10x_exti.o(i.EXTI_ClearITPendingBit)
    i.FSMC_NORSRAMCmd                        0x08000ca8   Section        0  stm32f10x_fsmc.o(i.FSMC_NORSRAMCmd)
    i.FSMC_NORSRAMInit                       0x08000cdc   Section        0  stm32f10x_fsmc.o(i.FSMC_NORSRAMInit)
    i.GPIO_Init                              0x08000dc2   Section        0  stm32f10x_gpio.o(i.GPIO_Init)
    i.GPIO_PinRemapConfig                    0x08000ed8   Section        0  stm32f10x_gpio.o(i.GPIO_PinRemapConfig)
    i.GPIO_ReadInputDataBit                  0x08000f68   Section        0  stm32f10x_gpio.o(i.GPIO_ReadInputDataBit)
    i.GPIO_SetBits                           0x08000f7a   Section        0  stm32f10x_gpio.o(i.GPIO_SetBits)
    i.Get_ADC3                               0x08000f80   Section        0  lsens.o(i.Get_ADC3)
    i.HC05_Get_Role                          0x08000fb4   Section        0  hc05.o(i.HC05_Get_Role)
    i.HC05_Init                              0x0800104c   Section        0  hc05.o(i.HC05_Init)
    i.HC05_Role_Show                         0x08001150   Section        0  main.o(i.HC05_Role_Show)
    i.HC05_Set_Cmd                           0x080011a0   Section        0  hc05.o(i.HC05_Set_Cmd)
    i.HC05_Sta_Show                          0x0800123c   Section        0  main.o(i.HC05_Sta_Show)
    i.HW_jssj                                0x08001294   Section        0  hwjs.o(i.HW_jssj)
    i.HardFault_Handler                      0x080012c4   Section        0  stm32f10x_it.o(i.HardFault_Handler)
    i.Is_Leap_Year                           0x080012c8   Section        0  rtc.o(i.Is_Leap_Year)
    i.KEY_Init                               0x08001304   Section        0  key.o(i.KEY_Init)
    i.KEY_Scan                               0x08001340   Section        0  key.o(i.KEY_Scan)
    i.LCD_Clear                              0x080013e0   Section        0  tftlcd.o(i.LCD_Clear)
    i.LCD_Display_Dir                        0x08001428   Section        0  tftlcd.o(i.LCD_Display_Dir)
    i.LCD_DrawFRONT_COLOR                    0x08001470   Section        0  tftlcd.o(i.LCD_DrawFRONT_COLOR)
    i.LCD_Fill                               0x0800148c   Section        0  tftlcd.o(i.LCD_Fill)
    i.LCD_ReadData                           0x080014e8   Section        0  tftlcd.o(i.LCD_ReadData)
    i.LCD_Set_Window                         0x080014f4   Section        0  tftlcd.o(i.LCD_Set_Window)
    i.LCD_ShowChar                           0x08001540   Section        0  tftlcd.o(i.LCD_ShowChar)
    i.LCD_ShowString                         0x08001668   Section        0  tftlcd.o(i.LCD_ShowString)
    i.LCD_WriteCmd                           0x080016d0   Section        0  tftlcd.o(i.LCD_WriteCmd)
    i.LCD_WriteData                          0x080016dc   Section        0  tftlcd.o(i.LCD_WriteData)
    i.LCD_WriteData_Color                    0x080016e8   Section        0  tftlcd.o(i.LCD_WriteData_Color)
    i.LED_Init                               0x080016f8   Section        0  led.o(i.LED_Init)
    i.Lsens_Get_Val                          0x08001744   Section        0  lsens.o(i.Lsens_Get_Val)
    i.Lsens_Init                             0x08001780   Section        0  lsens.o(i.Lsens_Init)
    i.MemManage_Handler                      0x08001820   Section        0  stm32f10x_it.o(i.MemManage_Handler)
    i.NMI_Handler                            0x08001824   Section        0  stm32f10x_it.o(i.NMI_Handler)
    i.NVIC_Init                              0x08001828   Section        0  misc.o(i.NVIC_Init)
    i.NVIC_PriorityGroupConfig               0x08001898   Section        0  misc.o(i.NVIC_PriorityGroupConfig)
    i.PWR_BackupAccessCmd                    0x080018ac   Section        0  stm32f10x_pwr.o(i.PWR_BackupAccessCmd)
    i.PendSV_Handler                         0x080018b8   Section        0  stm32f10x_it.o(i.PendSV_Handler)
    i.RCC_AHBPeriphClockCmd                  0x080018bc   Section        0  stm32f10x_rcc.o(i.RCC_AHBPeriphClockCmd)
    i.RCC_APB1PeriphClockCmd                 0x080018dc   Section        0  stm32f10x_rcc.o(i.RCC_APB1PeriphClockCmd)
    i.RCC_APB1PeriphResetCmd                 0x080018fc   Section        0  stm32f10x_rcc.o(i.RCC_APB1PeriphResetCmd)
    i.RCC_APB2PeriphClockCmd                 0x0800191c   Section        0  stm32f10x_rcc.o(i.RCC_APB2PeriphClockCmd)
    i.RCC_APB2PeriphResetCmd                 0x0800193c   Section        0  stm32f10x_rcc.o(i.RCC_APB2PeriphResetCmd)
    i.RCC_BackupResetCmd                     0x0800195c   Section        0  stm32f10x_rcc.o(i.RCC_BackupResetCmd)
    i.RCC_GetClocksFreq                      0x08001968   Section        0  stm32f10x_rcc.o(i.RCC_GetClocksFreq)
    i.RCC_GetFlagStatus                      0x08001a3c   Section        0  stm32f10x_rcc.o(i.RCC_GetFlagStatus)
    i.RCC_LSEConfig                          0x08001a78   Section        0  stm32f10x_rcc.o(i.RCC_LSEConfig)
    i.RCC_RTCCLKCmd                          0x08001aac   Section        0  stm32f10x_rcc.o(i.RCC_RTCCLKCmd)
    i.RCC_RTCCLKConfig                       0x08001ab8   Section        0  stm32f10x_rcc.o(i.RCC_RTCCLKConfig)
    i.RTC_ClearITPendingBit                  0x08001ac8   Section        0  stm32f10x_rtc.o(i.RTC_ClearITPendingBit)
    i.RTC_EnterConfigMode                    0x08001ad8   Section        0  stm32f10x_rtc.o(i.RTC_EnterConfigMode)
    i.RTC_ExitConfigMode                     0x08001aec   Section        0  stm32f10x_rtc.o(i.RTC_ExitConfigMode)
    i.RTC_Get                                0x08001b00   Section        0  rtc.o(i.RTC_Get)
    i.RTC_GetCounter                         0x08001c00   Section        0  stm32f10x_rtc.o(i.RTC_GetCounter)
    i.RTC_GetITStatus                        0x08001c14   Section        0  stm32f10x_rtc.o(i.RTC_GetITStatus)
    i.RTC_Get_Week                           0x08001c38   Section        0  rtc.o(i.RTC_Get_Week)
    i.RTC_IRQHandler                         0x08001cb0   Section        0  rtc.o(i.RTC_IRQHandler)
    i.RTC_ITConfig                           0x08001ce8   Section        0  stm32f10x_rtc.o(i.RTC_ITConfig)
    i.RTC_Init                               0x08001d08   Section        0  rtc.o(i.RTC_Init)
    i.RTC_NVIC_Config                        0x08001dc8   Section        0  rtc.o(i.RTC_NVIC_Config)
    RTC_NVIC_Config                          0x08001dc9   Thumb Code    32  rtc.o(i.RTC_NVIC_Config)
    i.RTC_Set                                0x08001de8   Section        0  rtc.o(i.RTC_Set)
    i.RTC_SetCounter                         0x08001eb0   Section        0  stm32f10x_rtc.o(i.RTC_SetCounter)
    i.RTC_SetPrescaler                       0x08001ecc   Section        0  stm32f10x_rtc.o(i.RTC_SetPrescaler)
    i.RTC_WaitForLastTask                    0x08001eec   Section        0  stm32f10x_rtc.o(i.RTC_WaitForLastTask)
    i.RTC_WaitForSynchro                     0x08001f00   Section        0  stm32f10x_rtc.o(i.RTC_WaitForSynchro)
    i.SVC_Handler                            0x08001f24   Section        0  stm32f10x_it.o(i.SVC_Handler)
    i.SetSysClock                            0x08001f26   Section        0  system_stm32f10x.o(i.SetSysClock)
    SetSysClock                              0x08001f27   Thumb Code     8  system_stm32f10x.o(i.SetSysClock)
    i.SetSysClockTo72                        0x08001f30   Section        0  system_stm32f10x.o(i.SetSysClockTo72)
    SetSysClockTo72                          0x08001f31   Thumb Code   214  system_stm32f10x.o(i.SetSysClockTo72)
    i.Show_BT_Info                           0x08002010   Section        0  main.o(i.Show_BT_Info)
    i.Show_Sensor_Info                       0x08002164   Section        0  main.o(i.Show_Sensor_Info)
    i.SysTick_CLKSourceConfig                0x0800240c   Section        0  misc.o(i.SysTick_CLKSourceConfig)
    i.SysTick_Handler                        0x08002434   Section        0  stm32f10x_it.o(i.SysTick_Handler)
    i.SysTick_Init                           0x08002438   Section        0  systick.o(i.SysTick_Init)
    i.SystemInit                             0x08002474   Section        0  system_stm32f10x.o(i.SystemInit)
    i.TFTLCD_FSMC_Init                       0x080024d4   Section        0  tftlcd.o(i.TFTLCD_FSMC_Init)
    i.TFTLCD_GPIO_Init                       0x08002554   Section        0  tftlcd.o(i.TFTLCD_GPIO_Init)
    i.TFTLCD_Init                            0x080025ec   Section        0  tftlcd.o(i.TFTLCD_Init)
    i.TIM4_IRQHandler                        0x08002840   Section        0  time.o(i.TIM4_IRQHandler)
    i.TIM7_IRQHandler                        0x08002870   Section        0  time.o(i.TIM7_IRQHandler)
    i.TIM7_Int_Init                          0x080028a4   Section        0  time.o(i.TIM7_Int_Init)
    i.TIM_ARRPreloadConfig                   0x08002904   Section        0  stm32f10x_tim.o(i.TIM_ARRPreloadConfig)
    i.TIM_ClearITPendingBit                  0x0800291c   Section        0  stm32f10x_tim.o(i.TIM_ClearITPendingBit)
    i.TIM_Cmd                                0x08002922   Section        0  stm32f10x_tim.o(i.TIM_Cmd)
    i.TIM_GetITStatus                        0x0800293a   Section        0  stm32f10x_tim.o(i.TIM_GetITStatus)
    i.TIM_ITConfig                           0x0800295c   Section        0  stm32f10x_tim.o(i.TIM_ITConfig)
    i.TIM_OC3Init                            0x08002970   Section        0  stm32f10x_tim.o(i.TIM_OC3Init)
    i.TIM_OC3PreloadConfig                   0x08002a10   Section        0  stm32f10x_tim.o(i.TIM_OC3PreloadConfig)
    i.TIM_SetCompare3                        0x08002a22   Section        0  stm32f10x_tim.o(i.TIM_SetCompare3)
    i.TIM_SetCounter                         0x08002a26   Section        0  stm32f10x_tim.o(i.TIM_SetCounter)
    i.TIM_TimeBaseInit                       0x08002a2c   Section        0  stm32f10x_tim.o(i.TIM_TimeBaseInit)
    i.USART1_IRQHandler                      0x08002ad0   Section        0  usart.o(i.USART1_IRQHandler)
    i.USART1_Init                            0x08002b58   Section        0  usart.o(i.USART1_Init)
    i.USART3_IRQHandler                      0x08002c08   Section        0  usart3.o(i.USART3_IRQHandler)
    i.USART3_Init                            0x08002c78   Section        0  usart3.o(i.USART3_Init)
    i.USART_ClearFlag                        0x08002d48   Section        0  stm32f10x_usart.o(i.USART_ClearFlag)
    i.USART_Cmd                              0x08002d5a   Section        0  stm32f10x_usart.o(i.USART_Cmd)
    i.USART_DeInit                           0x08002d74   Section        0  stm32f10x_usart.o(i.USART_DeInit)
    i.USART_GetFlagStatus                    0x08002e10   Section        0  stm32f10x_usart.o(i.USART_GetFlagStatus)
    i.USART_GetITStatus                      0x08002e2a   Section        0  stm32f10x_usart.o(i.USART_GetITStatus)
    i.USART_ITConfig                         0x08002e7e   Section        0  stm32f10x_usart.o(i.USART_ITConfig)
    i.USART_Init                             0x08002ec8   Section        0  stm32f10x_usart.o(i.USART_Init)
    i.USART_ReceiveData                      0x08002fa0   Section        0  stm32f10x_usart.o(i.USART_ReceiveData)
    i.USART_SendData                         0x08002faa   Section        0  stm32f10x_usart.o(i.USART_SendData)
    i.UsageFault_Handler                     0x08002fb2   Section        0  stm32f10x_it.o(i.UsageFault_Handler)
    i.__0printf$8                            0x08002fb8   Section        0  printf8.o(i.__0printf$8)
    i.__0sprintf$8                           0x08002fd8   Section        0  printf8.o(i.__0sprintf$8)
    i.__0vsprintf                            0x08003000   Section        0  printfa.o(i.__0vsprintf)
    i.__scatterload_copy                     0x08003024   Section       14  handlers.o(i.__scatterload_copy)
    i.__scatterload_null                     0x08003032   Section        2  handlers.o(i.__scatterload_null)
    i.__scatterload_zeroinit                 0x08003034   Section       14  handlers.o(i.__scatterload_zeroinit)
    i._fp_digits                             0x08003044   Section        0  printfa.o(i._fp_digits)
    _fp_digits                               0x08003045   Thumb Code   366  printfa.o(i._fp_digits)
    i._printf_core                           0x080031c8   Section        0  printf8.o(i._printf_core)
    _printf_core                             0x080031c9   Thumb Code   996  printf8.o(i._printf_core)
    i._printf_core                           0x080035d8   Section        0  printfa.o(i._printf_core)
    _printf_core                             0x080035d9   Thumb Code  1744  printfa.o(i._printf_core)
    i._printf_post_padding                   0x08003cb4   Section        0  printf8.o(i._printf_post_padding)
    _printf_post_padding                     0x08003cb5   Thumb Code    36  printf8.o(i._printf_post_padding)
    i._printf_post_padding                   0x08003cd8   Section        0  printfa.o(i._printf_post_padding)
    _printf_post_padding                     0x08003cd9   Thumb Code    36  printfa.o(i._printf_post_padding)
    i._printf_pre_padding                    0x08003cfc   Section        0  printf8.o(i._printf_pre_padding)
    _printf_pre_padding                      0x08003cfd   Thumb Code    46  printf8.o(i._printf_pre_padding)
    i._printf_pre_padding                    0x08003d2a   Section        0  printfa.o(i._printf_pre_padding)
    _printf_pre_padding                      0x08003d2b   Thumb Code    46  printfa.o(i._printf_pre_padding)
    i._sputc                                 0x08003d58   Section        0  printf8.o(i._sputc)
    _sputc                                   0x08003d59   Thumb Code    10  printf8.o(i._sputc)
    i._sputc                                 0x08003d62   Section        0  printfa.o(i._sputc)
    _sputc                                   0x08003d63   Thumb Code    10  printfa.o(i._sputc)
    i.delay_ms                               0x08003d6c   Section        0  systick.o(i.delay_ms)
    i.delay_us                               0x08003db8   Section        0  systick.o(i.delay_us)
    i.fputc                                  0x08003e04   Section        0  usart.o(i.fputc)
    i.main                                   0x08003e28   Section        0  main.o(i.main)
    i.u3_printf                              0x08004244   Section        0  usart3.o(i.u3_printf)
    .constdata                               0x08004294   Section    18712  tftlcd.o(.constdata)
    ascii_1206                               0x08004294   Data        1140  tftlcd.o(.constdata)
    ascii_1608                               0x08004708   Data        1520  tftlcd.o(.constdata)
    ascii_2412                               0x08004cf8   Data        3420  tftlcd.o(.constdata)
    ascii_3216                               0x08005a54   Data       12160  tftlcd.o(.constdata)
    .constdata                               0x08008bac   Section       24  rtc.o(.constdata)
    .data                                    0x20000000   Section        3  main.o(.data)
    .data                                    0x20000003   Section       20  stm32f10x_rcc.o(.data)
    APBAHBPrescTable                         0x20000003   Data          16  stm32f10x_rcc.o(.data)
    ADCPrescTable                            0x20000013   Data           4  stm32f10x_rcc.o(.data)
    .data                                    0x20000018   Section       12  tftlcd.o(.data)
    .data                                    0x20000024   Section        5  beep.o(.data)
    .data                                    0x2000002c   Section        5  hwjs.o(.data)
    .data                                    0x20000031   Section        1  key.o(.data)
    key                                      0x20000031   Data           1  key.o(.data)
    .data                                    0x20000032   Section        4  rtc.o(.data)
    daycnt                                   0x20000034   Data           2  rtc.o(.data)
    .data                                    0x20000036   Section        2  usart3.o(.data)
    .data                                    0x20000038   Section        4  systick.o(.data)
    fac_us                                   0x20000038   Data           1  systick.o(.data)
    fac_ms                                   0x2000003a   Data           2  systick.o(.data)
    .data                                    0x2000003c   Section        2  usart.o(.data)
    .data                                    0x20000040   Section        4  stdout.o(.data)
    .bss                                     0x20000044   Section       20  main.o(.bss)
    .bss                                     0x20000058   Section       10  rtc.o(.bss)
    .bss                                     0x20000062   Section     1200  usart3.o(.bss)
    .bss                                     0x20000512   Section      200  usart.o(.bss)
    STACK                                    0x200005e0   Section     1024  startup_stm32f10x_hd.o(STACK)

    Global Symbols

    Symbol Name                              Value     Ov Type        Size  Object(Section)

    BuildAttributes$$THM_ISAv4$P$D$K$B$S$PE$A:L22UL41UL21$X:L11$S22US41US21$IEEE1$IW$USESV6$~STKCKD$USESV7$~SHL$OSPACE$ROPI$EBA8$MICROLIB$REQ8$PRES8$EABIv2 0x00000000   Number         0  anon$$obj.o ABSOLUTE
    __ARM_use_no_argv                        0x00000000   Number         0  main.o ABSOLUTE
    _printf_a                                0x00000000   Number         0  stubs.o ABSOLUTE
    _printf_c                                0x00000000   Number         0  stubs.o ABSOLUTE
    _printf_charcount                        0x00000000   Number         0  stubs.o ABSOLUTE
    _printf_d                                0x00000000   Number         0  stubs.o ABSOLUTE
    _printf_e                                0x00000000   Number         0  stubs.o ABSOLUTE
    _printf_f                                0x00000000   Number         0  stubs.o ABSOLUTE
    _printf_flags                            0x00000000   Number         0  stubs.o ABSOLUTE
    _printf_fp_dec                           0x00000000   Number         0  stubs.o ABSOLUTE
    _printf_fp_hex                           0x00000000   Number         0  stubs.o ABSOLUTE
    _printf_g                                0x00000000   Number         0  stubs.o ABSOLUTE
    _printf_i                                0x00000000   Number         0  stubs.o ABSOLUTE
    _printf_int_dec                          0x00000000   Number         0  stubs.o ABSOLUTE
    _printf_l                                0x00000000   Number         0  stubs.o ABSOLUTE
    _printf_lc                               0x00000000   Number         0  stubs.o ABSOLUTE
    _printf_ll                               0x00000000   Number         0  stubs.o ABSOLUTE
    _printf_lld                              0x00000000   Number         0  stubs.o ABSOLUTE
    _printf_lli                              0x00000000   Number         0  stubs.o ABSOLUTE
    _printf_llo                              0x00000000   Number         0  stubs.o ABSOLUTE
    _printf_llu                              0x00000000   Number         0  stubs.o ABSOLUTE
    _printf_llx                              0x00000000   Number         0  stubs.o ABSOLUTE
    _printf_longlong_dec                     0x00000000   Number         0  stubs.o ABSOLUTE
    _printf_longlong_hex                     0x00000000   Number         0  stubs.o ABSOLUTE
    _printf_longlong_oct                     0x00000000   Number         0  stubs.o ABSOLUTE
    _printf_ls                               0x00000000   Number         0  stubs.o ABSOLUTE
    _printf_mbtowc                           0x00000000   Number         0  stubs.o ABSOLUTE
    _printf_n                                0x00000000   Number         0  stubs.o ABSOLUTE
    _printf_o                                0x00000000   Number         0  stubs.o ABSOLUTE
    _printf_p                                0x00000000   Number         0  stubs.o ABSOLUTE
    _printf_percent                          0x00000000   Number         0  stubs.o ABSOLUTE
    _printf_pre_padding                      0x00000000   Number         0  stubs.o ABSOLUTE
    _printf_return_value                     0x00000000   Number         0  stubs.o ABSOLUTE
    _printf_s                                0x00000000   Number         0  stubs.o ABSOLUTE
    _printf_sizespec                         0x00000000   Number         0  stubs.o ABSOLUTE
    _printf_str                              0x00000000   Number         0  stubs.o ABSOLUTE
    _printf_truncate_signed                  0x00000000   Number         0  stubs.o ABSOLUTE
    _printf_truncate_unsigned                0x00000000   Number         0  stubs.o ABSOLUTE
    _printf_u                                0x00000000   Number         0  stubs.o ABSOLUTE
    _printf_wc                               0x00000000   Number         0  stubs.o ABSOLUTE
    _printf_wctomb                           0x00000000   Number         0  stubs.o ABSOLUTE
    _printf_widthprec                        0x00000000   Number         0  stubs.o ABSOLUTE
    _printf_x                                0x00000000   Number         0  stubs.o ABSOLUTE
    __cpp_initialize__aeabi_                  - Undefined Weak Reference
    __cxa_finalize                            - Undefined Weak Reference
    __decompress                              - Undefined Weak Reference
    _clock_init                               - Undefined Weak Reference
    _microlib_exit                            - Undefined Weak Reference
    __Vectors_Size                           0x00000130   Number         0  startup_stm32f10x_hd.o ABSOLUTE
    __Vectors                                0x08000000   Data           4  startup_stm32f10x_hd.o(RESET)
    __Vectors_End                            0x08000130   Data           0  startup_stm32f10x_hd.o(RESET)
    __main                                   0x08000131   Thumb Code     0  entry.o(.ARM.Collect$$$$00000000)
    _main_stk                                0x08000131   Thumb Code     0  entry2.o(.ARM.Collect$$$$00000001)
    _main_scatterload                        0x08000135   Thumb Code     0  entry5.o(.ARM.Collect$$$$00000004)
    __main_after_scatterload                 0x08000139   Thumb Code     0  entry5.o(.ARM.Collect$$$$00000004)
    _main_clock                              0x08000139   Thumb Code     0  entry7b.o(.ARM.Collect$$$$00000008)
    _main_cpp_init                           0x08000139   Thumb Code     0  entry8b.o(.ARM.Collect$$$$0000000A)
    _main_init                               0x08000139   Thumb Code     0  entry9a.o(.ARM.Collect$$$$0000000B)
    __rt_final_cpp                           0x08000141   Thumb Code     0  entry10a.o(.ARM.Collect$$$$0000000D)
    __rt_final_exit                          0x08000141   Thumb Code     0  entry11a.o(.ARM.Collect$$$$0000000F)
    Reset_Handler                            0x08000145   Thumb Code     8  startup_stm32f10x_hd.o(.text)
    ADC1_2_IRQHandler                        0x0800015f   Thumb Code     0  startup_stm32f10x_hd.o(.text)
    ADC3_IRQHandler                          0x0800015f   Thumb Code     0  startup_stm32f10x_hd.o(.text)
    CAN1_RX1_IRQHandler                      0x0800015f   Thumb Code     0  startup_stm32f10x_hd.o(.text)
    CAN1_SCE_IRQHandler                      0x0800015f   Thumb Code     0  startup_stm32f10x_hd.o(.text)
    DMA1_Channel1_IRQHandler                 0x0800015f   Thumb Code     0  startup_stm32f10x_hd.o(.text)
    DMA1_Channel2_IRQHandler                 0x0800015f   Thumb Code     0  startup_stm32f10x_hd.o(.text)
    DMA1_Channel3_IRQHandler                 0x0800015f   Thumb Code     0  startup_stm32f10x_hd.o(.text)
    DMA1_Channel4_IRQHandler                 0x0800015f   Thumb Code     0  startup_stm32f10x_hd.o(.text)
    DMA1_Channel5_IRQHandler                 0x0800015f   Thumb Code     0  startup_stm32f10x_hd.o(.text)
    DMA1_Channel6_IRQHandler                 0x0800015f   Thumb Code     0  startup_stm32f10x_hd.o(.text)
    DMA1_Channel7_IRQHandler                 0x0800015f   Thumb Code     0  startup_stm32f10x_hd.o(.text)
    DMA2_Channel1_IRQHandler                 0x0800015f   Thumb Code     0  startup_stm32f10x_hd.o(.text)
    DMA2_Channel2_IRQHandler                 0x0800015f   Thumb Code     0  startup_stm32f10x_hd.o(.text)
    DMA2_Channel3_IRQHandler                 0x0800015f   Thumb Code     0  startup_stm32f10x_hd.o(.text)
    DMA2_Channel4_5_IRQHandler               0x0800015f   Thumb Code     0  startup_stm32f10x_hd.o(.text)
    EXTI0_IRQHandler                         0x0800015f   Thumb Code     0  startup_stm32f10x_hd.o(.text)
    EXTI15_10_IRQHandler                     0x0800015f   Thumb Code     0  startup_stm32f10x_hd.o(.text)
    EXTI1_IRQHandler                         0x0800015f   Thumb Code     0  startup_stm32f10x_hd.o(.text)
    EXTI2_IRQHandler                         0x0800015f   Thumb Code     0  startup_stm32f10x_hd.o(.text)
    EXTI3_IRQHandler                         0x0800015f   Thumb Code     0  startup_stm32f10x_hd.o(.text)
    EXTI4_IRQHandler                         0x0800015f   Thumb Code     0  startup_stm32f10x_hd.o(.text)
    FLASH_IRQHandler                         0x0800015f   Thumb Code     0  startup_stm32f10x_hd.o(.text)
    FSMC_IRQHandler                          0x0800015f   Thumb Code     0  startup_stm32f10x_hd.o(.text)
    I2C1_ER_IRQHandler                       0x0800015f   Thumb Code     0  startup_stm32f10x_hd.o(.text)
    I2C1_EV_IRQHandler                       0x0800015f   Thumb Code     0  startup_stm32f10x_hd.o(.text)
    I2C2_ER_IRQHandler                       0x0800015f   Thumb Code     0  startup_stm32f10x_hd.o(.text)
    I2C2_EV_IRQHandler                       0x0800015f   Thumb Code     0  startup_stm32f10x_hd.o(.text)
    PVD_IRQHandler                           0x0800015f   Thumb Code     0  startup_stm32f10x_hd.o(.text)
    RCC_IRQHandler                           0x0800015f   Thumb Code     0  startup_stm32f10x_hd.o(.text)
    RTCAlarm_IRQHandler                      0x0800015f   Thumb Code     0  startup_stm32f10x_hd.o(.text)
    SDIO_IRQHandler                          0x0800015f   Thumb Code     0  startup_stm32f10x_hd.o(.text)
    SPI1_IRQHandler                          0x0800015f   Thumb Code     0  startup_stm32f10x_hd.o(.text)
    SPI2_IRQHandler                          0x0800015f   Thumb Code     0  startup_stm32f10x_hd.o(.text)
    SPI3_IRQHandler                          0x0800015f   Thumb Code     0  startup_stm32f10x_hd.o(.text)
    TAMPER_IRQHandler                        0x0800015f   Thumb Code     0  startup_stm32f10x_hd.o(.text)
    TIM1_BRK_IRQHandler                      0x0800015f   Thumb Code     0  startup_stm32f10x_hd.o(.text)
    TIM1_CC_IRQHandler                       0x0800015f   Thumb Code     0  startup_stm32f10x_hd.o(.text)
    TIM1_TRG_COM_IRQHandler                  0x0800015f   Thumb Code     0  startup_stm32f10x_hd.o(.text)
    TIM1_UP_IRQHandler                       0x0800015f   Thumb Code     0  startup_stm32f10x_hd.o(.text)
    TIM2_IRQHandler                          0x0800015f   Thumb Code     0  startup_stm32f10x_hd.o(.text)
    TIM3_IRQHandler                          0x0800015f   Thumb Code     0  startup_stm32f10x_hd.o(.text)
    TIM5_IRQHandler                          0x0800015f   Thumb Code     0  startup_stm32f10x_hd.o(.text)
    TIM6_IRQHandler                          0x0800015f   Thumb Code     0  startup_stm32f10x_hd.o(.text)
    TIM8_BRK_IRQHandler                      0x0800015f   Thumb Code     0  startup_stm32f10x_hd.o(.text)
    TIM8_CC_IRQHandler                       0x0800015f   Thumb Code     0  startup_stm32f10x_hd.o(.text)
    TIM8_TRG_COM_IRQHandler                  0x0800015f   Thumb Code     0  startup_stm32f10x_hd.o(.text)
    TIM8_UP_IRQHandler                       0x0800015f   Thumb Code     0  startup_stm32f10x_hd.o(.text)
    UART4_IRQHandler                         0x0800015f   Thumb Code     0  startup_stm32f10x_hd.o(.text)
    UART5_IRQHandler                         0x0800015f   Thumb Code     0  startup_stm32f10x_hd.o(.text)
    USART2_IRQHandler                        0x0800015f   Thumb Code     0  startup_stm32f10x_hd.o(.text)
    USBWakeUp_IRQHandler                     0x0800015f   Thumb Code     0  startup_stm32f10x_hd.o(.text)
    USB_HP_CAN1_TX_IRQHandler                0x0800015f   Thumb Code     0  startup_stm32f10x_hd.o(.text)
    USB_LP_CAN1_RX0_IRQHandler               0x0800015f   Thumb Code     0  startup_stm32f10x_hd.o(.text)
    WWDG_IRQHandler                          0x0800015f   Thumb Code     0  startup_stm32f10x_hd.o(.text)
    strlen                                   0x08000169   Thumb Code    14  strlen.o(.text)
    strcmp                                   0x08000177   Thumb Code    28  strcmp.o(.text)
    __aeabi_dmul                             0x08000193   Thumb Code   228  dmul.o(.text)
    __aeabi_uidiv                            0x08000277   Thumb Code     0  uidiv.o(.text)
    __aeabi_uidivmod                         0x08000277   Thumb Code    44  uidiv.o(.text)
    __aeabi_uldivmod                         0x080002a3   Thumb Code    98  uldiv.o(.text)
    __aeabi_llsr                             0x08000305   Thumb Code    32  llushr.o(.text)
    _ll_ushift_r                             0x08000305   Thumb Code     0  llushr.o(.text)
    __I$use$fp                               0x08000325   Thumb Code     0  iusefp.o(.text)
    _double_round                            0x08000325   Thumb Code    30  depilogue.o(.text)
    _double_epilogue                         0x08000343   Thumb Code   156  depilogue.o(.text)
    __aeabi_dadd                             0x080003df   Thumb Code   322  dadd.o(.text)
    __aeabi_dsub                             0x08000521   Thumb Code     6  dadd.o(.text)
    __aeabi_drsub                            0x08000527   Thumb Code     6  dadd.o(.text)
    __aeabi_ddiv                             0x0800052d   Thumb Code   222  ddiv.o(.text)
    __aeabi_d2ulz                            0x0800060b   Thumb Code    48  dfixul.o(.text)
    __aeabi_cdrcmple                         0x0800063d   Thumb Code    48  cdrcmple.o(.text)
    __scatterload                            0x0800066d   Thumb Code    28  init.o(.text)
    __scatterload_rt2                        0x0800066d   Thumb Code     0  init.o(.text)
    __aeabi_llsl                             0x08000691   Thumb Code    30  llshl.o(.text)
    _ll_shift_l                              0x08000691   Thumb Code     0  llshl.o(.text)
    __aeabi_lasr                             0x080006af   Thumb Code    36  llsshr.o(.text)
    _ll_sshift_r                             0x080006af   Thumb Code     0  llsshr.o(.text)
    ADC_Cmd                                  0x080006d3   Thumb Code    22  stm32f10x_adc.o(i.ADC_Cmd)
    ADC_DeInit                               0x080006e9   Thumb Code    78  stm32f10x_adc.o(i.ADC_DeInit)
    ADC_GetCalibrationStatus                 0x08000745   Thumb Code    20  stm32f10x_adc.o(i.ADC_GetCalibrationStatus)
    ADC_GetConversionValue                   0x08000759   Thumb Code     8  stm32f10x_adc.o(i.ADC_GetConversionValue)
    ADC_GetFlagStatus                        0x08000761   Thumb Code    18  stm32f10x_adc.o(i.ADC_GetFlagStatus)
    ADC_GetResetCalibrationStatus            0x08000773   Thumb Code    20  stm32f10x_adc.o(i.ADC_GetResetCalibrationStatus)
    ADC_Init                                 0x08000789   Thumb Code    70  stm32f10x_adc.o(i.ADC_Init)
    ADC_RegularChannelConfig                 0x080007d9   Thumb Code   184  stm32f10x_adc.o(i.ADC_RegularChannelConfig)
    ADC_ResetCalibration                     0x08000891   Thumb Code    10  stm32f10x_adc.o(i.ADC_ResetCalibration)
    ADC_SoftwareStartConvCmd                 0x0800089b   Thumb Code    22  stm32f10x_adc.o(i.ADC_SoftwareStartConvCmd)
    ADC_StartCalibration                     0x080008b1   Thumb Code    10  stm32f10x_adc.o(i.ADC_StartCalibration)
    BEEP_Init                                0x080008bd   Thumb Code   148  beep.o(i.BEEP_Init)
    BEEP_Off                                 0x08000961   Thumb Code    18  beep.o(i.BEEP_Off)
    BEEP_On                                  0x0800097d   Thumb Code    26  beep.o(i.BEEP_On)
    BEEP_Toggle                              0x080009a5   Thumb Code    20  beep.o(i.BEEP_Toggle)
    BEEP_Volume_Increase                     0x080009bd   Thumb Code    46  beep.o(i.BEEP_Volume_Increase)
    BKP_DeInit                               0x080009fd   Thumb Code    16  stm32f10x_bkp.o(i.BKP_DeInit)
    BKP_ReadBackupRegister                   0x08000a0d   Thumb Code    24  stm32f10x_bkp.o(i.BKP_ReadBackupRegister)
    BKP_WriteBackupRegister                  0x08000a29   Thumb Code    22  stm32f10x_bkp.o(i.BKP_WriteBackupRegister)
    BusFault_Handler                         0x08000a45   Thumb Code     4  stm32f10x_it.o(i.BusFault_Handler)
    DHT11_Check                              0x08000a49   Thumb Code    74  dht11.o(i.DHT11_Check)
    DHT11_IO_IN                              0x08000a99   Thumb Code    26  dht11.o(i.DHT11_IO_IN)
    DHT11_IO_OUT                             0x08000ab9   Thumb Code    32  dht11.o(i.DHT11_IO_OUT)
    DHT11_Init                               0x08000add   Thumb Code    58  dht11.o(i.DHT11_Init)
    DHT11_Read_Bit                           0x08000b1d   Thumb Code    70  dht11.o(i.DHT11_Read_Bit)
    DHT11_Read_Byte                          0x08000b69   Thumb Code    30  dht11.o(i.DHT11_Read_Byte)
    DHT11_Read_Data                          0x08000b87   Thumb Code    88  dht11.o(i.DHT11_Read_Data)
    DHT11_Rst                                0x08000be1   Thumb Code    34  dht11.o(i.DHT11_Rst)
    DebugMon_Handler                         0x08000c0d   Thumb Code     2  stm32f10x_it.o(i.DebugMon_Handler)
    EXTI9_5_IRQHandler                       0x08000c11   Thumb Code   126  hwjs.o(i.EXTI9_5_IRQHandler)
    EXTI_ClearITPendingBit                   0x08000c9d   Thumb Code     6  stm32f10x_exti.o(i.EXTI_ClearITPendingBit)
    FSMC_NORSRAMCmd                          0x08000ca9   Thumb Code    46  stm32f10x_fsmc.o(i.FSMC_NORSRAMCmd)
    FSMC_NORSRAMInit                         0x08000cdd   Thumb Code   230  stm32f10x_fsmc.o(i.FSMC_NORSRAMInit)
    GPIO_Init                                0x08000dc3   Thumb Code   278  stm32f10x_gpio.o(i.GPIO_Init)
    GPIO_PinRemapConfig                      0x08000ed9   Thumb Code   138  stm32f10x_gpio.o(i.GPIO_PinRemapConfig)
    GPIO_ReadInputDataBit                    0x08000f69   Thumb Code    18  stm32f10x_gpio.o(i.GPIO_ReadInputDataBit)
    GPIO_SetBits                             0x08000f7b   Thumb Code     4  stm32f10x_gpio.o(i.GPIO_SetBits)
    Get_ADC3                                 0x08000f81   Thumb Code    46  lsens.o(i.Get_ADC3)
    HC05_Get_Role                            0x08000fb5   Thumb Code   126  hc05.o(i.HC05_Get_Role)
    HC05_Init                                0x0800104d   Thumb Code   226  hc05.o(i.HC05_Init)
    HC05_Role_Show                           0x08001151   Thumb Code    54  main.o(i.HC05_Role_Show)
    HC05_Set_Cmd                             0x080011a1   Thumb Code   130  hc05.o(i.HC05_Set_Cmd)
    HC05_Sta_Show                            0x0800123d   Thumb Code    52  main.o(i.HC05_Sta_Show)
    HW_jssj                                  0x08001295   Thumb Code    42  hwjs.o(i.HW_jssj)
    HardFault_Handler                        0x080012c5   Thumb Code     4  stm32f10x_it.o(i.HardFault_Handler)
    Is_Leap_Year                             0x080012c9   Thumb Code    58  rtc.o(i.Is_Leap_Year)
    KEY_Init                                 0x08001305   Thumb Code    52  key.o(i.KEY_Init)
    KEY_Scan                                 0x08001341   Thumb Code   148  key.o(i.KEY_Scan)
    LCD_Clear                                0x080013e1   Thumb Code    68  tftlcd.o(i.LCD_Clear)
    LCD_Display_Dir                          0x08001429   Thumb Code    66  tftlcd.o(i.LCD_Display_Dir)
    LCD_DrawFRONT_COLOR                      0x08001471   Thumb Code    28  tftlcd.o(i.LCD_DrawFRONT_COLOR)
    LCD_Fill                                 0x0800148d   Thumb Code    92  tftlcd.o(i.LCD_Fill)
    LCD_ReadData                             0x080014e9   Thumb Code     6  tftlcd.o(i.LCD_ReadData)
    LCD_Set_Window                           0x080014f5   Thumb Code    74  tftlcd.o(i.LCD_Set_Window)
    LCD_ShowChar                             0x08001541   Thumb Code   272  tftlcd.o(i.LCD_ShowChar)
    LCD_ShowString                           0x08001669   Thumb Code   102  tftlcd.o(i.LCD_ShowString)
    LCD_WriteCmd                             0x080016d1   Thumb Code     6  tftlcd.o(i.LCD_WriteCmd)
    LCD_WriteData                            0x080016dd   Thumb Code     6  tftlcd.o(i.LCD_WriteData)
    LCD_WriteData_Color                      0x080016e9   Thumb Code    12  tftlcd.o(i.LCD_WriteData_Color)
    LED_Init                                 0x080016f9   Thumb Code    68  led.o(i.LED_Init)
    Lsens_Get_Val                            0x08001745   Thumb Code    60  lsens.o(i.Lsens_Get_Val)
    Lsens_Init                               0x08001781   Thumb Code   150  lsens.o(i.Lsens_Init)
    MemManage_Handler                        0x08001821   Thumb Code     4  stm32f10x_it.o(i.MemManage_Handler)
    NMI_Handler                              0x08001825   Thumb Code     2  stm32f10x_it.o(i.NMI_Handler)
    NVIC_Init                                0x08001829   Thumb Code   100  misc.o(i.NVIC_Init)
    NVIC_PriorityGroupConfig                 0x08001899   Thumb Code    10  misc.o(i.NVIC_PriorityGroupConfig)
    PWR_BackupAccessCmd                      0x080018ad   Thumb Code     6  stm32f10x_pwr.o(i.PWR_BackupAccessCmd)
    PendSV_Handler                           0x080018b9   Thumb Code     2  stm32f10x_it.o(i.PendSV_Handler)
    RCC_AHBPeriphClockCmd                    0x080018bd   Thumb Code    26  stm32f10x_rcc.o(i.RCC_AHBPeriphClockCmd)
    RCC_APB1PeriphClockCmd                   0x080018dd   Thumb Code    26  stm32f10x_rcc.o(i.RCC_APB1PeriphClockCmd)
    RCC_APB1PeriphResetCmd                   0x080018fd   Thumb Code    26  stm32f10x_rcc.o(i.RCC_APB1PeriphResetCmd)
    RCC_APB2PeriphClockCmd                   0x0800191d   Thumb Code    26  stm32f10x_rcc.o(i.RCC_APB2PeriphClockCmd)
    RCC_APB2PeriphResetCmd                   0x0800193d   Thumb Code    26  stm32f10x_rcc.o(i.RCC_APB2PeriphResetCmd)
    RCC_BackupResetCmd                       0x0800195d   Thumb Code     6  stm32f10x_rcc.o(i.RCC_BackupResetCmd)
    RCC_GetClocksFreq                        0x08001969   Thumb Code   192  stm32f10x_rcc.o(i.RCC_GetClocksFreq)
    RCC_GetFlagStatus                        0x08001a3d   Thumb Code    56  stm32f10x_rcc.o(i.RCC_GetFlagStatus)
    RCC_LSEConfig                            0x08001a79   Thumb Code    46  stm32f10x_rcc.o(i.RCC_LSEConfig)
    RCC_RTCCLKCmd                            0x08001aad   Thumb Code     6  stm32f10x_rcc.o(i.RCC_RTCCLKCmd)
    RCC_RTCCLKConfig                         0x08001ab9   Thumb Code    12  stm32f10x_rcc.o(i.RCC_RTCCLKConfig)
    RTC_ClearITPendingBit                    0x08001ac9   Thumb Code    12  stm32f10x_rtc.o(i.RTC_ClearITPendingBit)
    RTC_EnterConfigMode                      0x08001ad9   Thumb Code    14  stm32f10x_rtc.o(i.RTC_EnterConfigMode)
    RTC_ExitConfigMode                       0x08001aed   Thumb Code    16  stm32f10x_rtc.o(i.RTC_ExitConfigMode)
    RTC_Get                                  0x08001b01   Thumb Code   240  rtc.o(i.RTC_Get)
    RTC_GetCounter                           0x08001c01   Thumb Code    16  stm32f10x_rtc.o(i.RTC_GetCounter)
    RTC_GetITStatus                          0x08001c15   Thumb Code    32  stm32f10x_rtc.o(i.RTC_GetITStatus)
    RTC_Get_Week                             0x08001c39   Thumb Code   116  rtc.o(i.RTC_Get_Week)
    RTC_IRQHandler                           0x08001cb1   Thumb Code    50  rtc.o(i.RTC_IRQHandler)
    RTC_ITConfig                             0x08001ce9   Thumb Code    26  stm32f10x_rtc.o(i.RTC_ITConfig)
    RTC_Init                                 0x08001d09   Thumb Code   192  rtc.o(i.RTC_Init)
    RTC_Set                                  0x08001de9   Thumb Code   184  rtc.o(i.RTC_Set)
    RTC_SetCounter                           0x08001eb1   Thumb Code    24  stm32f10x_rtc.o(i.RTC_SetCounter)
    RTC_SetPrescaler                         0x08001ecd   Thumb Code    26  stm32f10x_rtc.o(i.RTC_SetPrescaler)
    RTC_WaitForLastTask                      0x08001eed   Thumb Code    16  stm32f10x_rtc.o(i.RTC_WaitForLastTask)
    RTC_WaitForSynchro                       0x08001f01   Thumb Code    30  stm32f10x_rtc.o(i.RTC_WaitForSynchro)
    SVC_Handler                              0x08001f25   Thumb Code     2  stm32f10x_it.o(i.SVC_Handler)
    Show_BT_Info                             0x08002011   Thumb Code   194  main.o(i.Show_BT_Info)
    Show_Sensor_Info                         0x08002165   Thumb Code   478  main.o(i.Show_Sensor_Info)
    SysTick_CLKSourceConfig                  0x0800240d   Thumb Code    40  misc.o(i.SysTick_CLKSourceConfig)
    SysTick_Handler                          0x08002435   Thumb Code     2  stm32f10x_it.o(i.SysTick_Handler)
    SysTick_Init                             0x08002439   Thumb Code    52  systick.o(i.SysTick_Init)
    SystemInit                               0x08002475   Thumb Code    78  system_stm32f10x.o(i.SystemInit)
    TFTLCD_FSMC_Init                         0x080024d5   Thumb Code   126  tftlcd.o(i.TFTLCD_FSMC_Init)
    TFTLCD_GPIO_Init                         0x08002555   Thumb Code   130  tftlcd.o(i.TFTLCD_GPIO_Init)
    TFTLCD_Init                              0x080025ed   Thumb Code   574  tftlcd.o(i.TFTLCD_Init)
    TIM4_IRQHandler                          0x08002841   Thumb Code    38  time.o(i.TIM4_IRQHandler)
    TIM7_IRQHandler                          0x08002871   Thumb Code    42  time.o(i.TIM7_IRQHandler)
    TIM7_Int_Init                            0x080028a5   Thumb Code    90  time.o(i.TIM7_Int_Init)
    TIM_ARRPreloadConfig                     0x08002905   Thumb Code    24  stm32f10x_tim.o(i.TIM_ARRPreloadConfig)
    TIM_ClearITPendingBit                    0x0800291d   Thumb Code     6  stm32f10x_tim.o(i.TIM_ClearITPendingBit)
    TIM_Cmd                                  0x08002923   Thumb Code    24  stm32f10x_tim.o(i.TIM_Cmd)
    TIM_GetITStatus                          0x0800293b   Thumb Code    34  stm32f10x_tim.o(i.TIM_GetITStatus)
    TIM_ITConfig                             0x0800295d   Thumb Code    18  stm32f10x_tim.o(i.TIM_ITConfig)
    TIM_OC3Init                              0x08002971   Thumb Code   150  stm32f10x_tim.o(i.TIM_OC3Init)
    TIM_OC3PreloadConfig                     0x08002a11   Thumb Code    18  stm32f10x_tim.o(i.TIM_OC3PreloadConfig)
    TIM_SetCompare3                          0x08002a23   Thumb Code     4  stm32f10x_tim.o(i.TIM_SetCompare3)
    TIM_SetCounter                           0x08002a27   Thumb Code     4  stm32f10x_tim.o(i.TIM_SetCounter)
    TIM_TimeBaseInit                         0x08002a2d   Thumb Code   122  stm32f10x_tim.o(i.TIM_TimeBaseInit)
    USART1_IRQHandler                        0x08002ad1   Thumb Code   122  usart.o(i.USART1_IRQHandler)
    USART1_Init                              0x08002b59   Thumb Code   166  usart.o(i.USART1_Init)
    USART3_IRQHandler                        0x08002c09   Thumb Code    94  usart3.o(i.USART3_IRQHandler)
    USART3_Init                              0x08002c79   Thumb Code   190  usart3.o(i.USART3_Init)
    USART_ClearFlag                          0x08002d49   Thumb Code    18  stm32f10x_usart.o(i.USART_ClearFlag)
    USART_Cmd                                0x08002d5b   Thumb Code    24  stm32f10x_usart.o(i.USART_Cmd)
    USART_DeInit                             0x08002d75   Thumb Code   134  stm32f10x_usart.o(i.USART_DeInit)
    USART_GetFlagStatus                      0x08002e11   Thumb Code    26  stm32f10x_usart.o(i.USART_GetFlagStatus)
    USART_GetITStatus                        0x08002e2b   Thumb Code    84  stm32f10x_usart.o(i.USART_GetITStatus)
    USART_ITConfig                           0x08002e7f   Thumb Code    74  stm32f10x_usart.o(i.USART_ITConfig)
    USART_Init                               0x08002ec9   Thumb Code   210  stm32f10x_usart.o(i.USART_Init)
    USART_ReceiveData                        0x08002fa1   Thumb Code    10  stm32f10x_usart.o(i.USART_ReceiveData)
    USART_SendData                           0x08002fab   Thumb Code     8  stm32f10x_usart.o(i.USART_SendData)
    UsageFault_Handler                       0x08002fb3   Thumb Code     4  stm32f10x_it.o(i.UsageFault_Handler)
    __0printf$8                              0x08002fb9   Thumb Code    22  printf8.o(i.__0printf$8)
    __1printf$8                              0x08002fb9   Thumb Code     0  printf8.o(i.__0printf$8)
    __2printf                                0x08002fb9   Thumb Code     0  printf8.o(i.__0printf$8)
    __0sprintf$8                             0x08002fd9   Thumb Code    34  printf8.o(i.__0sprintf$8)
    __1sprintf$8                             0x08002fd9   Thumb Code     0  printf8.o(i.__0sprintf$8)
    __2sprintf                               0x08002fd9   Thumb Code     0  printf8.o(i.__0sprintf$8)
    __0vsprintf                              0x08003001   Thumb Code    30  printfa.o(i.__0vsprintf)
    __1vsprintf                              0x08003001   Thumb Code     0  printfa.o(i.__0vsprintf)
    __2vsprintf                              0x08003001   Thumb Code     0  printfa.o(i.__0vsprintf)
    __c89vsprintf                            0x08003001   Thumb Code     0  printfa.o(i.__0vsprintf)
    vsprintf                                 0x08003001   Thumb Code     0  printfa.o(i.__0vsprintf)
    __scatterload_copy                       0x08003025   Thumb Code    14  handlers.o(i.__scatterload_copy)
    __scatterload_null                       0x08003033   Thumb Code     2  handlers.o(i.__scatterload_null)
    __scatterload_zeroinit                   0x08003035   Thumb Code    14  handlers.o(i.__scatterload_zeroinit)
    delay_ms                                 0x08003d6d   Thumb Code    72  systick.o(i.delay_ms)
    delay_us                                 0x08003db9   Thumb Code    72  systick.o(i.delay_us)
    fputc                                    0x08003e05   Thumb Code    32  usart.o(i.fputc)
    main                                     0x08003e29   Thumb Code   800  main.o(i.main)
    u3_printf                                0x08004245   Thumb Code    72  usart3.o(i.u3_printf)
    CnChar32x29                              0x080089d4   Data         472  tftlcd.o(.constdata)
    table_week                               0x08008bac   Data          12  rtc.o(.constdata)
    mon_table                                0x08008bb8   Data          12  rtc.o(.constdata)
    Region$$Table$$Base                      0x08008bc4   Number         0  anon$$obj.o(Region$$Table)
    Region$$Table$$Limit                     0x08008be4   Number         0  anon$$obj.o(Region$$Table)
    current_mode                             0x20000000   Data           1  main.o(.data)
    sendmask                                 0x20000001   Data           1  main.o(.data)
    sendcnt                                  0x20000002   Data           1  main.o(.data)
    FRONT_COLOR                              0x20000018   Data           2  tftlcd.o(.data)
    BACK_COLOR                               0x2000001a   Data           2  tftlcd.o(.data)
    tftlcd_data                              0x2000001c   Data           8  tftlcd.o(.data)
    beep_period                              0x20000024   Data           2  beep.o(.data)
    beep_duty                                0x20000026   Data           2  beep.o(.data)
    beep_status                              0x20000028   Data           1  beep.o(.data)
    hw_jsm                                   0x2000002c   Data           4  hwjs.o(.data)
    hw_jsbz                                  0x20000030   Data           1  hwjs.o(.data)
    timebz                                   0x20000032   Data           1  rtc.o(.data)
    USART3_RX_STA                            0x20000036   Data           2  usart3.o(.data)
    USART1_RX_STA                            0x2000003c   Data           2  usart.o(.data)
    __stdout                                 0x20000040   Data           4  stdout.o(.data)
    sendbuf                                  0x20000044   Data          20  main.o(.bss)
    calendar                                 0x20000058   Data          10  rtc.o(.bss)
    USART3_RX_BUF                            0x20000062   Data         600  usart3.o(.bss)
    USART3_TX_BUF                            0x200002ba   Data         600  usart3.o(.bss)
    USART1_RX_BUF                            0x20000512   Data         200  usart.o(.bss)
    __initial_sp                             0x200009e0   Data           0  startup_stm32f10x_hd.o(STACK)



==============================================================================

Memory Map of the image

  Image Entry point : 0x08000131

  Load Region LR_IROM1 (Base: 0x08000000, Size: 0x00008c28, Max: 0x00080000, ABSOLUTE)

    Execution Region ER_IROM1 (Exec base: 0x08000000, Load base: 0x08000000, Size: 0x00008be4, Max: 0x00080000, ABSOLUTE)

    Exec Addr    Load Addr    Size         Type   Attr      Idx    E Section Name        Object

    0x08000000   0x08000000   0x00000130   Data   RO          264    RESET               startup_stm32f10x_hd.o
    0x08000130   0x08000130   0x00000000   Code   RO         4182  * .ARM.Collect$$$$00000000  mc_w.l(entry.o)
    0x08000130   0x08000130   0x00000004   Code   RO         4456    .ARM.Collect$$$$00000001  mc_w.l(entry2.o)
    0x08000134   0x08000134   0x00000004   Code   RO         4459    .ARM.Collect$$$$00000004  mc_w.l(entry5.o)
    0x08000138   0x08000138   0x00000000   Code   RO         4461    .ARM.Collect$$$$00000008  mc_w.l(entry7b.o)
    0x08000138   0x08000138   0x00000000   Code   RO         4463    .ARM.Collect$$$$0000000A  mc_w.l(entry8b.o)
    0x08000138   0x08000138   0x00000008   Code   RO         4464    .ARM.Collect$$$$0000000B  mc_w.l(entry9a.o)
    0x08000140   0x08000140   0x00000000   Code   RO         4466    .ARM.Collect$$$$0000000D  mc_w.l(entry10a.o)
    0x08000140   0x08000140   0x00000000   Code   RO         4468    .ARM.Collect$$$$0000000F  mc_w.l(entry11a.o)
    0x08000140   0x08000140   0x00000004   Code   RO         4457    .ARM.Collect$$$$00002712  mc_w.l(entry2.o)
    0x08000144   0x08000144   0x00000024   Code   RO          265    .text               startup_stm32f10x_hd.o
    0x08000168   0x08000168   0x0000000e   Code   RO         4185    .text               mc_w.l(strlen.o)
    0x08000176   0x08000176   0x0000001c   Code   RO         4187    .text               mc_w.l(strcmp.o)
    0x08000192   0x08000192   0x000000e4   Code   RO         4450    .text               mf_w.l(dmul.o)
    0x08000276   0x08000276   0x0000002c   Code   RO         4471    .text               mc_w.l(uidiv.o)
    0x080002a2   0x080002a2   0x00000062   Code   RO         4473    .text               mc_w.l(uldiv.o)
    0x08000304   0x08000304   0x00000020   Code   RO         4475    .text               mc_w.l(llushr.o)
    0x08000324   0x08000324   0x00000000   Code   RO         4477    .text               mc_w.l(iusefp.o)
    0x08000324   0x08000324   0x000000ba   Code   RO         4478    .text               mf_w.l(depilogue.o)
    0x080003de   0x080003de   0x0000014e   Code   RO         4480    .text               mf_w.l(dadd.o)
    0x0800052c   0x0800052c   0x000000de   Code   RO         4482    .text               mf_w.l(ddiv.o)
    0x0800060a   0x0800060a   0x00000030   Code   RO         4484    .text               mf_w.l(dfixul.o)
    0x0800063a   0x0800063a   0x00000002   PAD
    0x0800063c   0x0800063c   0x00000030   Code   RO         4486    .text               mf_w.l(cdrcmple.o)
    0x0800066c   0x0800066c   0x00000024   Code   RO         4488    .text               mc_w.l(init.o)
    0x08000690   0x08000690   0x0000001e   Code   RO         4490    .text               mc_w.l(llshl.o)
    0x080006ae   0x080006ae   0x00000024   Code   RO         4492    .text               mc_w.l(llsshr.o)
    0x080006d2   0x080006d2   0x00000016   Code   RO         1642    i.ADC_Cmd           stm32f10x_adc.o
    0x080006e8   0x080006e8   0x0000005c   Code   RO         1644    i.ADC_DeInit        stm32f10x_adc.o
    0x08000744   0x08000744   0x00000014   Code   RO         1650    i.ADC_GetCalibrationStatus  stm32f10x_adc.o
    0x08000758   0x08000758   0x00000008   Code   RO         1651    i.ADC_GetConversionValue  stm32f10x_adc.o
    0x08000760   0x08000760   0x00000012   Code   RO         1653    i.ADC_GetFlagStatus  stm32f10x_adc.o
    0x08000772   0x08000772   0x00000014   Code   RO         1656    i.ADC_GetResetCalibrationStatus  stm32f10x_adc.o
    0x08000786   0x08000786   0x00000002   PAD
    0x08000788   0x08000788   0x00000050   Code   RO         1660    i.ADC_Init          stm32f10x_adc.o
    0x080007d8   0x080007d8   0x000000b8   Code   RO         1664    i.ADC_RegularChannelConfig  stm32f10x_adc.o
    0x08000890   0x08000890   0x0000000a   Code   RO         1665    i.ADC_ResetCalibration  stm32f10x_adc.o
    0x0800089a   0x0800089a   0x00000016   Code   RO         1667    i.ADC_SoftwareStartConvCmd  stm32f10x_adc.o
    0x080008b0   0x080008b0   0x0000000a   Code   RO         1669    i.ADC_StartCalibration  stm32f10x_adc.o
    0x080008ba   0x080008ba   0x00000002   PAD
    0x080008bc   0x080008bc   0x000000a4   Code   RO         3632    i.BEEP_Init         beep.o
    0x08000960   0x08000960   0x0000001c   Code   RO         3633    i.BEEP_Off          beep.o
    0x0800097c   0x0800097c   0x00000028   Code   RO         3634    i.BEEP_On           beep.o
    0x080009a4   0x080009a4   0x00000018   Code   RO         3635    i.BEEP_Toggle       beep.o
    0x080009bc   0x080009bc   0x00000040   Code   RO         3637    i.BEEP_Volume_Increase  beep.o
    0x080009fc   0x080009fc   0x00000010   Code   RO         1500    i.BKP_DeInit        stm32f10x_bkp.o
    0x08000a0c   0x08000a0c   0x0000001c   Code   RO         1505    i.BKP_ReadBackupRegister  stm32f10x_bkp.o
    0x08000a28   0x08000a28   0x0000001c   Code   RO         1509    i.BKP_WriteBackupRegister  stm32f10x_bkp.o
    0x08000a44   0x08000a44   0x00000004   Code   RO          177    i.BusFault_Handler  stm32f10x_it.o
    0x08000a48   0x08000a48   0x00000050   Code   RO         3680    i.DHT11_Check       dht11.o
    0x08000a98   0x08000a98   0x00000020   Code   RO         3681    i.DHT11_IO_IN       dht11.o
    0x08000ab8   0x08000ab8   0x00000024   Code   RO         3682    i.DHT11_IO_OUT      dht11.o
    0x08000adc   0x08000adc   0x00000040   Code   RO         3683    i.DHT11_Init        dht11.o
    0x08000b1c   0x08000b1c   0x0000004c   Code   RO         3684    i.DHT11_Read_Bit    dht11.o
    0x08000b68   0x08000b68   0x0000001e   Code   RO         3685    i.DHT11_Read_Byte   dht11.o
    0x08000b86   0x08000b86   0x00000058   Code   RO         3686    i.DHT11_Read_Data   dht11.o
    0x08000bde   0x08000bde   0x00000002   PAD
    0x08000be0   0x08000be0   0x0000002c   Code   RO         3687    i.DHT11_Rst         dht11.o
    0x08000c0c   0x08000c0c   0x00000002   Code   RO          178    i.DebugMon_Handler  stm32f10x_it.o
    0x08000c0e   0x08000c0e   0x00000002   PAD
    0x08000c10   0x08000c10   0x0000008c   Code   RO         3737    i.EXTI9_5_IRQHandler  hwjs.o
    0x08000c9c   0x08000c9c   0x0000000c   Code   RO          621    i.EXTI_ClearITPendingBit  stm32f10x_exti.o
    0x08000ca8   0x08000ca8   0x00000034   Code   RO         2504    i.FSMC_NORSRAMCmd   stm32f10x_fsmc.o
    0x08000cdc   0x08000cdc   0x000000e6   Code   RO         2506    i.FSMC_NORSRAMInit  stm32f10x_fsmc.o
    0x08000dc2   0x08000dc2   0x00000116   Code   RO          276    i.GPIO_Init         stm32f10x_gpio.o
    0x08000ed8   0x08000ed8   0x00000090   Code   RO          278    i.GPIO_PinRemapConfig  stm32f10x_gpio.o
    0x08000f68   0x08000f68   0x00000012   Code   RO          280    i.GPIO_ReadInputDataBit  stm32f10x_gpio.o
    0x08000f7a   0x08000f7a   0x00000004   Code   RO          284    i.GPIO_SetBits      stm32f10x_gpio.o
    0x08000f7e   0x08000f7e   0x00000002   PAD
    0x08000f80   0x08000f80   0x00000034   Code   RO         3296    i.Get_ADC3          lsens.o
    0x08000fb4   0x08000fb4   0x00000098   Code   RO         4002    i.HC05_Get_Role     hc05.o
    0x0800104c   0x0800104c   0x00000104   Code   RO         4003    i.HC05_Init         hc05.o
    0x08001150   0x08001150   0x00000050   Code   RO            1    i.HC05_Role_Show    main.o
    0x080011a0   0x080011a0   0x0000009c   Code   RO         4004    i.HC05_Set_Cmd      hc05.o
    0x0800123c   0x0800123c   0x00000058   Code   RO            2    i.HC05_Sta_Show     main.o
    0x08001294   0x08001294   0x00000030   Code   RO         3738    i.HW_jssj           hwjs.o
    0x080012c4   0x080012c4   0x00000004   Code   RO          179    i.HardFault_Handler  stm32f10x_it.o
    0x080012c8   0x080012c8   0x0000003a   Code   RO         3831    i.Is_Leap_Year      rtc.o
    0x08001302   0x08001302   0x00000002   PAD
    0x08001304   0x08001304   0x0000003c   Code   RO         3768    i.KEY_Init          key.o
    0x08001340   0x08001340   0x000000a0   Code   RO         3769    i.KEY_Scan          key.o
    0x080013e0   0x080013e0   0x00000048   Code   RO         3323    i.LCD_Clear         tftlcd.o
    0x08001428   0x08001428   0x00000048   Code   RO         3325    i.LCD_Display_Dir   tftlcd.o
    0x08001470   0x08001470   0x0000001c   Code   RO         3326    i.LCD_DrawFRONT_COLOR  tftlcd.o
    0x0800148c   0x0800148c   0x0000005c   Code   RO         3333    i.LCD_Fill          tftlcd.o
    0x080014e8   0x080014e8   0x0000000c   Code   RO         3336    i.LCD_ReadData      tftlcd.o
    0x080014f4   0x080014f4   0x0000004a   Code   RO         3339    i.LCD_Set_Window    tftlcd.o
    0x0800153e   0x0800153e   0x00000002   PAD
    0x08001540   0x08001540   0x00000128   Code   RO         3340    i.LCD_ShowChar      tftlcd.o
    0x08001668   0x08001668   0x00000066   Code   RO         3344    i.LCD_ShowString    tftlcd.o
    0x080016ce   0x080016ce   0x00000002   PAD
    0x080016d0   0x080016d0   0x0000000c   Code   RO         3346    i.LCD_WriteCmd      tftlcd.o
    0x080016dc   0x080016dc   0x0000000c   Code   RO         3348    i.LCD_WriteData     tftlcd.o
    0x080016e8   0x080016e8   0x00000010   Code   RO         3349    i.LCD_WriteData_Color  tftlcd.o
    0x080016f8   0x080016f8   0x0000004c   Code   RO         3281    i.LED_Init          led.o
    0x08001744   0x08001744   0x0000003c   Code   RO         3297    i.Lsens_Get_Val     lsens.o
    0x08001780   0x08001780   0x000000a0   Code   RO         3298    i.Lsens_Init        lsens.o
    0x08001820   0x08001820   0x00000004   Code   RO          180    i.MemManage_Handler  stm32f10x_it.o
    0x08001824   0x08001824   0x00000002   Code   RO          181    i.NMI_Handler       stm32f10x_it.o
    0x08001826   0x08001826   0x00000002   PAD
    0x08001828   0x08001828   0x00000070   Code   RO          584    i.NVIC_Init         misc.o
    0x08001898   0x08001898   0x00000014   Code   RO          585    i.NVIC_PriorityGroupConfig  misc.o
    0x080018ac   0x080018ac   0x0000000c   Code   RO         1576    i.PWR_BackupAccessCmd  stm32f10x_pwr.o
    0x080018b8   0x080018b8   0x00000002   Code   RO          182    i.PendSV_Handler    stm32f10x_it.o
    0x080018ba   0x080018ba   0x00000002   PAD
    0x080018bc   0x080018bc   0x00000020   Code   RO          385    i.RCC_AHBPeriphClockCmd  stm32f10x_rcc.o
    0x080018dc   0x080018dc   0x00000020   Code   RO          386    i.RCC_APB1PeriphClockCmd  stm32f10x_rcc.o
    0x080018fc   0x080018fc   0x00000020   Code   RO          387    i.RCC_APB1PeriphResetCmd  stm32f10x_rcc.o
    0x0800191c   0x0800191c   0x00000020   Code   RO          388    i.RCC_APB2PeriphClockCmd  stm32f10x_rcc.o
    0x0800193c   0x0800193c   0x00000020   Code   RO          389    i.RCC_APB2PeriphResetCmd  stm32f10x_rcc.o
    0x0800195c   0x0800195c   0x0000000c   Code   RO          391    i.RCC_BackupResetCmd  stm32f10x_rcc.o
    0x08001968   0x08001968   0x000000d4   Code   RO          396    i.RCC_GetClocksFreq  stm32f10x_rcc.o
    0x08001a3c   0x08001a3c   0x0000003c   Code   RO          397    i.RCC_GetFlagStatus  stm32f10x_rcc.o
    0x08001a78   0x08001a78   0x00000034   Code   RO          404    i.RCC_LSEConfig     stm32f10x_rcc.o
    0x08001aac   0x08001aac   0x0000000c   Code   RO          411    i.RCC_RTCCLKCmd     stm32f10x_rcc.o
    0x08001ab8   0x08001ab8   0x00000010   Code   RO          412    i.RCC_RTCCLKConfig  stm32f10x_rcc.o
    0x08001ac8   0x08001ac8   0x00000010   Code   RO         2818    i.RTC_ClearITPendingBit  stm32f10x_rtc.o
    0x08001ad8   0x08001ad8   0x00000014   Code   RO         2819    i.RTC_EnterConfigMode  stm32f10x_rtc.o
    0x08001aec   0x08001aec   0x00000014   Code   RO         2820    i.RTC_ExitConfigMode  stm32f10x_rtc.o
    0x08001b00   0x08001b00   0x00000100   Code   RO         3833    i.RTC_Get           rtc.o
    0x08001c00   0x08001c00   0x00000014   Code   RO         2821    i.RTC_GetCounter    stm32f10x_rtc.o
    0x08001c14   0x08001c14   0x00000024   Code   RO         2824    i.RTC_GetITStatus   stm32f10x_rtc.o
    0x08001c38   0x08001c38   0x00000078   Code   RO         3834    i.RTC_Get_Week      rtc.o
    0x08001cb0   0x08001cb0   0x00000038   Code   RO         3835    i.RTC_IRQHandler    rtc.o
    0x08001ce8   0x08001ce8   0x00000020   Code   RO         2825    i.RTC_ITConfig      stm32f10x_rtc.o
    0x08001d08   0x08001d08   0x000000c0   Code   RO         3836    i.RTC_Init          rtc.o
    0x08001dc8   0x08001dc8   0x00000020   Code   RO         3837    i.RTC_NVIC_Config   rtc.o
    0x08001de8   0x08001de8   0x000000c8   Code   RO         3838    i.RTC_Set           rtc.o
    0x08001eb0   0x08001eb0   0x0000001c   Code   RO         2827    i.RTC_SetCounter    stm32f10x_rtc.o
    0x08001ecc   0x08001ecc   0x00000020   Code   RO         2828    i.RTC_SetPrescaler  stm32f10x_rtc.o
    0x08001eec   0x08001eec   0x00000014   Code   RO         2829    i.RTC_WaitForLastTask  stm32f10x_rtc.o
    0x08001f00   0x08001f00   0x00000024   Code   RO         2830    i.RTC_WaitForSynchro  stm32f10x_rtc.o
    0x08001f24   0x08001f24   0x00000002   Code   RO          183    i.SVC_Handler       stm32f10x_it.o
    0x08001f26   0x08001f26   0x00000008   Code   RO         3237    i.SetSysClock       system_stm32f10x.o
    0x08001f2e   0x08001f2e   0x00000002   PAD
    0x08001f30   0x08001f30   0x000000e0   Code   RO         3238    i.SetSysClockTo72   system_stm32f10x.o
    0x08002010   0x08002010   0x00000154   Code   RO            3    i.Show_BT_Info      main.o
    0x08002164   0x08002164   0x000002a8   Code   RO            4    i.Show_Sensor_Info  main.o
    0x0800240c   0x0800240c   0x00000028   Code   RO          588    i.SysTick_CLKSourceConfig  misc.o
    0x08002434   0x08002434   0x00000002   Code   RO          184    i.SysTick_Handler   stm32f10x_it.o
    0x08002436   0x08002436   0x00000002   PAD
    0x08002438   0x08002438   0x0000003c   Code   RO         4122    i.SysTick_Init      systick.o
    0x08002474   0x08002474   0x00000060   Code   RO         3240    i.SystemInit        system_stm32f10x.o
    0x080024d4   0x080024d4   0x0000007e   Code   RO         3350    i.TFTLCD_FSMC_Init  tftlcd.o
    0x08002552   0x08002552   0x00000002   PAD
    0x08002554   0x08002554   0x00000098   Code   RO         3351    i.TFTLCD_GPIO_Init  tftlcd.o
    0x080025ec   0x080025ec   0x00000254   Code   RO         3352    i.TFTLCD_Init       tftlcd.o
    0x08002840   0x08002840   0x00000030   Code   RO         4079    i.TIM4_IRQHandler   time.o
    0x08002870   0x08002870   0x00000034   Code   RO         4081    i.TIM7_IRQHandler   time.o
    0x080028a4   0x080028a4   0x00000060   Code   RO         4082    i.TIM7_Int_Init     time.o
    0x08002904   0x08002904   0x00000018   Code   RO          678    i.TIM_ARRPreloadConfig  stm32f10x_tim.o
    0x0800291c   0x0800291c   0x00000006   Code   RO          685    i.TIM_ClearITPendingBit  stm32f10x_tim.o
    0x08002922   0x08002922   0x00000018   Code   RO          690    i.TIM_Cmd           stm32f10x_tim.o
    0x0800293a   0x0800293a   0x00000022   Code   RO          711    i.TIM_GetITStatus   stm32f10x_tim.o
    0x0800295c   0x0800295c   0x00000012   Code   RO          715    i.TIM_ITConfig      stm32f10x_tim.o
    0x0800296e   0x0800296e   0x00000002   PAD
    0x08002970   0x08002970   0x000000a0   Code   RO          729    i.TIM_OC3Init       stm32f10x_tim.o
    0x08002a10   0x08002a10   0x00000012   Code   RO          732    i.TIM_OC3PreloadConfig  stm32f10x_tim.o
    0x08002a22   0x08002a22   0x00000004   Code   RO          753    i.TIM_SetCompare3   stm32f10x_tim.o
    0x08002a26   0x08002a26   0x00000004   Code   RO          755    i.TIM_SetCounter    stm32f10x_tim.o
    0x08002a2a   0x08002a2a   0x00000002   PAD
    0x08002a2c   0x08002a2c   0x000000a4   Code   RO          761    i.TIM_TimeBaseInit  stm32f10x_tim.o
    0x08002ad0   0x08002ad0   0x00000088   Code   RO         4151    i.USART1_IRQHandler  usart.o
    0x08002b58   0x08002b58   0x000000b0   Code   RO         4152    i.USART1_Init       usart.o
    0x08002c08   0x08002c08   0x00000070   Code   RO         4038    i.USART3_IRQHandler  usart3.o
    0x08002c78   0x08002c78   0x000000d0   Code   RO         4039    i.USART3_Init       usart3.o
    0x08002d48   0x08002d48   0x00000012   Code   RO         1222    i.USART_ClearFlag   stm32f10x_usart.o
    0x08002d5a   0x08002d5a   0x00000018   Code   RO         1226    i.USART_Cmd         stm32f10x_usart.o
    0x08002d72   0x08002d72   0x00000002   PAD
    0x08002d74   0x08002d74   0x0000009c   Code   RO         1228    i.USART_DeInit      stm32f10x_usart.o
    0x08002e10   0x08002e10   0x0000001a   Code   RO         1229    i.USART_GetFlagStatus  stm32f10x_usart.o
    0x08002e2a   0x08002e2a   0x00000054   Code   RO         1230    i.USART_GetITStatus  stm32f10x_usart.o
    0x08002e7e   0x08002e7e   0x0000004a   Code   RO         1232    i.USART_ITConfig    stm32f10x_usart.o
    0x08002ec8   0x08002ec8   0x000000d8   Code   RO         1233    i.USART_Init        stm32f10x_usart.o
    0x08002fa0   0x08002fa0   0x0000000a   Code   RO         1240    i.USART_ReceiveData  stm32f10x_usart.o
    0x08002faa   0x08002faa   0x00000008   Code   RO         1243    i.USART_SendData    stm32f10x_usart.o
    0x08002fb2   0x08002fb2   0x00000004   Code   RO          185    i.UsageFault_Handler  stm32f10x_it.o
    0x08002fb6   0x08002fb6   0x00000002   PAD
    0x08002fb8   0x08002fb8   0x00000020   Code   RO         4396    i.__0printf$8       mc_w.l(printf8.o)
    0x08002fd8   0x08002fd8   0x00000028   Code   RO         4398    i.__0sprintf$8      mc_w.l(printf8.o)
    0x08003000   0x08003000   0x00000024   Code   RO         4428    i.__0vsprintf       mc_w.l(printfa.o)
    0x08003024   0x08003024   0x0000000e   Code   RO         4496    i.__scatterload_copy  mc_w.l(handlers.o)
    0x08003032   0x08003032   0x00000002   Code   RO         4497    i.__scatterload_null  mc_w.l(handlers.o)
    0x08003034   0x08003034   0x0000000e   Code   RO         4498    i.__scatterload_zeroinit  mc_w.l(handlers.o)
    0x08003042   0x08003042   0x00000002   PAD
    0x08003044   0x08003044   0x00000184   Code   RO         4429    i._fp_digits        mc_w.l(printfa.o)
    0x080031c8   0x080031c8   0x00000410   Code   RO         4403    i._printf_core      mc_w.l(printf8.o)
    0x080035d8   0x080035d8   0x000006dc   Code   RO         4430    i._printf_core      mc_w.l(printfa.o)
    0x08003cb4   0x08003cb4   0x00000024   Code   RO         4404    i._printf_post_padding  mc_w.l(printf8.o)
    0x08003cd8   0x08003cd8   0x00000024   Code   RO         4431    i._printf_post_padding  mc_w.l(printfa.o)
    0x08003cfc   0x08003cfc   0x0000002e   Code   RO         4405    i._printf_pre_padding  mc_w.l(printf8.o)
    0x08003d2a   0x08003d2a   0x0000002e   Code   RO         4432    i._printf_pre_padding  mc_w.l(printfa.o)
    0x08003d58   0x08003d58   0x0000000a   Code   RO         4407    i._sputc            mc_w.l(printf8.o)
    0x08003d62   0x08003d62   0x0000000a   Code   RO         4434    i._sputc            mc_w.l(printfa.o)
    0x08003d6c   0x08003d6c   0x0000004c   Code   RO         4123    i.delay_ms          systick.o
    0x08003db8   0x08003db8   0x0000004c   Code   RO         4124    i.delay_us          systick.o
    0x08003e04   0x08003e04   0x00000024   Code   RO         4153    i.fputc             usart.o
    0x08003e28   0x08003e28   0x0000041c   Code   RO            5    i.main              main.o
    0x08004244   0x08004244   0x00000050   Code   RO         4040    i.u3_printf         usart3.o
    0x08004294   0x08004294   0x00004918   Data   RO         3353    .constdata          tftlcd.o
    0x08008bac   0x08008bac   0x00000018   Data   RO         3840    .constdata          rtc.o
    0x08008bc4   0x08008bc4   0x00000020   Data   RO         4494    Region$$Table       anon$$obj.o


    Execution Region RW_IRAM1 (Exec base: 0x20000000, Load base: 0x08008be4, Size: 0x000009e0, Max: 0x00010000, ABSOLUTE)

    Exec Addr    Load Addr    Size         Type   Attr      Idx    E Section Name        Object

    0x20000000   0x08008be4   0x00000003   Data   RW            7    .data               main.o
    0x20000003   0x08008be7   0x00000014   Data   RW          416    .data               stm32f10x_rcc.o
    0x20000017   0x08008bfb   0x00000001   PAD
    0x20000018   0x08008bfc   0x0000000c   Data   RW         3354    .data               tftlcd.o
    0x20000024   0x08008c08   0x00000005   Data   RW         3638    .data               beep.o
    0x20000029   0x08008c0d   0x00000003   PAD
    0x2000002c   0x08008c10   0x00000005   Data   RW         3740    .data               hwjs.o
    0x20000031   0x08008c15   0x00000001   Data   RW         3770    .data               key.o
    0x20000032   0x08008c16   0x00000004   Data   RW         3841    .data               rtc.o
    0x20000036   0x08008c1a   0x00000002   Data   RW         4042    .data               usart3.o
    0x20000038   0x08008c1c   0x00000004   Data   RW         4125    .data               systick.o
    0x2000003c   0x08008c20   0x00000002   Data   RW         4155    .data               usart.o
    0x2000003e   0x08008c22   0x00000002   PAD
    0x20000040   0x08008c24   0x00000004   Data   RW         4470    .data               mc_w.l(stdout.o)
    0x20000044        -       0x00000014   Zero   RW            6    .bss                main.o
    0x20000058        -       0x0000000a   Zero   RW         3839    .bss                rtc.o
    0x20000062        -       0x000004b0   Zero   RW         4041    .bss                usart3.o
    0x20000512        -       0x000000c8   Zero   RW         4154    .bss                usart.o
    0x200005da   0x08008c28   0x00000006   PAD
    0x200005e0        -       0x00000400   Zero   RW          262    STACK               startup_stm32f10x_hd.o


==============================================================================

Image component sizes


      Code (inc. data)   RO Data    RW Data    ZI Data      Debug   Object Name

       320         62          0          5          0       2766   beep.o
       450         38          0          0          0       4697   dht11.o
       568         86          0          0          0       2467   hc05.o
       188         20          0          5          0       1452   hwjs.o
       220         20          0          1          0       1150   key.o
        76          8          0          0          0        491   led.o
       272         16          0          0          0       1692   lsens.o
      2240        662          0          3         20     275706   main.o
       172         22          0          0          0       2253   misc.o
       914         42         24          4         10       5561   rtc.o
        36          8        304          0       1024        852   startup_stm32f10x_hd.o
       486         24          0          0          0       9142   stm32f10x_adc.o
        72         10          0          0          0       2880   stm32f10x_bkp.o
        12          6          0          0          0        565   stm32f10x_exti.o
       282          6          0          0          0       1965   stm32f10x_fsmc.o
       444          6          0          0          0       4185   stm32f10x_gpio.o
        26          0          0          0          0       3866   stm32f10x_it.o
        12          6          0          0          0        554   stm32f10x_pwr.o
       524         76          0         20          0       9448   stm32f10x_rcc.o
       260         48          0          0          0       5600   stm32f10x_rtc.o
       456         52          0          0          0       6981   stm32f10x_tim.o
       616         28          0          0          0       7790   stm32f10x_usart.o
       328         28          0          0          0       1961   system_stm32f10x.o
       212         16          0          4          0       1749   systick.o
      1662        100      18712         12          0      11365   tftlcd.o
       196         26          0          0          0       1568   time.o
       348         28          0          2        200       2376   usart.o
       400         44          0          2       1200       3254   usart3.o

    ----------------------------------------------------------------------
     11826       1488      19072         64       2460     374336   Object Totals
         0          0         32          0          0          0   (incl. Generated)
        34          0          0          6          6          0   (incl. Padding)

    ----------------------------------------------------------------------

      Code (inc. data)   RO Data    RW Data    ZI Data      Debug   Library Member Name

         0          0          0          0          0          0   entry.o
         0          0          0          0          0          0   entry10a.o
         0          0          0          0          0          0   entry11a.o
         8          4          0          0          0          0   entry2.o
         4          0          0          0          0          0   entry5.o
         0          0          0          0          0          0   entry7b.o
         0          0          0          0          0          0   entry8b.o
         8          4          0          0          0          0   entry9a.o
        30          0          0          0          0          0   handlers.o
        36          8          0          0          0         68   init.o
         0          0          0          0          0          0   iusefp.o
        30          0          0          0          0         68   llshl.o
        36          0          0          0          0         68   llsshr.o
        32          0          0          0          0         68   llushr.o
      1204         60          0          0          0        504   printf8.o
      2272         86          0          0          0        516   printfa.o
         0          0          0          4          0          0   stdout.o
        28          0          0          0          0         76   strcmp.o
        14          0          0          0          0         68   strlen.o
        44          0          0          0          0         80   uidiv.o
        98          0          0          0          0         92   uldiv.o
        48          0          0          0          0         68   cdrcmple.o
       334          0          0          0          0        148   dadd.o
       222          0          0          0          0        100   ddiv.o
       186          0          0          0          0        176   depilogue.o
        48          0          0          0          0         68   dfixul.o
       228          0          0          0          0         96   dmul.o

    ----------------------------------------------------------------------
      4914        162          0          4          0       2264   Library Totals
         4          0          0          0          0          0   (incl. Padding)

    ----------------------------------------------------------------------

      Code (inc. data)   RO Data    RW Data    ZI Data      Debug   Library Name

      3844        162          0          4          0       1608   mc_w.l
      1066          0          0          0          0        656   mf_w.l

    ----------------------------------------------------------------------
      4914        162          0          4          0       2264   Library Totals

    ----------------------------------------------------------------------

==============================================================================


      Code (inc. data)   RO Data    RW Data    ZI Data      Debug   

     16740       1650      19072         68       2460     368588   Grand Totals
     16740       1650      19072         68       2460     368588   ELF Image Totals
     16740       1650      19072         68          0          0   ROM Totals

==============================================================================

    Total RO  Size (Code + RO Data)                35812 (  34.97kB)
    Total RW  Size (RW Data + ZI Data)              2528 (   2.47kB)
    Total ROM Size (Code + RO Data + RW Data)      35880 (  35.04kB)

==============================================================================

