Component: ARM Compiler 5.06 update 6 (build 750) Tool: armlink [4d35ed]

==============================================================================

Section Cross References

    main.o(i.Check_Clock_Mode_Activity) refers to key.o(i.KEY_Scan) for KEY_Scan
    main.o(i.Check_Clock_Mode_Activity) refers to main.o(i.Exit_Clock_Mode) for Exit_Clock_Mode
    main.o(i.Check_Clock_Mode_Activity) refers to hwjs.o(.data) for hw_jsbz
    main.o(i.Exit_Clock_Mode) refers to printf8.o(i.__0printf$8) for __2printf
    main.o(i.Exit_Clock_Mode) refers to dht11.o(i.DHT11_Read_Data) for DHT11_Read_Data
    main.o(i.Exit_Clock_Mode) refers to lsens.o(i.Lsens_Get_Val) for Lsens_Get_Val
    main.o(i.Exit_Clock_Mode) refers to main.o(i.Show_Sensor_Info) for Show_Sensor_Info
    main.o(i.Exit_Clock_Mode) refers to main.o(i.Show_Help_Page) for Show_Help_Page
    main.o(i.Exit_Clock_Mode) refers to main.o(i.Show_BT_Info) for Show_BT_Info
    main.o(i.Exit_Clock_Mode) refers to main.o(.data) for clock_mode_active
    main.o(i.HC05_Role_Show) refers to hc05.o(i.HC05_Get_Role) for HC05_Get_Role
    main.o(i.HC05_Role_Show) refers to tftlcd.o(i.LCD_ShowString) for LCD_ShowString
    main.o(i.HC05_Sta_Show) refers to tftlcd.o(i.LCD_ShowString) for LCD_ShowString
    main.o(i.Init_Clock_Display) refers to tftlcd.o(i.LCD_Clear) for LCD_Clear
    main.o(i.Init_Clock_Display) refers to tftlcd.o(i.LCD_ShowString) for LCD_ShowString
    main.o(i.Init_Clock_Display) refers to main.o(i.draw_circle) for draw_circle
    main.o(i.Init_Clock_Display) refers to main.o(i.draw_dotline) for draw_dotline
    main.o(i.Init_Clock_Display) refers to printf8.o(i.__0printf$8) for __2printf
    main.o(i.Init_Clock_Display) refers to tftlcd.o(.data) for FRONT_COLOR
    main.o(i.Init_Clock_Display) refers to main.o(.data) for clock_mode_active
    main.o(i.Init_Sensor_Info_Layout) refers to tftlcd.o(i.LCD_Clear) for LCD_Clear
    main.o(i.Init_Sensor_Info_Layout) refers to tftlcd.o(i.LCD_ShowPicture) for LCD_ShowPicture
    main.o(i.Init_Sensor_Info_Layout) refers to tftlcd.o(i.LCD_ShowString) for LCD_ShowString
    main.o(i.Init_Sensor_Info_Layout) refers to bk_image.o(.constdata) for gImage_BK
    main.o(i.Initialize_Bluetooth) refers to tftlcd.o(i.LCD_ShowString) for LCD_ShowString
    main.o(i.Initialize_Bluetooth) refers to systick.o(i.delay_ms) for delay_ms
    main.o(i.Initialize_Bluetooth) refers to usart3.o(i.USART3_Init) for USART3_Init
    main.o(i.Initialize_Bluetooth) refers to key.o(i.KEY_Scan) for KEY_Scan
    main.o(i.Initialize_Bluetooth) refers to printf8.o(i.__0printf$8) for __2printf
    main.o(i.Initialize_Bluetooth) refers to hc05.o(i.HC05_Init) for HC05_Init
    main.o(i.Initialize_Bluetooth) refers to main.o(.data) for bt_initialized
    main.o(i.Process_BT_Command) refers to strcmp.o(.text) for strcmp
    main.o(i.Process_BT_Command) refers to beep.o(i.BEEP_On) for BEEP_On
    main.o(i.Process_BT_Command) refers to beep.o(i.BEEP_Off) for BEEP_Off
    main.o(i.Process_BT_Command) refers to strncmp.o(.text) for strncmp
    main.o(i.Process_BT_Command) refers to atoi.o(.text) for atoi
    main.o(i.Process_BT_Command) refers to usart3.o(i.u3_printf) for u3_printf
    main.o(i.Process_BT_Command) refers to printf8.o(i.__0printf$8) for __2printf
    main.o(i.Process_BT_Command) refers to tftlcd.o(i.LCD_Fill) for LCD_Fill
    main.o(i.Process_BT_Command) refers to printf8.o(i.__0sprintf$8) for __2sprintf
    main.o(i.Process_BT_Command) refers to tftlcd.o(i.LCD_ShowString) for LCD_ShowString
    main.o(i.Process_BT_Command) refers to main.o(i.Show_BT_Info) for Show_BT_Info
    main.o(i.Process_BT_Command) refers to main.o(.data) for beep_delay
    main.o(i.Process_IR_Command) refers to main.o(i.Reset_Idle_Timer) for Reset_Idle_Timer
    main.o(i.Process_IR_Command) refers to printf8.o(i.__0printf$8) for __2printf
    main.o(i.Process_IR_Command) refers to stm32f10x_tim.o(i.TIM_SetCompare2) for TIM_SetCompare2
    main.o(i.Process_IR_Command) refers to tftlcd.o(i.LCD_ShowString) for LCD_ShowString
    main.o(i.Process_IR_Command) refers to printf8.o(i.__0sprintf$8) for __2sprintf
    main.o(i.Process_IR_Command) refers to ws2812.o(i.RGB_LED_Init) for RGB_LED_Init
    main.o(i.Process_IR_Command) refers to ws2812.o(i.RGB_ShowCharNum_Debug) for RGB_ShowCharNum_Debug
    main.o(i.Process_IR_Command) refers to music.o(i.Music_Prev_Song) for Music_Prev_Song
    main.o(i.Process_IR_Command) refers to hwjs.o(.data) for hw_jsbz
    main.o(i.Process_IR_Command) refers to main.o(.data) for motor_power
    main.o(i.Process_IR_Command) refers to main.o(.bss) for buf
    main.o(i.Process_IR_Command) refers to music.o(i.Music_Next_Song) for Music_Next_Song
    main.o(i.RGB_LED_Demo) refers to printf8.o(i.__0printf$8) for __2printf
    main.o(i.RGB_LED_Demo) refers to ws2812.o(i.RGB_LED_Init) for RGB_LED_Init
    main.o(i.RGB_LED_Demo) refers to rgb_display.o(i.RGB_ShowCustomChar) for RGB_ShowCustomChar
[...]
    i.USART_ReceiveData                      0x08005074   Section        0  stm32f10x_usart.o(i.USART_ReceiveData)
    i.USART_SendData                         0x0800507e   Section        0  stm32f10x_usart.o(i.USART_SendData)
    i.Update_Clock_Display                   0x08005088   Section        0  main.o(i.Update_Clock_Display)
    i.Update_Sensor_Values                   0x08005174   Section        0  main.o(i.Update_Sensor_Values)
    i.UsageFault_Handler                     0x08005678   Section        0  stm32f10x_it.o(i.UsageFault_Handler)
    i.__0printf$8                            0x0800567c   Section        0  printf8.o(i.__0printf$8)
    i.__0sprintf$8                           0x0800569c   Section        0  printf8.o(i.__0sprintf$8)
    i.__0vsprintf                            0x080056c4   Section        0  printfa.o(i.__0vsprintf)
    i.__ARM_fpclassify                       0x080056e8   Section        0  fpclassify.o(i.__ARM_fpclassify)
    i.__aeabi_errno_addr                     0x08005710   Section        0  errno.o(i.__aeabi_errno_addr)
    i.__ieee754_rem_pio2                     0x08005718   Section        0  rred.o(i.__ieee754_rem_pio2)
    i.__kernel_cos                           0x08005aa0   Section        0  cos_i.o(i.__kernel_cos)
    i.__kernel_poly                          0x08005b9c   Section        0  poly.o(i.__kernel_poly)
    i.__kernel_sin                           0x08005c48   Section        0  sin_i.o(i.__kernel_sin)
    i.__mathlib_dbl_infnan                   0x08005d34   Section        0  dunder.o(i.__mathlib_dbl_infnan)
    i.__mathlib_dbl_invalid                  0x08005d3a   Section        0  dunder.o(i.__mathlib_dbl_invalid)
    i.__mathlib_dbl_underflow                0x08005d48   Section        0  dunder.o(i.__mathlib_dbl_underflow)
    i.__scatterload_copy                     0x08005d58   Section       14  handlers.o(i.__scatterload_copy)
    i.__scatterload_null                     0x08005d66   Section        2  handlers.o(i.__scatterload_null)
    i.__scatterload_zeroinit                 0x08005d68   Section       14  handlers.o(i.__scatterload_zeroinit)
    i.__set_errno                            0x08005d78   Section        0  errno.o(i.__set_errno)
    i._fp_digits                             0x08005d84   Section        0  printfa.o(i._fp_digits)
    _fp_digits                               0x08005d85   Thumb Code   366  printfa.o(i._fp_digits)
    i._printf_core                           0x08005f08   Section        0  printf8.o(i._printf_core)
    _printf_core                             0x08005f09   Thumb Code   996  printf8.o(i._printf_core)
    i._printf_core                           0x08006318   Section        0  printfa.o(i._printf_core)
    _printf_core                             0x08006319   Thumb Code  1744  printfa.o(i._printf_core)
    i._printf_post_padding                   0x080069f4   Section        0  printf8.o(i._printf_post_padding)
    _printf_post_padding                     0x080069f5   Thumb Code    36  printf8.o(i._printf_post_padding)
    i._printf_post_padding                   0x08006a18   Section        0  printfa.o(i._printf_post_padding)
    _printf_post_padding                     0x08006a19   Thumb Code    36  printfa.o(i._printf_post_padding)
    i._printf_pre_padding                    0x08006a3c   Section        0  printf8.o(i._printf_pre_padding)
    _printf_pre_padding                      0x08006a3d   Thumb Code    46  printf8.o(i._printf_pre_padding)
    i._printf_pre_padding                    0x08006a6a   Section        0  printfa.o(i._printf_pre_padding)
    _printf_pre_padding                      0x08006a6b   Thumb Code    46  printfa.o(i._printf_pre_padding)
    i._sputc                                 0x08006a98   Section        0  printf8.o(i._sputc)
    _sputc                                   0x08006a99   Thumb Code    10  printf8.o(i._sputc)
    i._sputc                                 0x08006aa2   Section        0  printfa.o(i._sputc)
    _sputc                                   0x08006aa3   Thumb Code    10  printfa.o(i._sputc)
    i.cos                                    0x08006aac   Section        0  cos.o(i.cos)
    i.delay_ms                               0x08006b48   Section        0  systick.o(i.delay_ms)
    i.delay_us                               0x08006b94   Section        0  systick.o(i.delay_us)
    i.draw_circle                            0x08006be0   Section        0  main.o(i.draw_circle)
    i.draw_dotline                           0x08006c2c   Section        0  main.o(i.draw_dotline)
    i.draw_hand                              0x08006fc4   Section        0  main.o(i.draw_hand)
    i.draw_hand_clear                        0x08007314   Section        0  main.o(i.draw_hand_clear)
    i.fputc                                  0x08007654   Section        0  usart.o(i.fputc)
    i.get_circle                             0x08007678   Section        0  main.o(i.get_circle)
    i.main                                   0x08007740   Section        0  main.o(i.main)
    i.sin                                    0x08008134   Section        0  sin.o(i.sin)
    i.u3_printf                              0x080081d4   Section        0  usart3.o(i.u3_printf)
    .constdata                               0x08008224   Section       76  main.o(.constdata)
    .constdata                               0x08008270   Section    18712  tftlcd.o(.constdata)
    ascii_1206                               0x08008270   Data        1140  tftlcd.o(.constdata)
    ascii_1608                               0x080086e4   Data        1520  tftlcd.o(.constdata)
    ascii_2412                               0x08008cd4   Data        3420  tftlcd.o(.constdata)
    ascii_3216                               0x08009a30   Data       12160  tftlcd.o(.constdata)
    .constdata                               0x0800cb88   Section     9600  bk_image.o(.constdata)
    .constdata                               0x0800f108   Section       24  rtc.o(.constdata)
    .constdata                               0x0800f120   Section      133  ws2812.o(.constdata)
    .constdata                               0x0800f1a6   Section      666  music.o(.constdata)
    .constdata                               0x0800f440   Section       92  rgb_display.o(.constdata)
    .constdata                               0x0800f4a0   Section       48  cos_i.o(.constdata)
    C                                        0x0800f4a0   Data          48  cos_i.o(.constdata)
    .constdata                               0x0800f4d0   Section      200  rred.o(.constdata)
    pio2s                                    0x0800f4d0   Data          48  rred.o(.constdata)
    twooverpi                                0x0800f500   Data         152  rred.o(.constdata)
    .constdata                               0x0800f598   Section       40  sin_i.o(.constdata)
    S                                        0x0800f598   Data          40  sin_i.o(.constdata)
    .constdata                               0x0800f5c0   Section      129  ctype_o.o(.constdata)
    .constdata                               0x0800f644   Section        4  ctype_o.o(.constdata)
    table                                    0x0800f644   Data           4  ctype_o.o(.constdata)
    .conststring                             0x0800f648   Section       43  music.o(.conststring)
    .data                                    0x20000000   Section       32  main.o(.data)
    .data                                    0x20000020   Section       20  stm32f10x_rcc.o(.data)
    APBAHBPrescTable                         0x20000020   Data          16  stm32f10x_rcc.o(.data)
    ADCPrescTable                            0x20000030   Data           4  stm32f10x_rcc.o(.data)
    .data                                    0x20000034   Section       12  tftlcd.o(.data)
    .data                                    0x20000040   Section        5  beep.o(.data)
    .data                                    0x20000048   Section        5  hwjs.o(.data)
    .data                                    0x2000004d   Section        1  key.o(.data)
    key                                      0x2000004d   Data           1  key.o(.data)
    .data                                    0x2000004e   Section        4  rtc.o(.data)
    daycnt                                   0x20000050   Data           2  rtc.o(.data)
    .data                                    0x20000052   Section        2  usart3.o(.data)
    .data                                    0x20000054   Section       40  music.o(.data)
    .data                                    0x2000007c   Section        4  systick.o(.data)
    fac_us                                   0x2000007c   Data           1  systick.o(.data)
    fac_ms                                   0x2000007e   Data           2  systick.o(.data)
    .data                                    0x20000080   Section        2  usart.o(.data)
    .data                                    0x20000084   Section        4  stdout.o(.data)
    .data                                    0x20000088   Section        4  errno.o(.data)
    _errno                                   0x20000088   Data           4  errno.o(.data)
    .bss                                     0x2000008c   Section       52  main.o(.bss)
    .bss                                     0x200000c0   Section       10  rtc.o(.bss)
    .bss                                     0x200000ca   Section       75  ws2812.o(.bss)
    .bss                                     0x20000115   Section     1200  usart3.o(.bss)
    .bss                                     0x200005c5   Section      200  usart.o(.bss)
    STACK                                    0x20000690   Section     1024  startup_stm32f10x_hd.o(STACK)

    Global Symbols

    Symbol Name                              Value     Ov Type        Size  Object(Section)

    BuildAttributes$$THM_ISAv4$P$D$K$B$S$PE$A:L22UL41UL21$X:L11$S22US41US21$IEEE1$IW$USESV6$~STKCKD$USESV7$~SHL$OTIME$ROPI$IEEEX$EBA8$MICROLIB$REQ8$PRES8$EABIv2 0x00000000   Number         0  anon$$obj.o ABSOLUTE
    __ARM_use_no_argv                        0x00000000   Number         0  main.o ABSOLUTE
    _printf_a                                0x00000000   Number         0  stubs.o ABSOLUTE
    _printf_c                                0x00000000   Number         0  stubs.o ABSOLUTE
    _printf_charcount                        0x00000000   Number         0  stubs.o ABSOLUTE
    _printf_d                                0x00000000   Number         0  stubs.o ABSOLUTE
    _printf_e                                0x00000000   Number         0  stubs.o ABSOLUTE
    _printf_f                                0x00000000   Number         0  stubs.o ABSOLUTE
    _printf_flags                            0x00000000   Number         0  stubs.o ABSOLUTE
    _printf_fp_dec                           0x00000000   Number         0  stubs.o ABSOLUTE
    _printf_fp_hex                           0x00000000   Number         0  stubs.o ABSOLUTE
    _printf_g                                0x00000000   Number         0  stubs.o ABSOLUTE
    _printf_i                                0x00000000   Number         0  stubs.o ABSOLUTE
    _printf_int_dec                          0x00000000   Number         0  stubs.o ABSOLUTE
    _printf_l                                0x00000000   Number         0  stubs.o ABSOLUTE
    _printf_lc                               0x00000000   Number         0  stubs.o ABSOLUTE
    _printf_ll                               0x00000000   Number         0  stubs.o ABSOLUTE
    _printf_lld                              0x00000000   Number         0  stubs.o ABSOLUTE
    _printf_lli                              0x00000000   Number         0  stubs.o ABSOLUTE
    _printf_llo                              0x00000000   Number         0  stubs.o ABSOLUTE
    _printf_llu                              0x00000000   Number         0  stubs.o ABSOLUTE
    _printf_llx                              0x00000000   Number         0  stubs.o ABSOLUTE
    _printf_longlong_dec                     0x00000000   Number         0  stubs.o ABSOLUTE
    _printf_longlong_hex                     0x00000000   Number         0  stubs.o ABSOLUTE
    _printf_longlong_oct                     0x00000000   Number         0  stubs.o ABSOLUTE
    _printf_ls                               0x00000000   Number         0  stubs.o ABSOLUTE
    _printf_mbtowc                           0x00000000   Number         0  stubs.o ABSOLUTE
    _printf_n                                0x00000000   Number         0  stubs.o ABSOLUTE
    _printf_o                                0x00000000   Number         0  stubs.o ABSOLUTE
    _printf_p                                0x00000000   Number         0  stubs.o ABSOLUTE
    _printf_percent                          0x00000000   Number         0  stubs.o ABSOLUTE
    _printf_pre_padding                      0x00000000   Number         0  stubs.o ABSOLUTE
    _printf_return_value                     0x00000000   Number         0  stubs.o ABSOLUTE
    _printf_s                                0x00000000   Number         0  stubs.o ABSOLUTE
    _printf_sizespec                         0x00000000   Number         0  stubs.o ABSOLUTE
    _printf_str                              0x00000000   Number         0  stubs.o ABSOLUTE
    _printf_truncate_signed                  0x00000000   Number         0  stubs.o ABSOLUTE
    _printf_truncate_unsigned                0x00000000   Number         0  stubs.o ABSOLUTE
    _printf_u                                0x00000000   Number         0  stubs.o ABSOLUTE
    _printf_wc                               0x00000000   Number         0  stubs.o ABSOLUTE
    _printf_wctomb                           0x00000000   Number         0  stubs.o ABSOLUTE
    _printf_widthprec                        0x00000000   Number         0  stubs.o ABSOLUTE
    _printf_x                                0x00000000   Number         0  stubs.o ABSOLUTE
    __cpp_initialize__aeabi_                  - Undefined Weak Reference
    __cxa_finalize                            - Undefined Weak Reference
    __decompress                              - Undefined Weak Reference
    _clock_init                               - Undefined Weak Reference
    _microlib_exit                            - Undefined Weak Reference
    __Vectors_Size                           0x00000130   Number         0  startup_stm32f10x_hd.o ABSOLUTE
    __Vectors                                0x08000000   Data           4  startup_stm32f10x_hd.o(RESET)
    __Vectors_End                            0x08000130   Data           0  startup_stm32f10x_hd.o(RESET)
    __main                                   0x08000131   Thumb Code     0  entry.o(.ARM.Collect$$$$00000000)
    _main_stk                                0x08000131   Thumb Code     0  entry2.o(.ARM.Collect$$$$00000001)
    _main_scatterload                        0x08000135   Thumb Code     0  entry5.o(.ARM.Collect$$$$00000004)
    __main_after_scatterload                 0x08000139   Thumb Code     0  entry5.o(.ARM.Collect$$$$00000004)
    _main_clock                              0x08000139   Thumb Code     0  entry7b.o(.ARM.Collect$$$$00000008)
    _main_cpp_init                           0x08000139   Thumb Code     0  entry8b.o(.ARM.Collect$$$$0000000A)
    _main_init                               0x08000139   Thumb Code     0  entry9a.o(.ARM.Collect$$$$0000000B)
    __rt_final_cpp                           0x08000141   Thumb Code     0  entry10a.o(.ARM.Collect$$$$0000000D)
    __rt_final_exit                          0x08000141   Thumb Code     0  entry11a.o(.ARM.Collect$$$$0000000F)
    Reset_Handler                            0x08000145   Thumb Code     8  startup_stm32f10x_hd.o(.text)
    ADC1_2_IRQHandler                        0x0800015f   Thumb Code     0  startup_stm32f10x_hd.o(.text)
    ADC3_IRQHandler                          0x0800015f   Thumb Code     0  startup_stm32f10x_hd.o(.text)
    CAN1_RX1_IRQHandler                      0x0800015f   Thumb Code     0  startup_stm32f10x_hd.o(.text)
    CAN1_SCE_IRQHandler                      0x0800015f   Thumb Code     0  startup_stm32f10x_hd.o(.text)
    DMA1_Channel1_IRQHandler                 0x0800015f   Thumb Code     0  startup_stm32f10x_hd.o(.text)
    DMA1_Channel2_IRQHandler                 0x0800015f   Thumb Code     0  startup_stm32f10x_hd.o(.text)
    DMA1_Channel3_IRQHandler                 0x0800015f   Thumb Code     0  startup_stm32f10x_hd.o(.text)
    DMA1_Channel4_IRQHandler                 0x0800015f   Thumb Code     0  startup_stm32f10x_hd.o(.text)
    DMA1_Channel5_IRQHandler                 0x0800015f   Thumb Code     0  startup_stm32f10x_hd.o(.text)
    DMA1_Channel6_IRQHandler                 0x0800015f   Thumb Code     0  startup_stm32f10x_hd.o(.text)
    DMA1_Channel7_IRQHandler                 0x0800015f   Thumb Code     0  startup_stm32f10x_hd.o(.text)
    DMA2_Channel1_IRQHandler                 0x0800015f   Thumb Code     0  startup_stm32f10x_hd.o(.text)
    DMA2_Channel2_IRQHandler                 0x0800015f   Thumb Code     0  startup_stm32f10x_hd.o(.text)
    DMA2_Channel3_IRQHandler                 0x0800015f   Thumb Code     0  startup_stm32f10x_hd.o(.text)
    DMA2_Channel4_5_IRQHandler               0x0800015f   Thumb Code     0  startup_stm32f10x_hd.o(.text)
    EXTI0_IRQHandler                         0x0800015f   Thumb Code     0  startup_stm32f10x_hd.o(.text)
    EXTI15_10_IRQHandler                     0x0800015f   Thumb Code     0  startup_stm32f10x_hd.o(.text)
    EXTI1_IRQHandler                         0x0800015f   Thumb Code     0  startup_stm32f10x_hd.o(.text)
    EXTI2_IRQHandler                         0x0800015f   Thumb Code     0  startup_stm32f10x_hd.o(.text)
    EXTI3_IRQHandler                         0x0800015f   Thumb Code     0  startup_stm32f10x_hd.o(.text)
    EXTI4_IRQHandler                         0x0800015f   Thumb Code     0  startup_stm32f10x_hd.o(.text)
    FLASH_IRQHandler                         0x0800015f   Thumb Code     0  startup_stm32f10x_hd.o(.text)
    FSMC_IRQHandler                          0x0800015f   Thumb Code     0  startup_stm32f10x_hd.o(.text)
    I2C1_ER_IRQHandler                       0x0800015f   Thumb Code     0  startup_stm32f10x_hd.o(.text)
    I2C1_EV_IRQHandler                       0x0800015f   Thumb Code     0  startup_stm32f10x_hd.o(.text)
    I2C2_ER_IRQHandler                       0x0800015f   Thumb Code     0  startup_stm32f10x_hd.o(.text)
    I2C2_EV_IRQHandler                       0x0800015f   Thumb Code     0  startup_stm32f10x_hd.o(.text)
    PVD_IRQHandler                           0x0800015f   Thumb Code     0  startup_stm32f10x_hd.o(.text)
    RCC_IRQHandler                           0x0800015f   Thumb Code     0  startup_stm32f10x_hd.o(.text)
    RTCAlarm_IRQHandler                      0x0800015f   Thumb Code     0  startup_stm32f10x_hd.o(.text)
    SDIO_IRQHandler                          0x0800015f   Thumb Code     0  startup_stm32f10x_hd.o(.text)
    SPI1_IRQHandler                          0x0800015f   Thumb Code     0  startup_stm32f10x_hd.o(.text)
    SPI2_IRQHandler                          0x0800015f   Thumb Code     0  startup_stm32f10x_hd.o(.text)
    SPI3_IRQHandler                          0x0800015f   Thumb Code     0  startup_stm32f10x_hd.o(.text)
    TAMPER_IRQHandler                        0x0800015f   Thumb Code     0  startup_stm32f10x_hd.o(.text)
    TIM1_BRK_IRQHandler                      0x0800015f   Thumb Code     0  startup_stm32f10x_hd.o(.text)
    TIM1_CC_IRQHandler                       0x0800015f   Thumb Code     0  startup_stm32f10x_hd.o(.text)
    TIM1_TRG_COM_IRQHandler                  0x0800015f   Thumb Code     0  startup_stm32f10x_hd.o(.text)
    TIM1_UP_IRQHandler                       0x0800015f   Thumb Code     0  startup_stm32f10x_hd.o(.text)
    TIM2_IRQHandler                          0x0800015f   Thumb Code     0  startup_stm32f10x_hd.o(.text)
    TIM3_IRQHandler                          0x0800015f   Thumb Code     0  startup_stm32f10x_hd.o(.text)
    TIM5_IRQHandler                          0x0800015f   Thumb Code     0  startup_stm32f10x_hd.o(.text)
    TIM6_IRQHandler                          0x0800015f   Thumb Code     0  startup_stm32f10x_hd.o(.text)
    TIM8_BRK_IRQHandler                      0x0800015f   Thumb Code     0  startup_stm32f10x_hd.o(.text)
    TIM8_CC_IRQHandler                       0x0800015f   Thumb Code     0  startup_stm32f10x_hd.o(.text)
    TIM8_TRG_COM_IRQHandler                  0x0800015f   Thumb Code     0  startup_stm32f10x_hd.o(.text)
    TIM8_UP_IRQHandler                       0x0800015f   Thumb Code     0  startup_stm32f10x_hd.o(.text)
    UART4_IRQHandler                         0x0800015f   Thumb Code     0  startup_stm32f10x_hd.o(.text)
    UART5_IRQHandler                         0x0800015f   Thumb Code     0  startup_stm32f10x_hd.o(.text)
    USART2_IRQHandler                        0x0800015f   Thumb Code     0  startup_stm32f10x_hd.o(.text)
    USBWakeUp_IRQHandler                     0x0800015f   Thumb Code     0  startup_stm32f10x_hd.o(.text)
    USB_HP_CAN1_TX_IRQHandler                0x0800015f   Thumb Code     0  startup_stm32f10x_hd.o(.text)
    USB_LP_CAN1_RX0_IRQHandler               0x0800015f   Thumb Code     0  startup_stm32f10x_hd.o(.text)
    WWDG_IRQHandler                          0x0800015f   Thumb Code     0  startup_stm32f10x_hd.o(.text)
    __aeabi_memcpy                           0x08000169   Thumb Code    36  memcpya.o(.text)
    __aeabi_memcpy4                          0x08000169   Thumb Code     0  memcpya.o(.text)
    __aeabi_memcpy8                          0x08000169   Thumb Code     0  memcpya.o(.text)
    strlen                                   0x0800018d   Thumb Code    14  strlen.o(.text)
    strcmp                                   0x0800019b   Thumb Code    28  strcmp.o(.text)
    strncmp                                  0x080001b7   Thumb Code    30  strncmp.o(.text)
    atoi                                     0x080001d5   Thumb Code    26  atoi.o(.text)
    __aeabi_dadd                             0x080001ef   Thumb Code   322  dadd.o(.text)
    __aeabi_dsub                             0x08000331   Thumb Code     6  dadd.o(.text)
    __aeabi_drsub                            0x08000337   Thumb Code     6  dadd.o(.text)
    __aeabi_dmul                             0x0800033d   Thumb Code   228  dmul.o(.text)
    __aeabi_ddiv                             0x08000421   Thumb Code   222  ddiv.o(.text)
    __aeabi_i2d                              0x080004ff   Thumb Code    34  dflti.o(.text)
    __aeabi_ui2d                             0x08000521   Thumb Code    26  dfltui.o(.text)
    __aeabi_d2iz                             0x0800053b   Thumb Code    62  dfixi.o(.text)
    __aeabi_uidiv                            0x08000579   Thumb Code     0  uidiv.o(.text)
    __aeabi_uidivmod                         0x08000579   Thumb Code    44  uidiv.o(.text)
    __aeabi_uldivmod                         0x080005a5   Thumb Code    98  uldiv.o(.text)
    __aeabi_llsl                             0x08000607   Thumb Code    30  llshl.o(.text)
    _ll_shift_l                              0x08000607   Thumb Code     0  llshl.o(.text)
    __aeabi_llsr                             0x08000625   Thumb Code    32  llushr.o(.text)
    _ll_ushift_r                             0x08000625   Thumb Code     0  llushr.o(.text)
    __aeabi_lasr                             0x08000645   Thumb Code    36  llsshr.o(.text)
    _ll_sshift_r                             0x08000645   Thumb Code     0  llsshr.o(.text)
    strtol                                   0x08000669   Thumb Code   112  strtol.o(.text)
    __I$use$fp                               0x080006d9   Thumb Code     0  iusefp.o(.text)
    _double_round                            0x080006d9   Thumb Code    30  depilogue.o(.text)
    _double_epilogue                         0x080006f7   Thumb Code   156  depilogue.o(.text)
    __aeabi_d2ulz                            0x08000793   Thumb Code    48  dfixul.o(.text)
    __aeabi_cdrcmple                         0x080007c5   Thumb Code    48  cdrcmple.o(.text)
    __scatterload                            0x080007f5   Thumb Code    28  init.o(.text)
    __scatterload_rt2                        0x080007f5   Thumb Code     0  init.o(.text)
    __rt_ctype_table                         0x08000819   Thumb Code     4  ctype_o.o(.text)
    _strtoul                                 0x08000821   Thumb Code   158  _strtoul.o(.text)
    __ARM_scalbn                             0x080008bf   Thumb Code    46  dscalb.o(.text)
    scalbn                                   0x080008bf   Thumb Code     0  dscalb.o(.text)
    _chval                                   0x080008ed   Thumb Code    28  _chval.o(.text)
    ADC_Cmd                                  0x08000909   Thumb Code    22  stm32f10x_adc.o(i.ADC_Cmd)
    ADC_DeInit                               0x08000921   Thumb Code    78  stm32f10x_adc.o(i.ADC_DeInit)
    ADC_GetCalibrationStatus                 0x0800097d   Thumb Code    20  stm32f10x_adc.o(i.ADC_GetCalibrationStatus)
    ADC_GetConversionValue                   0x08000991   Thumb Code     8  stm32f10x_adc.o(i.ADC_GetConversionValue)
    ADC_GetFlagStatus                        0x08000999   Thumb Code    18  stm32f10x_adc.o(i.ADC_GetFlagStatus)
    ADC_GetResetCalibrationStatus            0x080009ab   Thumb Code    20  stm32f10x_adc.o(i.ADC_GetResetCalibrationStatus)
    ADC_Init                                 0x080009c1   Thumb Code    70  stm32f10x_adc.o(i.ADC_Init)
    ADC_RegularChannelConfig                 0x08000a11   Thumb Code   184  stm32f10x_adc.o(i.ADC_RegularChannelConfig)
    ADC_ResetCalibration                     0x08000ac9   Thumb Code    10  stm32f10x_adc.o(i.ADC_ResetCalibration)
    ADC_SoftwareStartConvCmd                 0x08000ad3   Thumb Code    22  stm32f10x_adc.o(i.ADC_SoftwareStartConvCmd)
    ADC_StartCalibration                     0x08000ae9   Thumb Code    10  stm32f10x_adc.o(i.ADC_StartCalibration)
    BEEP_Init                                0x08000af5   Thumb Code   148  beep.o(i.BEEP_Init)
    BEEP_Off                                 0x08000b99   Thumb Code    18  beep.o(i.BEEP_Off)
    BEEP_On                                  0x08000bb5   Thumb Code    32  beep.o(i.BEEP_On)
    BKP_DeInit                               0x08000be5   Thumb Code    16  stm32f10x_bkp.o(i.BKP_DeInit)
    BKP_ReadBackupRegister                   0x08000bf5   Thumb Code    24  stm32f10x_bkp.o(i.BKP_ReadBackupRegister)
    BKP_WriteBackupRegister                  0x08000c11   Thumb Code    22  stm32f10x_bkp.o(i.BKP_WriteBackupRegister)
    BusFault_Handler                         0x08000c2d   Thumb Code     4  stm32f10x_it.o(i.BusFault_Handler)
    Check_Clock_Mode_Activity                0x08000c31   Thumb Code    44  main.o(i.Check_Clock_Mode_Activity)
    DHT11_Check                              0x08000c61   Thumb Code    74  dht11.o(i.DHT11_Check)
    DHT11_IO_IN                              0x08000cb1   Thumb Code    26  dht11.o(i.DHT11_IO_IN)
    DHT11_IO_OUT                             0x08000cd1   Thumb Code    32  dht11.o(i.DHT11_IO_OUT)
    DHT11_Init                               0x08000cf5   Thumb Code    58  dht11.o(i.DHT11_Init)
    DHT11_Read_Bit                           0x08000d35   Thumb Code    70  dht11.o(i.DHT11_Read_Bit)
    DHT11_Read_Byte                          0x08000d81   Thumb Code    30  dht11.o(i.DHT11_Read_Byte)
    DHT11_Read_Data                          0x08000d9f   Thumb Code    88  dht11.o(i.DHT11_Read_Data)
    DHT11_Rst                                0x08000df9   Thumb Code    34  dht11.o(i.DHT11_Rst)
    DebugMon_Handler                         0x08000e25   Thumb Code     2  stm32f10x_it.o(i.DebugMon_Handler)
    EXTI9_5_IRQHandler                       0x08000e29   Thumb Code   126  hwjs.o(i.EXTI9_5_IRQHandler)
    EXTI_ClearITPendingBit                   0x08000eb5   Thumb Code     6  stm32f10x_exti.o(i.EXTI_ClearITPendingBit)
    EXTI_Init                                0x08000ec1   Thumb Code   142  stm32f10x_exti.o(i.EXTI_Init)
    Exit_Clock_Mode                          0x08000f55   Thumb Code    84  main.o(i.Exit_Clock_Mode)
    FSMC_NORSRAMCmd                          0x08000fd1   Thumb Code    46  stm32f10x_fsmc.o(i.FSMC_NORSRAMCmd)
    FSMC_NORSRAMInit                         0x08001005   Thumb Code   230  stm32f10x_fsmc.o(i.FSMC_NORSRAMInit)
    GPIO_EXTILineConfig                      0x080010ed   Thumb Code    60  stm32f10x_gpio.o(i.GPIO_EXTILineConfig)
    GPIO_Init                                0x0800112d   Thumb Code   278  stm32f10x_gpio.o(i.GPIO_Init)
    GPIO_PinRemapConfig                      0x08001245   Thumb Code   138  stm32f10x_gpio.o(i.GPIO_PinRemapConfig)
    GPIO_ReadInputDataBit                    0x080012d5   Thumb Code    18  stm32f10x_gpio.o(i.GPIO_ReadInputDataBit)
    GPIO_ResetBits                           0x080012e7   Thumb Code     4  stm32f10x_gpio.o(i.GPIO_ResetBits)
    GPIO_SetBits                             0x080012eb   Thumb Code     4  stm32f10x_gpio.o(i.GPIO_SetBits)
    Get_ADC3                                 0x080012f1   Thumb Code    46  lsens.o(i.Get_ADC3)
    HC05_Get_Role                            0x08001325   Thumb Code   126  hc05.o(i.HC05_Get_Role)
    HC05_Init                                0x080013bd   Thumb Code   226  hc05.o(i.HC05_Init)
    HC05_Role_Show                           0x080014c1   Thumb Code    54  main.o(i.HC05_Role_Show)
    HC05_Set_Cmd                             0x08001511   Thumb Code   130  hc05.o(i.HC05_Set_Cmd)
    HC05_Sta_Show                            0x080015ad   Thumb Code    52  main.o(i.HC05_Sta_Show)
    HW_jssj                                  0x08001605   Thumb Code    42  hwjs.o(i.HW_jssj)
    HardFault_Handler                        0x08001635   Thumb Code     4  stm32f10x_it.o(i.HardFault_Handler)
    Hwjs_Init                                0x08001639   Thumb Code   108  hwjs.o(i.Hwjs_Init)
    Init_Clock_Display                       0x080016a9   Thumb Code    90  main.o(i.Init_Clock_Display)
    Init_Sensor_Info_Layout                  0x08001755   Thumb Code   282  main.o(i.Init_Sensor_Info_Layout)
    Initialize_Bluetooth                     0x080018f9   Thumb Code   410  main.o(i.Initialize_Bluetooth)
    Is_Leap_Year                             0x08001b89   Thumb Code    58  rtc.o(i.Is_Leap_Year)
    KEY_Init                                 0x08001bc5   Thumb Code    52  key.o(i.KEY_Init)
    KEY_Scan                                 0x08001c01   Thumb Code   148  key.o(i.KEY_Scan)
    LCD_Clear                                0x08001ca1   Thumb Code    68  tftlcd.o(i.LCD_Clear)
    LCD_Display_Dir                          0x08001ce9   Thumb Code    66  tftlcd.o(i.LCD_Display_Dir)
    LCD_DrawFRONT_COLOR                      0x08001d31   Thumb Code    28  tftlcd.o(i.LCD_DrawFRONT_COLOR)
    LCD_DrawLine                             0x08001d4d   Thumb Code   176  tftlcd.o(i.LCD_DrawLine)
    LCD_DrawPoint                            0x08001dfd   Thumb Code    28  tftlcd.o(i.LCD_DrawPoint)
    LCD_Fill                                 0x08001e1d   Thumb Code    92  tftlcd.o(i.LCD_Fill)
    LCD_ReadData                             0x08001e79   Thumb Code     6  tftlcd.o(i.LCD_ReadData)
    LCD_Set_Window                           0x08001e85   Thumb Code    74  tftlcd.o(i.LCD_Set_Window)
    LCD_ShowChar                             0x08001ed1   Thumb Code   272  tftlcd.o(i.LCD_ShowChar)
    LCD_ShowPicture                          0x08001ff9   Thumb Code   138  tftlcd.o(i.LCD_ShowPicture)
    LCD_ShowString                           0x08002083   Thumb Code   102  tftlcd.o(i.LCD_ShowString)
    LCD_WriteCmd                             0x080020e9   Thumb Code     6  tftlcd.o(i.LCD_WriteCmd)
    LCD_WriteData                            0x080020f5   Thumb Code     6  tftlcd.o(i.LCD_WriteData)
    LCD_WriteData_Color                      0x08002101   Thumb Code    12  tftlcd.o(i.LCD_WriteData_Color)
    LED_Init                                 0x08002111   Thumb Code    68  led.o(i.LED_Init)
    Lsens_Get_Val                            0x0800215d   Thumb Code    60  lsens.o(i.Lsens_Get_Val)
    Lsens_Init                               0x08002199   Thumb Code   150  lsens.o(i.Lsens_Init)
    MemManage_Handler                        0x08002239   Thumb Code     4  stm32f10x_it.o(i.MemManage_Handler)
    Music_Init                               0x0800223d   Thumb Code    26  music.o(i.Music_Init)
    Music_Next_Song                          0x0800226d   Thumb Code    42  music.o(i.Music_Next_Song)
    Music_Pause                              0x080022b5   Thumb Code    28  music.o(i.Music_Pause)
    Music_Play_Lanhua_Grass_New              0x080022e5   Thumb Code   110  music.o(i.Music_Play_Lanhua_Grass_New)
    Music_Play_Song                          0x0800239d   Thumb Code   112  music.o(i.Music_Play_Song)
    Music_Prev_Song                          0x0800244d   Thumb Code    44  music.o(i.Music_Prev_Song)
    Music_Resume                             0x08002499   Thumb Code    98  music.o(i.Music_Resume)
    Music_Stop                               0x08002529   Thumb Code    28  music.o(i.Music_Stop)
    Music_Update                             0x08002561   Thumb Code   224  music.o(i.Music_Update)
    Music_Update_New_Format                  0x080026b1   Thumb Code   244  music.o(i.Music_Update_New_Format)
    NMI_Handler                              0x08002845   Thumb Code     2  stm32f10x_it.o(i.NMI_Handler)
    NVIC_Init                                0x08002849   Thumb Code   100  misc.o(i.NVIC_Init)
    NVIC_PriorityGroupConfig                 0x080028b9   Thumb Code    10  misc.o(i.NVIC_PriorityGroupConfig)
    PWR_BackupAccessCmd                      0x080028cd   Thumb Code     6  stm32f10x_pwr.o(i.PWR_BackupAccessCmd)
    PendSV_Handler                           0x080028d9   Thumb Code     2  stm32f10x_it.o(i.PendSV_Handler)
    Process_BT_Command                       0x080028dd   Thumb Code   238  main.o(i.Process_BT_Command)
    Process_IR_Command                       0x08002a65   Thumb Code  1612  main.o(i.Process_IR_Command)
    RCC_AHBPeriphClockCmd                    0x080030d5   Thumb Code    26  stm32f10x_rcc.o(i.RCC_AHBPeriphClockCmd)
    RCC_APB1PeriphClockCmd                   0x080030f5   Thumb Code    26  stm32f10x_rcc.o(i.RCC_APB1PeriphClockCmd)
    RCC_APB1PeriphResetCmd                   0x08003115   Thumb Code    26  stm32f10x_rcc.o(i.RCC_APB1PeriphResetCmd)
    RCC_APB2PeriphClockCmd                   0x08003135   Thumb Code    26  stm32f10x_rcc.o(i.RCC_APB2PeriphClockCmd)
    RCC_APB2PeriphResetCmd                   0x08003155   Thumb Code    26  stm32f10x_rcc.o(i.RCC_APB2PeriphResetCmd)
    RCC_BackupResetCmd                       0x08003175   Thumb Code     6  stm32f10x_rcc.o(i.RCC_BackupResetCmd)
    RCC_GetClocksFreq                        0x08003181   Thumb Code   192  stm32f10x_rcc.o(i.RCC_GetClocksFreq)
    RCC_GetFlagStatus                        0x08003255   Thumb Code    56  stm32f10x_rcc.o(i.RCC_GetFlagStatus)
    RCC_LSEConfig                            0x08003291   Thumb Code    46  stm32f10x_rcc.o(i.RCC_LSEConfig)
    RCC_RTCCLKCmd                            0x080032c5   Thumb Code     6  stm32f10x_rcc.o(i.RCC_RTCCLKCmd)
    RCC_RTCCLKConfig                         0x080032d1   Thumb Code    12  stm32f10x_rcc.o(i.RCC_RTCCLKConfig)
    RGB_Buffer_Clear                         0x080032e1   Thumb Code    66  ws2812.o(i.RGB_Buffer_Clear)
    RGB_DrawDotColor                         0x08003329   Thumb Code    88  ws2812.o(i.RGB_DrawDotColor)
    RGB_LED_Clear                            0x08003385   Thumb Code    18  ws2812.o(i.RGB_LED_Clear)
    RGB_LED_Demo                             0x08003399   Thumb Code   120  main.o(i.RGB_LED_Demo)
    RGB_LED_Init                             0x080034a9   Thumb Code    50  ws2812.o(i.RGB_LED_Init)
    RGB_LED_Reset                            0x080034e1   Thumb Code    26  ws2812.o(i.RGB_LED_Reset)
    RGB_LED_Write0                           0x08003501   Thumb Code   106  ws2812.o(i.RGB_LED_Write0)
    RGB_LED_Write1                           0x08003571   Thumb Code   106  ws2812.o(i.RGB_LED_Write1)
    RGB_LED_Write_24Bits                     0x080035e1   Thumb Code    28  ws2812.o(i.RGB_LED_Write_24Bits)
    RGB_LED_Write_Byte                       0x080035fd   Thumb Code    38  ws2812.o(i.RGB_LED_Write_Byte)
    RGB_Screen_Update                        0x08003625   Thumb Code    70  ws2812.o(i.RGB_Screen_Update)
    RGB_Set_Pixel                            0x08003671   Thumb Code    58  ws2812.o(i.RGB_Set_Pixel)
    RGB_ShowCharNum_Debug                    0x080036b1   Thumb Code   220  ws2812.o(i.RGB_ShowCharNum_Debug)
    RGB_ShowCustomChar                       0x08003805   Thumb Code   116  rgb_display.o(i.RGB_ShowCustomChar)
    RGB_ShowHeart                            0x08003879   Thumb Code    88  ws2812.o(i.RGB_ShowHeart)
    RTC_ClearITPendingBit                    0x080038d9   Thumb Code    12  stm32f10x_rtc.o(i.RTC_ClearITPendingBit)
    RTC_EnterConfigMode                      0x080038e9   Thumb Code    14  stm32f10x_rtc.o(i.RTC_EnterConfigMode)
    RTC_ExitConfigMode                       0x080038fd   Thumb Code    16  stm32f10x_rtc.o(i.RTC_ExitConfigMode)
    RTC_Get                                  0x08003911   Thumb Code   240  rtc.o(i.RTC_Get)
    RTC_GetCounter                           0x08003a11   Thumb Code    16  stm32f10x_rtc.o(i.RTC_GetCounter)
    RTC_GetITStatus                          0x08003a25   Thumb Code    32  stm32f10x_rtc.o(i.RTC_GetITStatus)
    RTC_Get_Week                             0x08003a49   Thumb Code   116  rtc.o(i.RTC_Get_Week)
    RTC_IRQHandler                           0x08003ac1   Thumb Code    50  rtc.o(i.RTC_IRQHandler)
    RTC_ITConfig                             0x08003af9   Thumb Code    26  stm32f10x_rtc.o(i.RTC_ITConfig)
    RTC_Init                                 0x08003b19   Thumb Code   192  rtc.o(i.RTC_Init)
    RTC_Set                                  0x08003bf9   Thumb Code   184  rtc.o(i.RTC_Set)
    RTC_SetCounter                           0x08003cc1   Thumb Code    24  stm32f10x_rtc.o(i.RTC_SetCounter)
    RTC_SetPrescaler                         0x08003cdd   Thumb Code    26  stm32f10x_rtc.o(i.RTC_SetPrescaler)
    RTC_WaitForLastTask                      0x08003cfd   Thumb Code    16  stm32f10x_rtc.o(i.RTC_WaitForLastTask)
    RTC_WaitForSynchro                       0x08003d11   Thumb Code    30  stm32f10x_rtc.o(i.RTC_WaitForSynchro)
    Reset_Idle_Timer                         0x08003d35   Thumb Code     8  main.o(i.Reset_Idle_Timer)
    SVC_Handler                              0x08003d41   Thumb Code     2  stm32f10x_it.o(i.SVC_Handler)
    Show_BT_Info                             0x08003e2d   Thumb Code   326  main.o(i.Show_BT_Info)
    Show_Help_Page                           0x0800403d   Thumb Code   362  main.o(i.Show_Help_Page)
    Show_Sensor_Info                         0x08004361   Thumb Code    24  main.o(i.Show_Sensor_Info)
    SysTick_CLKSourceConfig                  0x08004379   Thumb Code    40  misc.o(i.SysTick_CLKSourceConfig)
    SysTick_Handler                          0x080043a1   Thumb Code     2  stm32f10x_it.o(i.SysTick_Handler)
    SysTick_Init                             0x080043a5   Thumb Code    52  systick.o(i.SysTick_Init)
    SystemInit                               0x080043e1   Thumb Code    78  system_stm32f10x.o(i.SystemInit)
    TFTLCD_FSMC_Init                         0x08004441   Thumb Code   126  tftlcd.o(i.TFTLCD_FSMC_Init)
    TFTLCD_GPIO_Init                         0x080044c1   Thumb Code   130  tftlcd.o(i.TFTLCD_GPIO_Init)
    TFTLCD_Init                              0x08004559   Thumb Code   574  tftlcd.o(i.TFTLCD_Init)
    TIM3_CH2_PWM_Init                        0x080047ad   Thumb Code   146  pwm.o(i.TIM3_CH2_PWM_Init)
    TIM4_IRQHandler                          0x0800484d   Thumb Code    38  time.o(i.TIM4_IRQHandler)
    TIM7_IRQHandler                          0x0800487d   Thumb Code    42  time.o(i.TIM7_IRQHandler)
    TIM7_Int_Init                            0x080048b1   Thumb Code    90  time.o(i.TIM7_Int_Init)
    TIM_ARRPreloadConfig                     0x08004911   Thumb Code    24  stm32f10x_tim.o(i.TIM_ARRPreloadConfig)
    TIM_ClearITPendingBit                    0x08004929   Thumb Code     6  stm32f10x_tim.o(i.TIM_ClearITPendingBit)
    TIM_Cmd                                  0x0800492f   Thumb Code    24  stm32f10x_tim.o(i.TIM_Cmd)
    TIM_GetITStatus                          0x08004947   Thumb Code    34  stm32f10x_tim.o(i.TIM_GetITStatus)
    TIM_ITConfig                             0x08004969   Thumb Code    18  stm32f10x_tim.o(i.TIM_ITConfig)
    TIM_OC2Init                              0x0800497d   Thumb Code   154  stm32f10x_tim.o(i.TIM_OC2Init)
    TIM_OC2PreloadConfig                     0x08004a21   Thumb Code    26  stm32f10x_tim.o(i.TIM_OC2PreloadConfig)
    TIM_OC3Init                              0x08004a3d   Thumb Code   150  stm32f10x_tim.o(i.TIM_OC3Init)
    TIM_OC3PreloadConfig                     0x08004add   Thumb Code    18  stm32f10x_tim.o(i.TIM_OC3PreloadConfig)
    TIM_SetAutoreload                        0x08004aef   Thumb Code     4  stm32f10x_tim.o(i.TIM_SetAutoreload)
    TIM_SetCompare2                          0x08004af3   Thumb Code     4  stm32f10x_tim.o(i.TIM_SetCompare2)
    TIM_SetCompare3                          0x08004af7   Thumb Code     4  stm32f10x_tim.o(i.TIM_SetCompare3)
    TIM_SetCounter                           0x08004afb   Thumb Code     4  stm32f10x_tim.o(i.TIM_SetCounter)
    TIM_TimeBaseInit                         0x08004b01   Thumb Code   122  stm32f10x_tim.o(i.TIM_TimeBaseInit)
    USART1_IRQHandler                        0x08004ba5   Thumb Code   122  usart.o(i.USART1_IRQHandler)
    USART1_Init                              0x08004c2d   Thumb Code   166  usart.o(i.USART1_Init)
    USART3_IRQHandler                        0x08004cdd   Thumb Code    94  usart3.o(i.USART3_IRQHandler)
    USART3_Init                              0x08004d4d   Thumb Code   190  usart3.o(i.USART3_Init)
    USART_ClearFlag                          0x08004e1d   Thumb Code    18  stm32f10x_usart.o(i.USART_ClearFlag)
    USART_Cmd                                0x08004e2f   Thumb Code    24  stm32f10x_usart.o(i.USART_Cmd)
    USART_DeInit                             0x08004e49   Thumb Code   134  stm32f10x_usart.o(i.USART_DeInit)
    USART_GetFlagStatus                      0x08004ee5   Thumb Code    26  stm32f10x_usart.o(i.USART_GetFlagStatus)
    USART_GetITStatus                        0x08004eff   Thumb Code    84  stm32f10x_usart.o(i.USART_GetITStatus)
    USART_ITConfig                           0x08004f53   Thumb Code    74  stm32f10x_usart.o(i.USART_ITConfig)
    USART_Init                               0x08004f9d   Thumb Code   210  stm32f10x_usart.o(i.USART_Init)
    USART_ReceiveData                        0x08005075   Thumb Code    10  stm32f10x_usart.o(i.USART_ReceiveData)
    USART_SendData                           0x0800507f   Thumb Code     8  stm32f10x_usart.o(i.USART_SendData)
    Update_Clock_Display                     0x08005089   Thumb Code   190  main.o(i.Update_Clock_Display)
    Update_Sensor_Values                     0x08005175   Thumb Code  1284  main.o(i.Update_Sensor_Values)
    UsageFault_Handler                       0x08005679   Thumb Code     4  stm32f10x_it.o(i.UsageFault_Handler)
    __0printf$8                              0x0800567d   Thumb Code    22  printf8.o(i.__0printf$8)
    __1printf$8                              0x0800567d   Thumb Code     0  printf8.o(i.__0printf$8)
    __2printf                                0x0800567d   Thumb Code     0  printf8.o(i.__0printf$8)
    __0sprintf$8                             0x0800569d   Thumb Code    34  printf8.o(i.__0sprintf$8)
    __1sprintf$8                             0x0800569d   Thumb Code     0  printf8.o(i.__0sprintf$8)
    __2sprintf                               0x0800569d   Thumb Code     0  printf8.o(i.__0sprintf$8)
    __0vsprintf                              0x080056c5   Thumb Code    30  printfa.o(i.__0vsprintf)
    __1vsprintf                              0x080056c5   Thumb Code     0  printfa.o(i.__0vsprintf)
    __2vsprintf                              0x080056c5   Thumb Code     0  printfa.o(i.__0vsprintf)
    __c89vsprintf                            0x080056c5   Thumb Code     0  printfa.o(i.__0vsprintf)
    vsprintf                                 0x080056c5   Thumb Code     0  printfa.o(i.__0vsprintf)
    __ARM_fpclassify                         0x080056e9   Thumb Code    40  fpclassify.o(i.__ARM_fpclassify)
    __aeabi_errno_addr                       0x08005711   Thumb Code     4  errno.o(i.__aeabi_errno_addr)
    __rt_errno_addr                          0x08005711   Thumb Code     0  errno.o(i.__aeabi_errno_addr)
    __ieee754_rem_pio2                       0x08005719   Thumb Code   828  rred.o(i.__ieee754_rem_pio2)
    __kernel_cos                             0x08005aa1   Thumb Code   230  cos_i.o(i.__kernel_cos)
    __kernel_poly                            0x08005b9d   Thumb Code   170  poly.o(i.__kernel_poly)
    __kernel_sin                             0x08005c49   Thumb Code   224  sin_i.o(i.__kernel_sin)
    __mathlib_dbl_infnan                     0x08005d35   Thumb Code     6  dunder.o(i.__mathlib_dbl_infnan)
    __mathlib_dbl_invalid                    0x08005d3b   Thumb Code    12  dunder.o(i.__mathlib_dbl_invalid)
    __mathlib_dbl_underflow                  0x08005d49   Thumb Code    10  dunder.o(i.__mathlib_dbl_underflow)
    __scatterload_copy                       0x08005d59   Thumb Code    14  handlers.o(i.__scatterload_copy)
    __scatterload_null                       0x08005d67   Thumb Code     2  handlers.o(i.__scatterload_null)
    __scatterload_zeroinit                   0x08005d69   Thumb Code    14  handlers.o(i.__scatterload_zeroinit)
    __set_errno                              0x08005d79   Thumb Code     6  errno.o(i.__set_errno)
    cos                                      0x08006aad   Thumb Code   148  cos.o(i.cos)
    delay_ms                                 0x08006b49   Thumb Code    72  systick.o(i.delay_ms)
    delay_us                                 0x08006b95   Thumb Code    72  systick.o(i.delay_us)
    draw_circle                              0x08006be1   Thumb Code    74  main.o(i.draw_circle)
    draw_dotline                             0x08006c2d   Thumb Code   864  main.o(i.draw_dotline)
    draw_hand                                0x08006fc5   Thumb Code   806  main.o(i.draw_hand)
    draw_hand_clear                          0x08007315   Thumb Code   790  main.o(i.draw_hand_clear)
    fputc                                    0x08007655   Thumb Code    32  usart.o(i.fputc)
    get_circle                               0x08007679   Thumb Code   198  main.o(i.get_circle)
    main                                     0x08007741   Thumb Code  2302  main.o(i.main)
    sin                                      0x08008135   Thumb Code   150  sin.o(i.sin)
    u3_printf                                0x080081d5   Thumb Code    72  usart3.o(i.u3_printf)
    digit_colors                             0x08008224   Data          40  main.o(.constdata)
    CnChar32x29                              0x0800c9b0   Data         472  tftlcd.o(.constdata)
    gImage_BK                                0x0800cb88   Data        9600  bk_image.o(.constdata)
    table_week                               0x0800f108   Data          12  rtc.o(.constdata)
    mon_table                                0x0800f114   Data          12  rtc.o(.constdata)
    g_rgb_num_buf                            0x0800f120   Data          80  ws2812.o(.constdata)
    rainbow_colors                           0x0800f170   Data          48  ws2812.o(.constdata)
    heart_pattern                            0x0800f1a0   Data           5  ws2812.o(.constdata)
    tone_freq_table                          0x0800f1a6   Data          44  music.o(.constdata)
    song_little_star                         0x0800f1d2   Data         168  music.o(.constdata)
    song_little_star_length                  0x0800f27a   Data           2  music.o(.constdata)
    song_happy_birthday                      0x0800f27c   Data         100  music.o(.constdata)
    song_happy_birthday_length               0x0800f2e0   Data           2  music.o(.constdata)
    song_lanhua_grass                        0x0800f2e2   Data         224  music.o(.constdata)
    song_lanhua_grass_length                 0x0800f3c2   Data           2  music.o(.constdata)
    song_lanhua_grass_new                    0x0800f3c4   Data         116  music.o(.constdata)
    song_lanhua_grass_new_length             0x0800f438   Data           2  music.o(.constdata)
    song_lengths                             0x0800f43a   Data           6  music.o(.constdata)
    custom_char_patterns                     0x0800f440   Data          50  rgb_display.o(.constdata)
    display_colors                           0x0800f474   Data          40  rgb_display.o(.constdata)
    __ctype_table                            0x0800f5c0   Data         129  ctype_o.o(.constdata)
    Region$$Table$$Base                      0x0800f674   Number         0  anon$$obj.o(Region$$Table)
    Region$$Table$$Limit                     0x0800f694   Number         0  anon$$obj.o(Region$$Table)
    current_mode                             0x20000000   Data           1  main.o(.data)
    bt_initialized                           0x20000001   Data           1  main.o(.data)
    sendmask                                 0x20000002   Data           1  main.o(.data)
    sendcnt                                  0x20000003   Data           1  main.o(.data)
    beep_delay                               0x20000004   Data           2  main.o(.data)
    beep_timer_active                        0x20000006   Data           1  main.o(.data)
    heart_display_timer                      0x20000008   Data           2  main.o(.data)
    heart_display_active                     0x2000000a   Data           1  main.o(.data)
    beep_setting_mode                        0x2000000b   Data           1  main.o(.data)
    beep_setting_seconds                     0x2000000c   Data           2  main.o(.data)
    motor_power                              0x2000000e   Data           2  main.o(.data)
    motor_power_max                          0x20000010   Data           2  main.o(.data)
    motor_auto_control                       0x20000012   Data           1  main.o(.data)
    motor_timer                              0x20000014   Data           2  main.o(.data)
    motor_running                            0x20000016   Data           1  main.o(.data)
    last_light_status                        0x20000017   Data           1  main.o(.data)
    display_page                             0x20000018   Data           1  main.o(.data)
    idle_timer                               0x2000001a   Data           2  main.o(.data)
    idle_timeout                             0x2000001c   Data           2  main.o(.data)
    clock_mode_active                        0x2000001e   Data           1  main.o(.data)
    last_sec                                 0x2000001f   Data           1  main.o(.data)
    FRONT_COLOR                              0x20000034   Data           2  tftlcd.o(.data)
    BACK_COLOR                               0x20000036   Data           2  tftlcd.o(.data)
    tftlcd_data                              0x20000038   Data           8  tftlcd.o(.data)
    beep_period                              0x20000040   Data           2  beep.o(.data)
    beep_duty                                0x20000042   Data           2  beep.o(.data)
    beep_status                              0x20000044   Data           1  beep.o(.data)
    hw_jsm                                   0x20000048   Data           4  hwjs.o(.data)
    hw_jsbz                                  0x2000004c   Data           1  hwjs.o(.data)
    timebz                                   0x2000004e   Data           1  rtc.o(.data)
    USART3_RX_STA                            0x20000052   Data           2  usart3.o(.data)
    music_status                             0x20000054   Data           1  music.o(.data)
    current_song                             0x20000055   Data           1  music.o(.data)
    current_note                             0x20000056   Data           2  music.o(.data)
    note_timer                               0x20000058   Data           2  music.o(.data)
    total_songs                              0x2000005a   Data           1  music.o(.data)
    music_speed                              0x2000005b   Data           1  music.o(.data)
    new_music_status                         0x2000005c   Data           1  music.o(.data)
    new_current_note                         0x2000005e   Data           2  music.o(.data)
    new_note_timer                           0x20000060   Data           2  music.o(.data)
    song_list                                0x20000064   Data          12  music.o(.data)
    song_names                               0x20000070   Data          12  music.o(.data)
    USART1_RX_STA                            0x20000080   Data           2  usart.o(.data)
    __stdout                                 0x20000084   Data           4  stdout.o(.data)
    sendbuf                                  0x2000008c   Data          20  main.o(.bss)
    buf                                      0x200000a0   Data          32  main.o(.bss)
    calendar                                 0x200000c0   Data          10  rtc.o(.bss)
    g_rgb_databuf                            0x200000ca   Data          75  ws2812.o(.bss)
    USART3_RX_BUF                            0x20000115   Data         600  usart3.o(.bss)
    USART3_TX_BUF                            0x2000036d   Data         600  usart3.o(.bss)
    USART1_RX_BUF                            0x200005c5   Data         200  usart.o(.bss)
    __initial_sp                             0x20000a90   Data           0  startup_stm32f10x_hd.o(STACK)



==============================================================================

Memory Map of the image

  Image Entry point : 0x08000131

  Load Region LR_IROM1 (Base: 0x08000000, Size: 0x0000f720, Max: 0x00080000, ABSOLUTE)

    Execution Region ER_IROM1 (Exec base: 0x08000000, Load base: 0x08000000, Size: 0x0000f694, Max: 0x00080000, ABSOLUTE)

    Exec Addr    Load Addr    Size         Type   Attr      Idx    E Section Name        Object

    0x08000000   0x08000000   0x00000130   Data   RO          396    RESET               startup_stm32f10x_hd.o
    0x08000130   0x08000130   0x00000000   Code   RO         4480  * .ARM.Collect$$$$00000000  mc_w.l(entry.o)
    0x08000130   0x08000130   0x00000004   Code   RO         4798    .ARM.Collect$$$$00000001  mc_w.l(entry2.o)
    0x08000134   0x08000134   0x00000004   Code   RO         4801    .ARM.Collect$$$$00000004  mc_w.l(entry5.o)
    0x08000138   0x08000138   0x00000000   Code   RO         4803    .ARM.Collect$$$$00000008  mc_w.l(entry7b.o)
    0x08000138   0x08000138   0x00000000   Code   RO         4805    .ARM.Collect$$$$0000000A  mc_w.l(entry8b.o)
    0x08000138   0x08000138   0x00000008   Code   RO         4806    .ARM.Collect$$$$0000000B  mc_w.l(entry9a.o)
    0x08000140   0x08000140   0x00000000   Code   RO         4808    .ARM.Collect$$$$0000000D  mc_w.l(entry10a.o)
    0x08000140   0x08000140   0x00000000   Code   RO         4810    .ARM.Collect$$$$0000000F  mc_w.l(entry11a.o)
    0x08000140   0x08000140   0x00000004   Code   RO         4799    .ARM.Collect$$$$00002712  mc_w.l(entry2.o)
    0x08000144   0x08000144   0x00000024   Code   RO          397    .text               startup_stm32f10x_hd.o
    0x08000168   0x08000168   0x00000024   Code   RO         4483    .text               mc_w.l(memcpya.o)
    0x0800018c   0x0800018c   0x0000000e   Code   RO         4485    .text               mc_w.l(strlen.o)
    0x0800019a   0x0800019a   0x0000001c   Code   RO         4487    .text               mc_w.l(strcmp.o)
    0x080001b6   0x080001b6   0x0000001e   Code   RO         4489    .text               mc_w.l(strncmp.o)
    0x080001d4   0x080001d4   0x0000001a   Code   RO         4754    .text               mc_w.l(atoi.o)
    0x080001ee   0x080001ee   0x0000014e   Code   RO         4756    .text               mf_w.l(dadd.o)
    0x0800033c   0x0800033c   0x000000e4   Code   RO         4758    .text               mf_w.l(dmul.o)
    0x08000420   0x08000420   0x000000de   Code   RO         4760    .text               mf_w.l(ddiv.o)
    0x080004fe   0x080004fe   0x00000022   Code   RO         4762    .text               mf_w.l(dflti.o)
    0x08000520   0x08000520   0x0000001a   Code   RO         4764    .text               mf_w.l(dfltui.o)
    0x0800053a   0x0800053a   0x0000003e   Code   RO         4766    .text               mf_w.l(dfixi.o)
    0x08000578   0x08000578   0x0000002c   Code   RO         4813    .text               mc_w.l(uidiv.o)
    0x080005a4   0x080005a4   0x00000062   Code   RO         4815    .text               mc_w.l(uldiv.o)
    0x08000606   0x08000606   0x0000001e   Code   RO         4817    .text               mc_w.l(llshl.o)
    0x08000624   0x08000624   0x00000020   Code   RO         4819    .text               mc_w.l(llushr.o)
    0x08000644   0x08000644   0x00000024   Code   RO         4821    .text               mc_w.l(llsshr.o)
    0x08000668   0x08000668   0x00000070   Code   RO         4830    .text               mc_w.l(strtol.o)
    0x080006d8   0x080006d8   0x00000000   Code   RO         4832    .text               mc_w.l(iusefp.o)
    0x080006d8   0x080006d8   0x000000ba   Code   RO         4833    .text               mf_w.l(depilogue.o)
    0x08000792   0x08000792   0x00000030   Code   RO         4835    .text               mf_w.l(dfixul.o)
    0x080007c2   0x080007c2   0x00000002   PAD
    0x080007c4   0x080007c4   0x00000030   Code   RO         4837    .text               mf_w.l(cdrcmple.o)
    0x080007f4   0x080007f4   0x00000024   Code   RO         4843    .text               mc_w.l(init.o)
    0x08000818   0x08000818   0x00000008   Code   RO         4845    .text               mc_w.l(ctype_o.o)
    0x08000820   0x08000820   0x0000009e   Code   RO         4873    .text               mc_w.l(_strtoul.o)
    0x080008be   0x080008be   0x0000002e   Code   RO         4875    .text               mf_w.l(dscalb.o)
    0x080008ec   0x080008ec   0x0000001c   Code   RO         4877    .text               mc_w.l(_chval.o)
    0x08000908   0x08000908   0x00000016   Code   RO         1774    i.ADC_Cmd           stm32f10x_adc.o
    0x0800091e   0x0800091e   0x00000002   PAD
    0x08000920   0x08000920   0x0000005c   Code   RO         1776    i.ADC_DeInit        stm32f10x_adc.o
    0x0800097c   0x0800097c   0x00000014   Code   RO         1782    i.ADC_GetCalibrationStatus  stm32f10x_adc.o
    0x08000990   0x08000990   0x00000008   Code   RO         1783    i.ADC_GetConversionValue  stm32f10x_adc.o
    0x08000998   0x08000998   0x00000012   Code   RO         1785    i.ADC_GetFlagStatus  stm32f10x_adc.o
    0x080009aa   0x080009aa   0x00000014   Code   RO         1788    i.ADC_GetResetCalibrationStatus  stm32f10x_adc.o
    0x080009be   0x080009be   0x00000002   PAD
    0x080009c0   0x080009c0   0x00000050   Code   RO         1792    i.ADC_Init          stm32f10x_adc.o
    0x08000a10   0x08000a10   0x000000b8   Code   RO         1796    i.ADC_RegularChannelConfig  stm32f10x_adc.o
    0x08000ac8   0x08000ac8   0x0000000a   Code   RO         1797    i.ADC_ResetCalibration  stm32f10x_adc.o
    0x08000ad2   0x08000ad2   0x00000016   Code   RO         1799    i.ADC_SoftwareStartConvCmd  stm32f10x_adc.o
    0x08000ae8   0x08000ae8   0x0000000a   Code   RO         1801    i.ADC_StartCalibration  stm32f10x_adc.o
    0x08000af2   0x08000af2   0x00000002   PAD
    0x08000af4   0x08000af4   0x000000a4   Code   RO         3776    i.BEEP_Init         beep.o
    0x08000b98   0x08000b98   0x0000001c   Code   RO         3777    i.BEEP_Off          beep.o
    0x08000bb4   0x08000bb4   0x00000030   Code   RO         3778    i.BEEP_On           beep.o
    0x08000be4   0x08000be4   0x00000010   Code   RO         1632    i.BKP_DeInit        stm32f10x_bkp.o
    0x08000bf4   0x08000bf4   0x0000001c   Code   RO         1637    i.BKP_ReadBackupRegister  stm32f10x_bkp.o
    0x08000c10   0x08000c10   0x0000001c   Code   RO         1641    i.BKP_WriteBackupRegister  stm32f10x_bkp.o
    0x08000c2c   0x08000c2c   0x00000004   Code   RO          309    i.BusFault_Handler  stm32f10x_it.o
    0x08000c30   0x08000c30   0x00000030   Code   RO            1    i.Check_Clock_Mode_Activity  main.o
    0x08000c60   0x08000c60   0x00000050   Code   RO         3828    i.DHT11_Check       dht11.o
    0x08000cb0   0x08000cb0   0x00000020   Code   RO         3829    i.DHT11_IO_IN       dht11.o
    0x08000cd0   0x08000cd0   0x00000024   Code   RO         3830    i.DHT11_IO_OUT      dht11.o
    0x08000cf4   0x08000cf4   0x00000040   Code   RO         3831    i.DHT11_Init        dht11.o
    0x08000d34   0x08000d34   0x0000004c   Code   RO         3832    i.DHT11_Read_Bit    dht11.o
    0x08000d80   0x08000d80   0x0000001e   Code   RO         3833    i.DHT11_Read_Byte   dht11.o
    0x08000d9e   0x08000d9e   0x00000058   Code   RO         3834    i.DHT11_Read_Data   dht11.o
    0x08000df6   0x08000df6   0x00000002   PAD
    0x08000df8   0x08000df8   0x0000002c   Code   RO         3835    i.DHT11_Rst         dht11.o
    0x08000e24   0x08000e24   0x00000002   Code   RO          310    i.DebugMon_Handler  stm32f10x_it.o
    0x08000e26   0x08000e26   0x00000002   PAD
    0x08000e28   0x08000e28   0x0000008c   Code   RO         3885    i.EXTI9_5_IRQHandler  hwjs.o
    0x08000eb4   0x08000eb4   0x0000000c   Code   RO          753    i.EXTI_ClearITPendingBit  stm32f10x_exti.o
    0x08000ec0   0x08000ec0   0x00000094   Code   RO          758    i.EXTI_Init         stm32f10x_exti.o
    0x08000f54   0x08000f54   0x0000007c   Code   RO            2    i.Exit_Clock_Mode   main.o
    0x08000fd0   0x08000fd0   0x00000034   Code   RO         2636    i.FSMC_NORSRAMCmd   stm32f10x_fsmc.o
    0x08001004   0x08001004   0x000000e6   Code   RO         2638    i.FSMC_NORSRAMInit  stm32f10x_fsmc.o
    0x080010ea   0x080010ea   0x00000002   PAD
    0x080010ec   0x080010ec   0x00000040   Code   RO          405    i.GPIO_EXTILineConfig  stm32f10x_gpio.o
    0x0800112c   0x0800112c   0x00000116   Code   RO          408    i.GPIO_Init         stm32f10x_gpio.o
    0x08001242   0x08001242   0x00000002   PAD
    0x08001244   0x08001244   0x00000090   Code   RO          410    i.GPIO_PinRemapConfig  stm32f10x_gpio.o
    0x080012d4   0x080012d4   0x00000012   Code   RO          412    i.GPIO_ReadInputDataBit  stm32f10x_gpio.o
    0x080012e6   0x080012e6   0x00000004   Code   RO          415    i.GPIO_ResetBits    stm32f10x_gpio.o
    0x080012ea   0x080012ea   0x00000004   Code   RO          416    i.GPIO_SetBits      stm32f10x_gpio.o
    0x080012ee   0x080012ee   0x00000002   PAD
    0x080012f0   0x080012f0   0x00000034   Code   RO         3428    i.Get_ADC3          lsens.o
    0x08001324   0x08001324   0x00000098   Code   RO         4186    i.HC05_Get_Role     hc05.o
    0x080013bc   0x080013bc   0x00000104   Code   RO         4187    i.HC05_Init         hc05.o
    0x080014c0   0x080014c0   0x00000050   Code   RO            3    i.HC05_Role_Show    main.o
    0x08001510   0x08001510   0x0000009c   Code   RO         4188    i.HC05_Set_Cmd      hc05.o
    0x080015ac   0x080015ac   0x00000058   Code   RO            4    i.HC05_Sta_Show     main.o
    0x08001604   0x08001604   0x00000030   Code   RO         3886    i.HW_jssj           hwjs.o
    0x08001634   0x08001634   0x00000004   Code   RO          311    i.HardFault_Handler  stm32f10x_it.o
    0x08001638   0x08001638   0x00000070   Code   RO         3887    i.Hwjs_Init         hwjs.o
    0x080016a8   0x080016a8   0x000000ac   Code   RO            5    i.Init_Clock_Display  main.o
    0x08001754   0x08001754   0x000001a4   Code   RO            6    i.Init_Sensor_Info_Layout  main.o
    0x080018f8   0x080018f8   0x00000290   Code   RO            7    i.Initialize_Bluetooth  main.o
    0x08001b88   0x08001b88   0x0000003a   Code   RO         3979    i.Is_Leap_Year      rtc.o
    0x08001bc2   0x08001bc2   0x00000002   PAD
    0x08001bc4   0x08001bc4   0x0000003c   Code   RO         3916    i.KEY_Init          key.o
    0x08001c00   0x08001c00   0x000000a0   Code   RO         3917    i.KEY_Scan          key.o
    0x08001ca0   0x08001ca0   0x00000048   Code   RO         3455    i.LCD_Clear         tftlcd.o
    0x08001ce8   0x08001ce8   0x00000048   Code   RO         3457    i.LCD_Display_Dir   tftlcd.o
    0x08001d30   0x08001d30   0x0000001c   Code   RO         3458    i.LCD_DrawFRONT_COLOR  tftlcd.o
    0x08001d4c   0x08001d4c   0x000000b0   Code   RO         3459    i.LCD_DrawLine      tftlcd.o
    0x08001dfc   0x08001dfc   0x00000020   Code   RO         3461    i.LCD_DrawPoint     tftlcd.o
    0x08001e1c   0x08001e1c   0x0000005c   Code   RO         3465    i.LCD_Fill          tftlcd.o
    0x08001e78   0x08001e78   0x0000000c   Code   RO         3468    i.LCD_ReadData      tftlcd.o
    0x08001e84   0x08001e84   0x0000004a   Code   RO         3471    i.LCD_Set_Window    tftlcd.o
    0x08001ece   0x08001ece   0x00000002   PAD
    0x08001ed0   0x08001ed0   0x00000128   Code   RO         3472    i.LCD_ShowChar      tftlcd.o
    0x08001ff8   0x08001ff8   0x0000008a   Code   RO         3475    i.LCD_ShowPicture   tftlcd.o
    0x08002082   0x08002082   0x00000066   Code   RO         3476    i.LCD_ShowString    tftlcd.o
    0x080020e8   0x080020e8   0x0000000c   Code   RO         3478    i.LCD_WriteCmd      tftlcd.o
    0x080020f4   0x080020f4   0x0000000c   Code   RO         3480    i.LCD_WriteData     tftlcd.o
    0x08002100   0x08002100   0x00000010   Code   RO         3481    i.LCD_WriteData_Color  tftlcd.o
    0x08002110   0x08002110   0x0000004c   Code   RO         3413    i.LED_Init          led.o
    0x0800215c   0x0800215c   0x0000003c   Code   RO         3429    i.Lsens_Get_Val     lsens.o
    0x08002198   0x08002198   0x000000a0   Code   RO         3430    i.Lsens_Init        lsens.o
    0x08002238   0x08002238   0x00000004   Code   RO          312    i.MemManage_Handler  stm32f10x_it.o
    0x0800223c   0x0800223c   0x00000030   Code   RO         4293    i.Music_Init        music.o
    0x0800226c   0x0800226c   0x00000048   Code   RO         4294    i.Music_Next_Song   music.o
    0x080022b4   0x080022b4   0x00000030   Code   RO         4295    i.Music_Pause       music.o
    0x080022e4   0x080022e4   0x000000b8   Code   RO         4296    i.Music_Play_Lanhua_Grass_New  music.o
    0x0800239c   0x0800239c   0x000000b0   Code   RO         4297    i.Music_Play_Song   music.o
    0x0800244c   0x0800244c   0x0000004c   Code   RO         4298    i.Music_Prev_Song   music.o
    0x08002498   0x08002498   0x00000090   Code   RO         4299    i.Music_Resume      music.o
    0x08002528   0x08002528   0x00000038   Code   RO         4300    i.Music_Stop        music.o
    0x08002560   0x08002560   0x00000150   Code   RO         4301    i.Music_Update      music.o
    0x080026b0   0x080026b0   0x00000194   Code   RO         4302    i.Music_Update_New_Format  music.o
    0x08002844   0x08002844   0x00000002   Code   RO          313    i.NMI_Handler       stm32f10x_it.o
    0x08002846   0x08002846   0x00000002   PAD
    0x08002848   0x08002848   0x00000070   Code   RO          716    i.NVIC_Init         misc.o
    0x080028b8   0x080028b8   0x00000014   Code   RO          717    i.NVIC_PriorityGroupConfig  misc.o
    0x080028cc   0x080028cc   0x0000000c   Code   RO         1708    i.PWR_BackupAccessCmd  stm32f10x_pwr.o
    0x080028d8   0x080028d8   0x00000002   Code   RO          314    i.PendSV_Handler    stm32f10x_it.o
    0x080028da   0x080028da   0x00000002   PAD
    0x080028dc   0x080028dc   0x00000188   Code   RO            8    i.Process_BT_Command  main.o
    0x08002a64   0x08002a64   0x00000670   Code   RO            9    i.Process_IR_Command  main.o
    0x080030d4   0x080030d4   0x00000020   Code   RO          517    i.RCC_AHBPeriphClockCmd  stm32f10x_rcc.o
    0x080030f4   0x080030f4   0x00000020   Code   RO          518    i.RCC_APB1PeriphClockCmd  stm32f10x_rcc.o
    0x08003114   0x08003114   0x00000020   Code   RO          519    i.RCC_APB1PeriphResetCmd  stm32f10x_rcc.o
    0x08003134   0x08003134   0x00000020   Code   RO          520    i.RCC_APB2PeriphClockCmd  stm32f10x_rcc.o
    0x08003154   0x08003154   0x00000020   Code   RO          521    i.RCC_APB2PeriphResetCmd  stm32f10x_rcc.o
    0x08003174   0x08003174   0x0000000c   Code   RO          523    i.RCC_BackupResetCmd  stm32f10x_rcc.o
    0x08003180   0x08003180   0x000000d4   Code   RO          528    i.RCC_GetClocksFreq  stm32f10x_rcc.o
    0x08003254   0x08003254   0x0000003c   Code   RO          529    i.RCC_GetFlagStatus  stm32f10x_rcc.o
    0x08003290   0x08003290   0x00000034   Code   RO          536    i.RCC_LSEConfig     stm32f10x_rcc.o
    0x080032c4   0x080032c4   0x0000000c   Code   RO          543    i.RCC_RTCCLKCmd     stm32f10x_rcc.o
    0x080032d0   0x080032d0   0x00000010   Code   RO          544    i.RCC_RTCCLKConfig  stm32f10x_rcc.o
    0x080032e0   0x080032e0   0x00000048   Code   RO         4040    i.RGB_Buffer_Clear  ws2812.o
    0x08003328   0x08003328   0x0000005c   Code   RO         4041    i.RGB_DrawDotColor  ws2812.o
    0x08003384   0x08003384   0x00000012   Code   RO         4046    i.RGB_LED_Clear     ws2812.o
    0x08003396   0x08003396   0x00000002   PAD
    0x08003398   0x08003398   0x00000110   Code   RO           10    i.RGB_LED_Demo      main.o
    0x080034a8   0x080034a8   0x00000038   Code   RO         4048    i.RGB_LED_Init      ws2812.o
    0x080034e0   0x080034e0   0x00000020   Code   RO         4050    i.RGB_LED_Reset     ws2812.o
    0x08003500   0x08003500   0x00000070   Code   RO         4051    i.RGB_LED_Write0    ws2812.o
    0x08003570   0x08003570   0x00000070   Code   RO         4052    i.RGB_LED_Write1    ws2812.o
    0x080035e0   0x080035e0   0x0000001c   Code   RO         4053    i.RGB_LED_Write_24Bits  ws2812.o
    0x080035fc   0x080035fc   0x00000026   Code   RO         4054    i.RGB_LED_Write_Byte  ws2812.o
    0x08003622   0x08003622   0x00000002   PAD
    0x08003624   0x08003624   0x0000004c   Code   RO         4055    i.RGB_Screen_Update  ws2812.o
    0x08003670   0x08003670   0x00000040   Code   RO         4056    i.RGB_Set_Pixel     ws2812.o
    0x080036b0   0x080036b0   0x00000154   Code   RO         4058    i.RGB_ShowCharNum_Debug  ws2812.o
    0x08003804   0x08003804   0x00000074   Code   RO         4369    i.RGB_ShowCustomChar  rgb_display.o
    0x08003878   0x08003878   0x00000060   Code   RO         4059    i.RGB_ShowHeart     ws2812.o
    0x080038d8   0x080038d8   0x00000010   Code   RO         2950    i.RTC_ClearITPendingBit  stm32f10x_rtc.o
    0x080038e8   0x080038e8   0x00000014   Code   RO         2951    i.RTC_EnterConfigMode  stm32f10x_rtc.o
    0x080038fc   0x080038fc   0x00000014   Code   RO         2952    i.RTC_ExitConfigMode  stm32f10x_rtc.o
    0x08003910   0x08003910   0x00000100   Code   RO         3981    i.RTC_Get           rtc.o
    0x08003a10   0x08003a10   0x00000014   Code   RO         2953    i.RTC_GetCounter    stm32f10x_rtc.o
    0x08003a24   0x08003a24   0x00000024   Code   RO         2956    i.RTC_GetITStatus   stm32f10x_rtc.o
    0x08003a48   0x08003a48   0x00000078   Code   RO         3982    i.RTC_Get_Week      rtc.o
    0x08003ac0   0x08003ac0   0x00000038   Code   RO         3983    i.RTC_IRQHandler    rtc.o
    0x08003af8   0x08003af8   0x00000020   Code   RO         2957    i.RTC_ITConfig      stm32f10x_rtc.o
    0x08003b18   0x08003b18   0x000000c0   Code   RO         3984    i.RTC_Init          rtc.o
    0x08003bd8   0x08003bd8   0x00000020   Code   RO         3985    i.RTC_NVIC_Config   rtc.o
    0x08003bf8   0x08003bf8   0x000000c8   Code   RO         3986    i.RTC_Set           rtc.o
    0x08003cc0   0x08003cc0   0x0000001c   Code   RO         2959    i.RTC_SetCounter    stm32f10x_rtc.o
    0x08003cdc   0x08003cdc   0x00000020   Code   RO         2960    i.RTC_SetPrescaler  stm32f10x_rtc.o
    0x08003cfc   0x08003cfc   0x00000014   Code   RO         2961    i.RTC_WaitForLastTask  stm32f10x_rtc.o
    0x08003d10   0x08003d10   0x00000024   Code   RO         2962    i.RTC_WaitForSynchro  stm32f10x_rtc.o
    0x08003d34   0x08003d34   0x0000000c   Code   RO           11    i.Reset_Idle_Timer  main.o
    0x08003d40   0x08003d40   0x00000002   Code   RO          315    i.SVC_Handler       stm32f10x_it.o
    0x08003d42   0x08003d42   0x00000008   Code   RO         3369    i.SetSysClock       system_stm32f10x.o
    0x08003d4a   0x08003d4a   0x00000002   PAD
    0x08003d4c   0x08003d4c   0x000000e0   Code   RO         3370    i.SetSysClockTo72   system_stm32f10x.o
    0x08003e2c   0x08003e2c   0x00000210   Code   RO           12    i.Show_BT_Info      main.o
    0x0800403c   0x0800403c   0x00000324   Code   RO           13    i.Show_Help_Page    main.o
    0x08004360   0x08004360   0x00000018   Code   RO           14    i.Show_Sensor_Info  main.o
    0x08004378   0x08004378   0x00000028   Code   RO          720    i.SysTick_CLKSourceConfig  misc.o
    0x080043a0   0x080043a0   0x00000002   Code   RO          316    i.SysTick_Handler   stm32f10x_it.o
    0x080043a2   0x080043a2   0x00000002   PAD
    0x080043a4   0x080043a4   0x0000003c   Code   RO         4404    i.SysTick_Init      systick.o
    0x080043e0   0x080043e0   0x00000060   Code   RO         3372    i.SystemInit        system_stm32f10x.o
    0x08004440   0x08004440   0x0000007e   Code   RO         3482    i.TFTLCD_FSMC_Init  tftlcd.o
    0x080044be   0x080044be   0x00000002   PAD
    0x080044c0   0x080044c0   0x00000098   Code   RO         3483    i.TFTLCD_GPIO_Init  tftlcd.o
    0x08004558   0x08004558   0x00000254   Code   RO         3484    i.TFTLCD_Init       tftlcd.o
    0x080047ac   0x080047ac   0x000000a0   Code   RO         3942    i.TIM3_CH2_PWM_Init  pwm.o
    0x0800484c   0x0800484c   0x00000030   Code   RO         4259    i.TIM4_IRQHandler   time.o
    0x0800487c   0x0800487c   0x00000034   Code   RO         4261    i.TIM7_IRQHandler   time.o
    0x080048b0   0x080048b0   0x00000060   Code   RO         4262    i.TIM7_Int_Init     time.o
    0x08004910   0x08004910   0x00000018   Code   RO          810    i.TIM_ARRPreloadConfig  stm32f10x_tim.o
    0x08004928   0x08004928   0x00000006   Code   RO          817    i.TIM_ClearITPendingBit  stm32f10x_tim.o
    0x0800492e   0x0800492e   0x00000018   Code   RO          822    i.TIM_Cmd           stm32f10x_tim.o
    0x08004946   0x08004946   0x00000022   Code   RO          843    i.TIM_GetITStatus   stm32f10x_tim.o
    0x08004968   0x08004968   0x00000012   Code   RO          847    i.TIM_ITConfig      stm32f10x_tim.o
    0x0800497a   0x0800497a   0x00000002   PAD
    0x0800497c   0x0800497c   0x000000a4   Code   RO          856    i.TIM_OC2Init       stm32f10x_tim.o
    0x08004a20   0x08004a20   0x0000001a   Code   RO          859    i.TIM_OC2PreloadConfig  stm32f10x_tim.o
    0x08004a3a   0x08004a3a   0x00000002   PAD
    0x08004a3c   0x08004a3c   0x000000a0   Code   RO          861    i.TIM_OC3Init       stm32f10x_tim.o
    0x08004adc   0x08004adc   0x00000012   Code   RO          864    i.TIM_OC3PreloadConfig  stm32f10x_tim.o
    0x08004aee   0x08004aee   0x00000004   Code   RO          881    i.TIM_SetAutoreload  stm32f10x_tim.o
    0x08004af2   0x08004af2   0x00000004   Code   RO          884    i.TIM_SetCompare2   stm32f10x_tim.o
    0x08004af6   0x08004af6   0x00000004   Code   RO          885    i.TIM_SetCompare3   stm32f10x_tim.o
    0x08004afa   0x08004afa   0x00000004   Code   RO          887    i.TIM_SetCounter    stm32f10x_tim.o
    0x08004afe   0x08004afe   0x00000002   PAD
    0x08004b00   0x08004b00   0x000000a4   Code   RO          893    i.TIM_TimeBaseInit  stm32f10x_tim.o
    0x08004ba4   0x08004ba4   0x00000088   Code   RO         4433    i.USART1_IRQHandler  usart.o
    0x08004c2c   0x08004c2c   0x000000b0   Code   RO         4434    i.USART1_Init       usart.o
    0x08004cdc   0x08004cdc   0x00000070   Code   RO         4218    i.USART3_IRQHandler  usart3.o
    0x08004d4c   0x08004d4c   0x000000d0   Code   RO         4219    i.USART3_Init       usart3.o
    0x08004e1c   0x08004e1c   0x00000012   Code   RO         1354    i.USART_ClearFlag   stm32f10x_usart.o
    0x08004e2e   0x08004e2e   0x00000018   Code   RO         1358    i.USART_Cmd         stm32f10x_usart.o
    0x08004e46   0x08004e46   0x00000002   PAD
    0x08004e48   0x08004e48   0x0000009c   Code   RO         1360    i.USART_DeInit      stm32f10x_usart.o
    0x08004ee4   0x08004ee4   0x0000001a   Code   RO         1361    i.USART_GetFlagStatus  stm32f10x_usart.o
    0x08004efe   0x08004efe   0x00000054   Code   RO         1362    i.USART_GetITStatus  stm32f10x_usart.o
    0x08004f52   0x08004f52   0x0000004a   Code   RO         1364    i.USART_ITConfig    stm32f10x_usart.o
    0x08004f9c   0x08004f9c   0x000000d8   Code   RO         1365    i.USART_Init        stm32f10x_usart.o
    0x08005074   0x08005074   0x0000000a   Code   RO         1372    i.USART_ReceiveData  stm32f10x_usart.o
    0x0800507e   0x0800507e   0x00000008   Code   RO         1375    i.USART_SendData    stm32f10x_usart.o
    0x08005086   0x08005086   0x00000002   PAD
    0x08005088   0x08005088   0x000000ec   Code   RO           15    i.Update_Clock_Display  main.o
    0x08005174   0x08005174   0x00000504   Code   RO           16    i.Update_Sensor_Values  main.o
    0x08005678   0x08005678   0x00000004   Code   RO          317    i.UsageFault_Handler  stm32f10x_it.o
    0x0800567c   0x0800567c   0x00000020   Code   RO         4700    i.__0printf$8       mc_w.l(printf8.o)
    0x0800569c   0x0800569c   0x00000028   Code   RO         4702    i.__0sprintf$8      mc_w.l(printf8.o)
    0x080056c4   0x080056c4   0x00000024   Code   RO         4732    i.__0vsprintf       mc_w.l(printfa.o)
    0x080056e8   0x080056e8   0x00000028   Code   RO         4839    i.__ARM_fpclassify  m_ws.l(fpclassify.o)
    0x08005710   0x08005710   0x00000008   Code   RO         4823    i.__aeabi_errno_addr  mc_w.l(errno.o)
    0x08005718   0x08005718   0x00000388   Code   RO         4787    i.__ieee754_rem_pio2  m_ws.l(rred.o)
    0x08005aa0   0x08005aa0   0x000000fc   Code   RO         4770    i.__kernel_cos      m_ws.l(cos_i.o)
    0x08005b9c   0x08005b9c   0x000000aa   Code   RO         4841    i.__kernel_poly     m_ws.l(poly.o)
    0x08005c46   0x08005c46   0x00000002   PAD
    0x08005c48   0x08005c48   0x000000ec   Code   RO         4792    i.__kernel_sin      m_ws.l(sin_i.o)
    0x08005d34   0x08005d34   0x00000006   Code   RO         4774    i.__mathlib_dbl_infnan  m_ws.l(dunder.o)
    0x08005d3a   0x08005d3a   0x0000000c   Code   RO         4776    i.__mathlib_dbl_invalid  m_ws.l(dunder.o)
    0x08005d46   0x08005d46   0x00000002   PAD
    0x08005d48   0x08005d48   0x00000010   Code   RO         4779    i.__mathlib_dbl_underflow  m_ws.l(dunder.o)
    0x08005d58   0x08005d58   0x0000000e   Code   RO         4881    i.__scatterload_copy  mc_w.l(handlers.o)
    0x08005d66   0x08005d66   0x00000002   Code   RO         4882    i.__scatterload_null  mc_w.l(handlers.o)
    0x08005d68   0x08005d68   0x0000000e   Code   RO         4883    i.__scatterload_zeroinit  mc_w.l(handlers.o)
    0x08005d76   0x08005d76   0x00000002   PAD
    0x08005d78   0x08005d78   0x0000000c   Code   RO         4825    i.__set_errno       mc_w.l(errno.o)
    0x08005d84   0x08005d84   0x00000184   Code   RO         4733    i._fp_digits        mc_w.l(printfa.o)
    0x08005f08   0x08005f08   0x00000410   Code   RO         4707    i._printf_core      mc_w.l(printf8.o)
    0x08006318   0x08006318   0x000006dc   Code   RO         4734    i._printf_core      mc_w.l(printfa.o)
    0x080069f4   0x080069f4   0x00000024   Code   RO         4708    i._printf_post_padding  mc_w.l(printf8.o)
    0x08006a18   0x08006a18   0x00000024   Code   RO         4735    i._printf_post_padding  mc_w.l(printfa.o)
    0x08006a3c   0x08006a3c   0x0000002e   Code   RO         4709    i._printf_pre_padding  mc_w.l(printf8.o)
    0x08006a6a   0x08006a6a   0x0000002e   Code   RO         4736    i._printf_pre_padding  mc_w.l(printfa.o)
    0x08006a98   0x08006a98   0x0000000a   Code   RO         4711    i._sputc            mc_w.l(printf8.o)
    0x08006aa2   0x08006aa2   0x0000000a   Code   RO         4738    i._sputc            mc_w.l(printfa.o)
    0x08006aac   0x08006aac   0x0000009c   Code   RO         4465    i.cos               m_ws.l(cos.o)
    0x08006b48   0x08006b48   0x0000004c   Code   RO         4405    i.delay_ms          systick.o
    0x08006b94   0x08006b94   0x0000004c   Code   RO         4406    i.delay_us          systick.o
    0x08006be0   0x08006be0   0x0000004a   Code   RO           17    i.draw_circle       main.o
    0x08006c2a   0x08006c2a   0x00000002   PAD
    0x08006c2c   0x08006c2c   0x00000398   Code   RO           18    i.draw_dotline      main.o
    0x08006fc4   0x08006fc4   0x00000350   Code   RO           19    i.draw_hand         main.o
    0x08007314   0x08007314   0x00000340   Code   RO           20    i.draw_hand_clear   main.o
    0x08007654   0x08007654   0x00000024   Code   RO         4435    i.fputc             usart.o
    0x08007678   0x08007678   0x000000c6   Code   RO           21    i.get_circle        main.o
    0x0800773e   0x0800773e   0x00000002   PAD
    0x08007740   0x08007740   0x000009f4   Code   RO           22    i.main              main.o
    0x08008134   0x08008134   0x000000a0   Code   RO         4473    i.sin               m_ws.l(sin.o)
    0x080081d4   0x080081d4   0x00000050   Code   RO         4220    i.u3_printf         usart3.o
    0x08008224   0x08008224   0x0000004c   Data   RO           24    .constdata          main.o
    0x08008270   0x08008270   0x00004918   Data   RO         3485    .constdata          tftlcd.o
    0x0800cb88   0x0800cb88   0x00002580   Data   RO         3658    .constdata          bk_image.o
    0x0800f108   0x0800f108   0x00000018   Data   RO         3988    .constdata          rtc.o
    0x0800f120   0x0800f120   0x00000085   Data   RO         4063    .constdata          ws2812.o
    0x0800f1a5   0x0800f1a5   0x00000001   PAD
    0x0800f1a6   0x0800f1a6   0x0000029a   Data   RO         4303    .constdata          music.o
    0x0800f440   0x0800f440   0x0000005c   Data   RO         4371    .constdata          rgb_display.o
    0x0800f49c   0x0800f49c   0x00000004   PAD
    0x0800f4a0   0x0800f4a0   0x00000030   Data   RO         4771    .constdata          m_ws.l(cos_i.o)
    0x0800f4d0   0x0800f4d0   0x000000c8   Data   RO         4789    .constdata          m_ws.l(rred.o)
    0x0800f598   0x0800f598   0x00000028   Data   RO         4793    .constdata          m_ws.l(sin_i.o)
    0x0800f5c0   0x0800f5c0   0x00000081   Data   RO         4846    .constdata          mc_w.l(ctype_o.o)
    0x0800f641   0x0800f641   0x00000003   PAD
    0x0800f644   0x0800f644   0x00000004   Data   RO         4847    .constdata          mc_w.l(ctype_o.o)
    0x0800f648   0x0800f648   0x0000002b   Data   RO         4304    .conststring        music.o
    0x0800f673   0x0800f673   0x00000001   PAD
    0x0800f674   0x0800f674   0x00000020   Data   RO         4879    Region$$Table       anon$$obj.o


    Execution Region RW_IRAM1 (Exec base: 0x20000000, Load base: 0x0800f694, Size: 0x00000a90, Max: 0x00010000, ABSOLUTE)

    Exec Addr    Load Addr    Size         Type   Attr      Idx    E Section Name        Object

    0x20000000   0x0800f694   0x00000020   Data   RW           25    .data               main.o
    0x20000020   0x0800f6b4   0x00000014   Data   RW          548    .data               stm32f10x_rcc.o
    0x20000034   0x0800f6c8   0x0000000c   Data   RW         3486    .data               tftlcd.o
    0x20000040   0x0800f6d4   0x00000005   Data   RW         3782    .data               beep.o
    0x20000045   0x0800f6d9   0x00000003   PAD
    0x20000048   0x0800f6dc   0x00000005   Data   RW         3888    .data               hwjs.o
    0x2000004d   0x0800f6e1   0x00000001   Data   RW         3918    .data               key.o
    0x2000004e   0x0800f6e2   0x00000004   Data   RW         3989    .data               rtc.o
    0x20000052   0x0800f6e6   0x00000002   Data   RW         4222    .data               usart3.o
    0x20000054   0x0800f6e8   0x00000028   Data   RW         4305    .data               music.o
    0x2000007c   0x0800f710   0x00000004   Data   RW         4407    .data               systick.o
    0x20000080   0x0800f714   0x00000002   Data   RW         4437    .data               usart.o
    0x20000082   0x0800f716   0x00000002   PAD
    0x20000084   0x0800f718   0x00000004   Data   RW         4812    .data               mc_w.l(stdout.o)
    0x20000088   0x0800f71c   0x00000004   Data   RW         4826    .data               mc_w.l(errno.o)
    0x2000008c        -       0x00000034   Zero   RW           23    .bss                main.o
    0x200000c0        -       0x0000000a   Zero   RW         3987    .bss                rtc.o
    0x200000ca        -       0x0000004b   Zero   RW         4062    .bss                ws2812.o
    0x20000115        -       0x000004b0   Zero   RW         4221    .bss                usart3.o
    0x200005c5        -       0x000000c8   Zero   RW         4436    .bss                usart.o
    0x2000068d   0x0800f720   0x00000003   PAD
    0x20000690        -       0x00000400   Zero   RW          394    STACK               startup_stm32f10x_hd.o


==============================================================================

Image component sizes


      Code (inc. data)   RO Data    RW Data    ZI Data      Debug   Object Name

       240         42          0          5          0       1809   beep.o
         0          0       9600          0          0        544   bk_image.o
       450         38          0          0          0       4625   dht11.o
       568         86          0          0          0       2435   hc05.o
       300         24          0          5          0       2004   hwjs.o
       220         20          0          1          0       1134   key.o
        76          8          0          0          0        483   led.o
       272         16          0          0          0       1668   lsens.o
     12208       3254         76         32         52     291173   main.o
       172         22          0          0          0       2221   misc.o
      1544        588        709         40          0       7935   music.o
       160         14          0          0          0        732   pwm.o
       116          0         92          0          0       1503   rgb_display.o
       914         42         24          4         10       5481   rtc.o
        36          8        304          0       1024        844   startup_stm32f10x_hd.o
       486         24          0          0          0       9046   stm32f10x_adc.o
        72         10          0          0          0       2848   stm32f10x_bkp.o
       160         12          0          0          0       1621   stm32f10x_exti.o
       282          6          0          0          0       1941   stm32f10x_fsmc.o
       512         10          0          0          0       5372   stm32f10x_gpio.o
        26          0          0          0          0       3794   stm32f10x_it.o
        12          6          0          0          0        546   stm32f10x_pwr.o
       524         76          0         20          0       9344   stm32f10x_rcc.o
       260         48          0          0          0       5520   stm32f10x_rtc.o
       654         62          0          0          0       9416   stm32f10x_tim.o
       616         28          0          0          0       7710   stm32f10x_usart.o
       328         28          0          0          0       1929   system_stm32f10x.o
       212         16          0          4          0       1717   systick.o
      2008        104      18712         12          0      13562   tftlcd.o
       196         26          0          0          0       1544   time.o
       348         28          0          2        200       2336   usart.o
       400         44          0          2       1200       3214   usart3.o
      1136        174        133          0         75       8174   ws2812.o

    ----------------------------------------------------------------------
     25556       4864      29688        132       2564     414225   Object Totals
         0          0         32          0          0          0   (incl. Generated)
        48          0          6          5          3          0   (incl. Padding)

    ----------------------------------------------------------------------

      Code (inc. data)   RO Data    RW Data    ZI Data      Debug   Library Member Name

       156          8          0          0          0        104   cos.o
       252         22         48          0          0        124   cos_i.o
        34          6          0          0          0        204   dunder.o
        40          0          0          0          0         68   fpclassify.o
       170          0          0          0          0         96   poly.o
       904         76        200          0          0        140   rred.o
       160         10          0          0          0        108   sin.o
       236         12         40          0          0        128   sin_i.o
        28          0          0          0          0         68   _chval.o
       158          0          0          0          0         92   _strtoul.o
        26          0          0          0          0         80   atoi.o
         8          4        133          0          0         68   ctype_o.o
         0          0          0          0          0          0   entry.o
         0          0          0          0          0          0   entry10a.o
         0          0          0          0          0          0   entry11a.o
         8          4          0          0          0          0   entry2.o
         4          0          0          0          0          0   entry5.o
         0          0          0          0          0          0   entry7b.o
         0          0          0          0          0          0   entry8b.o
         8          4          0          0          0          0   entry9a.o
        20         10          0          4          0        136   errno.o
        30          0          0          0          0          0   handlers.o
        36          8          0          0          0         68   init.o
         0          0          0          0          0          0   iusefp.o
        30          0          0          0          0         68   llshl.o
        36          0          0          0          0         68   llsshr.o
        32          0          0          0          0         68   llushr.o
        36          0          0          0          0         68   memcpya.o
      1204         60          0          0          0        504   printf8.o
      2272         86          0          0          0        516   printfa.o
         0          0          0          4          0          0   stdout.o
        28          0          0          0          0         76   strcmp.o
        14          0          0          0          0         68   strlen.o
        30          0          0          0          0         80   strncmp.o
       112          0          0          0          0         88   strtol.o
        44          0          0          0          0         80   uidiv.o
        98          0          0          0          0         92   uldiv.o
        48          0          0          0          0         68   cdrcmple.o
       334          0          0          0          0        148   dadd.o
       222          0          0          0          0        100   ddiv.o
       186          0          0          0          0        176   depilogue.o
        62          0          0          0          0         80   dfixi.o
        48          0          0          0          0         68   dfixul.o
        34          0          0          0          0         76   dflti.o
        26          0          0          0          0         76   dfltui.o
       228          0          0          0          0         96   dmul.o
        46          0          0          0          0         80   dscalb.o

    ----------------------------------------------------------------------
      7456        310        424          8          0       4228   Library Totals
         8          0          3          0          0          0   (incl. Padding)

    ----------------------------------------------------------------------

      Code (inc. data)   RO Data    RW Data    ZI Data      Debug   Library Name

      1952        134        288          0          0        972   m_ws.l
      4262        176        133          8          0       2288   mc_w.l
      1234          0          0          0          0        968   mf_w.l

    ----------------------------------------------------------------------
      7456        310        424          8          0       4228   Library Totals

    ----------------------------------------------------------------------

==============================================================================


      Code (inc. data)   RO Data    RW Data    ZI Data      Debug   

     33012       5174      30112        140       2564     406697   Grand Totals
     33012       5174      30112        140       2564     406697   ELF Image Totals
     33012       5174      30112        140          0          0   ROM Totals

==============================================================================

    Total RO  Size (Code + RO Data)                63124 (  61.64kB)
    Total RW  Size (RW Data + ZI Data)              2704 (   2.64kB)
    Total ROM Size (Code + RO Data + RW Data)      63264 (  61.78kB)

==============================================================================

